Component: ARM Compiler 5.06 update 7 (build 960) Tool: armlink [4d3601]

==============================================================================

Section Cross References

    startup_stm32f407xx.o(STACK) refers (Special) to heapauxi.o(.text) for __use_two_region_memory
    startup_stm32f407xx.o(HEAP) refers (Special) to heapauxi.o(.text) for __use_two_region_memory
    startup_stm32f407xx.o(RESET) refers (Special) to heapauxi.o(.text) for __use_two_region_memory
    startup_stm32f407xx.o(RESET) refers to startup_stm32f407xx.o(STACK) for __initial_sp
    startup_stm32f407xx.o(RESET) refers to startup_stm32f407xx.o(.text) for Reset_Handler
    startup_stm32f407xx.o(RESET) refers to stm32f4xx_it.o(i.NMI_Handler) for NMI_Handler
    startup_stm32f407xx.o(RESET) refers to stm32f4xx_it.o(i.HardFault_Handler) for HardFault_Handler
    startup_stm32f407xx.o(RESET) refers to stm32f4xx_it.o(i.MemManage_Handler) for MemManage_Handler
    startup_stm32f407xx.o(RESET) refers to stm32f4xx_it.o(i.BusFault_Handler) for BusFault_Handler
    startup_stm32f407xx.o(RESET) refers to stm32f4xx_it.o(i.UsageFault_Handler) for UsageFault_Handler
    startup_stm32f407xx.o(RESET) refers to port.o(.emb_text) for SVC_Handler
    startup_stm32f407xx.o(RESET) refers to stm32f4xx_it.o(i.DebugMon_Handler) for DebugMon_Handler
    startup_stm32f407xx.o(RESET) refers to stm32f4xx_it.o(i.SysTick_Handler) for SysTick_Handler
    startup_stm32f407xx.o(RESET) refers to stm32f4xx_it.o(i.EXTI0_IRQHandler) for EXTI0_IRQHandler
    startup_stm32f407xx.o(RESET) refers to stm32f4xx_it.o(i.EXTI3_IRQHandler) for EXTI3_IRQHandler
    startup_stm32f407xx.o(RESET) refers to stm32f4xx_it.o(i.EXTI4_IRQHandler) for EXTI4_IRQHandler
    startup_stm32f407xx.o(RESET) refers to stm32f4xx_it.o(i.DMA1_Stream1_IRQHandler) for DMA1_Stream1_IRQHandler
    startup_stm32f407xx.o(RESET) refers to stm32f4xx_it.o(i.CAN1_TX_IRQHandler) for CAN1_TX_IRQHandler
    startup_stm32f407xx.o(RESET) refers to stm32f4xx_it.o(i.CAN1_RX0_IRQHandler) for CAN1_RX0_IRQHandler
    startup_stm32f407xx.o(RESET) refers to stm32f4xx_it.o(i.EXTI9_5_IRQHandler) for EXTI9_5_IRQHandler
    startup_stm32f407xx.o(RESET) refers to stm32f4xx_it.o(i.USART3_IRQHandler) for USART3_IRQHandler
    startup_stm32f407xx.o(RESET) refers to stm32f4xx_it.o(i.DMA2_Stream1_IRQHandler) for DMA2_Stream1_IRQHandler
    startup_stm32f407xx.o(RESET) refers to stm32f4xx_it.o(i.CAN2_TX_IRQHandler) for CAN2_TX_IRQHandler
    startup_stm32f407xx.o(RESET) refers to stm32f4xx_it.o(i.CAN2_RX0_IRQHandler) for CAN2_RX0_IRQHandler
    startup_stm32f407xx.o(RESET) refers to stm32f4xx_it.o(i.DMA2_Stream5_IRQHandler) for DMA2_Stream5_IRQHandler
    startup_stm32f407xx.o(RESET) refers to stm32f4xx_it.o(i.DMA2_Stream6_IRQHandler) for DMA2_Stream6_IRQHandler
    startup_stm32f407xx.o(RESET) refers to stm32f4xx_it.o(i.USART6_IRQHandler) for USART6_IRQHandler
    startup_stm32f407xx.o(.text) refers (Special) to heapauxi.o(.text) for __use_two_region_memory
    startup_stm32f407xx.o(.text) refers to system_stm32f4xx.o(i.SystemInit) for SystemInit
    startup_stm32f407xx.o(.text) refers to __main.o(!!!main) for __main
    startup_stm32f407xx.o(.text) refers to startup_stm32f407xx.o(HEAP) for Heap_Mem
    startup_stm32f407xx.o(.text) refers to startup_stm32f407xx.o(STACK) for Stack_Mem
    main.o(i.SystemClock_Config) refers to rt_memclr_w.o(.text) for __aeabi_memclr4
    main.o(i.SystemClock_Config) refers to stm32f4xx_hal_rcc.o(i.HAL_RCC_OscConfig) for HAL_RCC_OscConfig
    main.o(i.SystemClock_Config) refers to stm32f4xx_hal_rcc.o(i.HAL_RCC_ClockConfig) for HAL_RCC_ClockConfig
    main.o(i.main) refers to stm32f4xx_hal.o(i.HAL_Init) for HAL_Init
    main.o(i.main) refers to main.o(i.SystemClock_Config) for SystemClock_Config
    main.o(i.main) refers to gpio.o(i.MX_GPIO_Init) for MX_GPIO_Init
    main.o(i.main) refers to dma.o(i.MX_DMA_Init) for MX_DMA_Init
    main.o(i.main) refers to can.o(i.MX_CAN1_Init) for MX_CAN1_Init
    main.o(i.main) refers to can.o(i.MX_CAN2_Init) for MX_CAN2_Init
    main.o(i.main) refers to usart.o(i.MX_USART3_UART_Init) for MX_USART3_UART_Init
    main.o(i.main) refers to usart.o(i.MX_USART1_UART_Init) for MX_USART1_UART_Init
    main.o(i.main) refers to usart.o(i.MX_USART6_UART_Init) for MX_USART6_UART_Init
    main.o(i.main) refers to cmsis_os2.o(i.osKernelInitialize) for osKernelInitialize
    main.o(i.main) refers to freertos.o(i.MX_FREERTOS_Init) for MX_FREERTOS_Init
    main.o(i.main) refers to cmsis_os2.o(i.osKernelStart) for osKernelStart
    gpio.o(i.MX_GPIO_Init) refers to rt_memclr_w.o(.text) for __aeabi_memclr4
    gpio.o(i.MX_GPIO_Init) refers to stm32f4xx_hal_gpio.o(i.HAL_GPIO_WritePin) for HAL_GPIO_WritePin
    gpio.o(i.MX_GPIO_Init) refers to stm32f4xx_hal_gpio.o(i.HAL_GPIO_Init) for HAL_GPIO_Init
    gpio.o(i.MX_GPIO_Init) refers to stm32f4xx_hal_cortex.o(i.HAL_NVIC_SetPriority) for HAL_NVIC_SetPriority
[...]
    __scatterload_null                       0x0800019f   Thumb Code     0  __scatter.o(!!!scatter)
    __scatterload_copy                       0x080001c5   Thumb Code    26  __scatter_copy.o(!!handler_copy)
    __scatterload_zeroinit                   0x080001e1   Thumb Code    28  __scatter_zi.o(!!handler_zi)
    __rt_lib_init                            0x080001fd   Thumb Code     0  libinit.o(.ARM.Collect$$libinit$$00000000)
    __rt_lib_init_fp_1                       0x080001ff   Thumb Code     0  libinit2.o(.ARM.Collect$$libinit$$00000001)
    __rt_lib_init_alloca_1                   0x08000203   Thumb Code     0  libinit2.o(.ARM.Collect$$libinit$$0000002E)
    __rt_lib_init_argv_1                     0x08000203   Thumb Code     0  libinit2.o(.ARM.Collect$$libinit$$0000002C)
    __rt_lib_init_atexit_1                   0x08000203   Thumb Code     0  libinit2.o(.ARM.Collect$$libinit$$0000001B)
    __rt_lib_init_clock_1                    0x08000203   Thumb Code     0  libinit2.o(.ARM.Collect$$libinit$$00000021)
    __rt_lib_init_cpp_1                      0x08000203   Thumb Code     0  libinit2.o(.ARM.Collect$$libinit$$00000032)
    __rt_lib_init_exceptions_1               0x08000203   Thumb Code     0  libinit2.o(.ARM.Collect$$libinit$$00000030)
    __rt_lib_init_fp_trap_1                  0x08000203   Thumb Code     0  libinit2.o(.ARM.Collect$$libinit$$0000001F)
    __rt_lib_init_getenv_1                   0x08000203   Thumb Code     0  libinit2.o(.ARM.Collect$$libinit$$00000023)
    __rt_lib_init_heap_1                     0x08000203   Thumb Code     0  libinit2.o(.ARM.Collect$$libinit$$0000000A)
    __rt_lib_init_lc_collate_1               0x08000203   Thumb Code     0  libinit2.o(.ARM.Collect$$libinit$$00000011)
    __rt_lib_init_lc_ctype_1                 0x08000203   Thumb Code     0  libinit2.o(.ARM.Collect$$libinit$$00000013)
    __rt_lib_init_lc_monetary_1              0x08000203   Thumb Code     0  libinit2.o(.ARM.Collect$$libinit$$00000015)
    __rt_lib_init_lc_numeric_1               0x08000203   Thumb Code     0  libinit2.o(.ARM.Collect$$libinit$$00000017)
    __rt_lib_init_lc_time_1                  0x08000203   Thumb Code     0  libinit2.o(.ARM.Collect$$libinit$$00000019)
    __rt_lib_init_preinit_1                  0x08000203   Thumb Code     0  libinit2.o(.ARM.Collect$$libinit$$00000004)
    __rt_lib_init_rand_1                     0x08000203   Thumb Code     0  libinit2.o(.ARM.Collect$$libinit$$0000000E)
    __rt_lib_init_return                     0x08000203   Thumb Code     0  libinit2.o(.ARM.Collect$$libinit$$00000033)
    __rt_lib_init_signal_1                   0x08000203   Thumb Code     0  libinit2.o(.ARM.Collect$$libinit$$0000001D)
    __rt_lib_init_stdio_1                    0x08000203   Thumb Code     0  libinit2.o(.ARM.Collect$$libinit$$00000025)
    __rt_lib_init_user_alloc_1               0x08000203   Thumb Code     0  libinit2.o(.ARM.Collect$$libinit$$0000000C)
    __rt_lib_shutdown                        0x08000205   Thumb Code     0  libshutdown.o(.ARM.Collect$$libshutdown$$00000000)
    __rt_lib_shutdown_cpp_1                  0x08000207   Thumb Code     0  libshutdown2.o(.ARM.Collect$$libshutdown$$00000004)
    __rt_lib_shutdown_fini_1                 0x08000207   Thumb Code     0  libshutdown2.o(.ARM.Collect$$libshutdown$$00000002)
    __rt_lib_shutdown_fp_trap_1              0x08000207   Thumb Code     0  libshutdown2.o(.ARM.Collect$$libshutdown$$00000009)
    __rt_lib_shutdown_heap_1                 0x08000207   Thumb Code     0  libshutdown2.o(.ARM.Collect$$libshutdown$$00000011)
    __rt_lib_shutdown_return                 0x08000207   Thumb Code     0  libshutdown2.o(.ARM.Collect$$libshutdown$$00000012)
    __rt_lib_shutdown_signal_1               0x08000207   Thumb Code     0  libshutdown2.o(.ARM.Collect$$libshutdown$$0000000C)
    __rt_lib_shutdown_stdio_1                0x08000207   Thumb Code     0  libshutdown2.o(.ARM.Collect$$libshutdown$$00000006)
    __rt_lib_shutdown_user_alloc_1           0x08000207   Thumb Code     0  libshutdown2.o(.ARM.Collect$$libshutdown$$0000000E)
    __rt_entry                               0x08000209   Thumb Code     0  __rtentry.o(.ARM.Collect$$rtentry$$00000000)
    __rt_entry_presh_1                       0x08000209   Thumb Code     0  __rtentry2.o(.ARM.Collect$$rtentry$$00000002)
    __rt_entry_sh                            0x08000209   Thumb Code     0  __rtentry4.o(.ARM.Collect$$rtentry$$00000004)
    __rt_entry_li                            0x0800020f   Thumb Code     0  __rtentry2.o(.ARM.Collect$$rtentry$$0000000A)
    __rt_entry_postsh_1                      0x0800020f   Thumb Code     0  __rtentry2.o(.ARM.Collect$$rtentry$$00000009)
    __rt_entry_main                          0x08000213   Thumb Code     0  __rtentry2.o(.ARM.Collect$$rtentry$$0000000D)
    __rt_entry_postli_1                      0x08000213   Thumb Code     0  __rtentry2.o(.ARM.Collect$$rtentry$$0000000C)
    __rt_exit                                0x0800021b   Thumb Code     0  rtexit.o(.ARM.Collect$$rtexit$$00000000)
    __rt_exit_ls                             0x0800021d   Thumb Code     0  rtexit2.o(.ARM.Collect$$rtexit$$00000003)
    __rt_exit_prels_1                        0x0800021d   Thumb Code     0  rtexit2.o(.ARM.Collect$$rtexit$$00000002)
    __rt_exit_exit                           0x08000221   Thumb Code     0  rtexit2.o(.ARM.Collect$$rtexit$$00000004)
    SVC_Handler                              0x08000229   Thumb Code    28  port.o(.emb_text)
    __asm___6_port_c_39a90d8d__prvStartFirstTask 0x08000249   Thumb Code    36  port.o(.emb_text)
    __asm___6_port_c_39a90d8d__prvEnableVFP  0x08000271   Thumb Code    16  port.o(.emb_text)
    PendSV_Handler                           0x08000285   Thumb Code    88  port.o(.emb_text)
    vPortGetIPSR                             0x080002e1   Thumb Code     6  port.o(.emb_text)
    Reset_Handler                            0x080002e9   Thumb Code     8  startup_stm32f407xx.o(.text)
    ADC_IRQHandler                           0x08000303   Thumb Code     0  startup_stm32f407xx.o(.text)
    CAN1_RX1_IRQHandler                      0x08000303   Thumb Code     0  startup_stm32f407xx.o(.text)
    CAN1_SCE_IRQHandler                      0x08000303   Thumb Code     0  startup_stm32f407xx.o(.text)
    CAN2_RX1_IRQHandler                      0x08000303   Thumb Code     0  startup_stm32f407xx.o(.text)
    CAN2_SCE_IRQHandler                      0x08000303   Thumb Code     0  startup_stm32f407xx.o(.text)
    DCMI_IRQHandler                          0x08000303   Thumb Code     0  startup_stm32f407xx.o(.text)
    DMA1_Stream0_IRQHandler                  0x08000303   Thumb Code     0  startup_stm32f407xx.o(.text)
    DMA1_Stream2_IRQHandler                  0x08000303   Thumb Code     0  startup_stm32f407xx.o(.text)
    DMA1_Stream3_IRQHandler                  0x08000303   Thumb Code     0  startup_stm32f407xx.o(.text)
    DMA1_Stream4_IRQHandler                  0x08000303   Thumb Code     0  startup_stm32f407xx.o(.text)
    DMA1_Stream5_IRQHandler                  0x08000303   Thumb Code     0  startup_stm32f407xx.o(.text)
    DMA1_Stream6_IRQHandler                  0x08000303   Thumb Code     0  startup_stm32f407xx.o(.text)
    DMA1_Stream7_IRQHandler                  0x08000303   Thumb Code     0  startup_stm32f407xx.o(.text)
    DMA2_Stream0_IRQHandler                  0x08000303   Thumb Code     0  startup_stm32f407xx.o(.text)
    DMA2_Stream2_IRQHandler                  0x08000303   Thumb Code     0  startup_stm32f407xx.o(.text)
    DMA2_Stream3_IRQHandler                  0x08000303   Thumb Code     0  startup_stm32f407xx.o(.text)
    DMA2_Stream4_IRQHandler                  0x08000303   Thumb Code     0  startup_stm32f407xx.o(.text)
    DMA2_Stream7_IRQHandler                  0x08000303   Thumb Code     0  startup_stm32f407xx.o(.text)
    ETH_IRQHandler                           0x08000303   Thumb Code     0  startup_stm32f407xx.o(.text)
    ETH_WKUP_IRQHandler                      0x08000303   Thumb Code     0  startup_stm32f407xx.o(.text)
    EXTI15_10_IRQHandler                     0x08000303   Thumb Code     0  startup_stm32f407xx.o(.text)
    EXTI1_IRQHandler                         0x08000303   Thumb Code     0  startup_stm32f407xx.o(.text)
    EXTI2_IRQHandler                         0x08000303   Thumb Code     0  startup_stm32f407xx.o(.text)
    FLASH_IRQHandler                         0x08000303   Thumb Code     0  startup_stm32f407xx.o(.text)
    FMC_IRQHandler                           0x08000303   Thumb Code     0  startup_stm32f407xx.o(.text)
    FPU_IRQHandler                           0x08000303   Thumb Code     0  startup_stm32f407xx.o(.text)
    HASH_RNG_IRQHandler                      0x08000303   Thumb Code     0  startup_stm32f407xx.o(.text)
    I2C1_ER_IRQHandler                       0x08000303   Thumb Code     0  startup_stm32f407xx.o(.text)
    I2C1_EV_IRQHandler                       0x08000303   Thumb Code     0  startup_stm32f407xx.o(.text)
    I2C2_ER_IRQHandler                       0x08000303   Thumb Code     0  startup_stm32f407xx.o(.text)
    I2C2_EV_IRQHandler                       0x08000303   Thumb Code     0  startup_stm32f407xx.o(.text)
    I2C3_ER_IRQHandler                       0x08000303   Thumb Code     0  startup_stm32f407xx.o(.text)
    I2C3_EV_IRQHandler                       0x08000303   Thumb Code     0  startup_stm32f407xx.o(.text)
    OTG_FS_IRQHandler                        0x08000303   Thumb Code     0  startup_stm32f407xx.o(.text)
    OTG_FS_WKUP_IRQHandler                   0x08000303   Thumb Code     0  startup_stm32f407xx.o(.text)
    OTG_HS_EP1_IN_IRQHandler                 0x08000303   Thumb Code     0  startup_stm32f407xx.o(.text)
    OTG_HS_EP1_OUT_IRQHandler                0x08000303   Thumb Code     0  startup_stm32f407xx.o(.text)
    OTG_HS_IRQHandler                        0x08000303   Thumb Code     0  startup_stm32f407xx.o(.text)
    OTG_HS_WKUP_IRQHandler                   0x08000303   Thumb Code     0  startup_stm32f407xx.o(.text)
    PVD_IRQHandler                           0x08000303   Thumb Code     0  startup_stm32f407xx.o(.text)
    RCC_IRQHandler                           0x08000303   Thumb Code     0  startup_stm32f407xx.o(.text)
    RTC_Alarm_IRQHandler                     0x08000303   Thumb Code     0  startup_stm32f407xx.o(.text)
    RTC_WKUP_IRQHandler                      0x08000303   Thumb Code     0  startup_stm32f407xx.o(.text)
    SDIO_IRQHandler                          0x08000303   Thumb Code     0  startup_stm32f407xx.o(.text)
    SPI1_IRQHandler                          0x08000303   Thumb Code     0  startup_stm32f407xx.o(.text)
    SPI2_IRQHandler                          0x08000303   Thumb Code     0  startup_stm32f407xx.o(.text)
    SPI3_IRQHandler                          0x08000303   Thumb Code     0  startup_stm32f407xx.o(.text)
    TAMP_STAMP_IRQHandler                    0x08000303   Thumb Code     0  startup_stm32f407xx.o(.text)
    TIM1_BRK_TIM9_IRQHandler                 0x08000303   Thumb Code     0  startup_stm32f407xx.o(.text)
    TIM1_CC_IRQHandler                       0x08000303   Thumb Code     0  startup_stm32f407xx.o(.text)
    TIM1_TRG_COM_TIM11_IRQHandler            0x08000303   Thumb Code     0  startup_stm32f407xx.o(.text)
    TIM1_UP_TIM10_IRQHandler                 0x08000303   Thumb Code     0  startup_stm32f407xx.o(.text)
    TIM2_IRQHandler                          0x08000303   Thumb Code     0  startup_stm32f407xx.o(.text)
    TIM3_IRQHandler                          0x08000303   Thumb Code     0  startup_stm32f407xx.o(.text)
    TIM4_IRQHandler                          0x08000303   Thumb Code     0  startup_stm32f407xx.o(.text)
    TIM5_IRQHandler                          0x08000303   Thumb Code     0  startup_stm32f407xx.o(.text)
    TIM6_DAC_IRQHandler                      0x08000303   Thumb Code     0  startup_stm32f407xx.o(.text)
    TIM7_IRQHandler                          0x08000303   Thumb Code     0  startup_stm32f407xx.o(.text)
    TIM8_BRK_TIM12_IRQHandler                0x08000303   Thumb Code     0  startup_stm32f407xx.o(.text)
    TIM8_CC_IRQHandler                       0x08000303   Thumb Code     0  startup_stm32f407xx.o(.text)
    TIM8_TRG_COM_TIM14_IRQHandler            0x08000303   Thumb Code     0  startup_stm32f407xx.o(.text)
    TIM8_UP_TIM13_IRQHandler                 0x08000303   Thumb Code     0  startup_stm32f407xx.o(.text)
    UART4_IRQHandler                         0x08000303   Thumb Code     0  startup_stm32f407xx.o(.text)
    UART5_IRQHandler                         0x08000303   Thumb Code     0  startup_stm32f407xx.o(.text)
    USART1_IRQHandler                        0x08000303   Thumb Code     0  startup_stm32f407xx.o(.text)
    USART2_IRQHandler                        0x08000303   Thumb Code     0  startup_stm32f407xx.o(.text)
    WWDG_IRQHandler                          0x08000303   Thumb Code     0  startup_stm32f407xx.o(.text)
    __user_initial_stackheap                 0x08000305   Thumb Code     0  startup_stm32f407xx.o(.text)
    __aeabi_uldivmod                         0x08000329   Thumb Code     0  lludivv7m.o(.text)
    _ll_udiv                                 0x08000329   Thumb Code   238  lludivv7m.o(.text)
    __aeabi_memcpy                           0x08000417   Thumb Code     0  rt_memcpy_v6.o(.text)
    __rt_memcpy                              0x08000417   Thumb Code   138  rt_memcpy_v6.o(.text)
    _memcpy_lastbytes                        0x0800047d   Thumb Code     0  rt_memcpy_v6.o(.text)
    __aeabi_memcpy4                          0x080004a1   Thumb Code     0  rt_memcpy_w.o(.text)
    __aeabi_memcpy8                          0x080004a1   Thumb Code     0  rt_memcpy_w.o(.text)
    __rt_memcpy_w                            0x080004a1   Thumb Code   100  rt_memcpy_w.o(.text)
    _memcpy_lastbytes_aligned                0x080004e9   Thumb Code     0  rt_memcpy_w.o(.text)
    __aeabi_memset                           0x08000505   Thumb Code    16  aeabi_memset.o(.text)
    __aeabi_memclr4                          0x08000515   Thumb Code     0  rt_memclr_w.o(.text)
    __aeabi_memclr8                          0x08000515   Thumb Code     0  rt_memclr_w.o(.text)
    __rt_memclr_w                            0x08000515   Thumb Code    78  rt_memclr_w.o(.text)
    _memset_w                                0x08000519   Thumb Code     0  rt_memclr_w.o(.text)
    __use_two_region_memory                  0x08000563   Thumb Code     2  heapauxi.o(.text)
    __rt_heap_escrow                         0x08000565   Thumb Code     2  heapauxi.o(.text)
    __rt_heap_expand                         0x08000567   Thumb Code     2  heapauxi.o(.text)
    __read_errno                             0x08000569   Thumb Code    10  _rserrno.o(.text)
    __set_errno                              0x08000573   Thumb Code    12  _rserrno.o(.text)
    __aeabi_memclr                           0x0800057f   Thumb Code     0  rt_memclr.o(.text)
    __rt_memclr                              0x0800057f   Thumb Code    68  rt_memclr.o(.text)
    _memset                                  0x08000583   Thumb Code     0  rt_memclr.o(.text)
    __user_libspace                          0x080005c5   Thumb Code     8  libspace.o(.text)
    __user_perproc_libspace                  0x080005c5   Thumb Code     0  libspace.o(.text)
    __user_perthread_libspace                0x080005c5   Thumb Code     0  libspace.o(.text)
    __aeabi_errno_addr                       0x080005cd   Thumb Code     8  rt_errno_addr_intlibspace.o(.text)
    __errno$intlibspace                      0x080005cd   Thumb Code     0  rt_errno_addr_intlibspace.o(.text)
    __rt_errno_addr$intlibspace              0x080005cd   Thumb Code     0  rt_errno_addr_intlibspace.o(.text)
    __I$use$semihosting                      0x080005d5   Thumb Code     0  use_no_semi.o(.text)
    __use_no_semihosting_swi                 0x080005d5   Thumb Code     2  use_no_semi.o(.text)
    __semihosting_library_function           0x080005d7   Thumb Code     0  indicate_semi.o(.text)
    __user_setup_stackheap                   0x080005d7   Thumb Code    74  sys_stackheap_outer.o(.text)
    exit                                     0x08000621   Thumb Code    18  exit.o(.text)
    _sys_exit                                0x08000635   Thumb Code     8  sys_exit.o(.text)
    BusFault_Handler                         0x08000641   Thumb Code     2  stm32f4xx_it.o(i.BusFault_Handler)
    CAN1_RX0_IRQHandler                      0x08000645   Thumb Code     6  stm32f4xx_it.o(i.CAN1_RX0_IRQHandler)
    CAN1_TX_IRQHandler                       0x08000651   Thumb Code     6  stm32f4xx_it.o(i.CAN1_TX_IRQHandler)
    CAN2_RX0_IRQHandler                      0x0800065d   Thumb Code     6  stm32f4xx_it.o(i.CAN2_RX0_IRQHandler)
    CAN2_TX_IRQHandler                       0x08000669   Thumb Code     6  stm32f4xx_it.o(i.CAN2_TX_IRQHandler)
    CAN_send                                 0x08000675   Thumb Code    80  canbus.o(i.CAN_send)
    DMA1_Stream1_IRQHandler                  0x080006cd   Thumb Code     6  stm32f4xx_it.o(i.DMA1_Stream1_IRQHandler)
    DMA2_Stream1_IRQHandler                  0x080006d9   Thumb Code     6  stm32f4xx_it.o(i.DMA2_Stream1_IRQHandler)
    DMA2_Stream5_IRQHandler                  0x080006e5   Thumb Code     6  stm32f4xx_it.o(i.DMA2_Stream5_IRQHandler)
    DMA2_Stream6_IRQHandler                  0x080006f1   Thumb Code     6  stm32f4xx_it.o(i.DMA2_Stream6_IRQHandler)
    DebugMon_Handler                         0x08000779   Thumb Code     2  stm32f4xx_it.o(i.DebugMon_Handler)
    EXTI0_IRQHandler                         0x0800077b   Thumb Code     6  stm32f4xx_it.o(i.EXTI0_IRQHandler)
    EXTI3_IRQHandler                         0x08000781   Thumb Code     6  stm32f4xx_it.o(i.EXTI3_IRQHandler)
    EXTI4_IRQHandler                         0x08000787   Thumb Code     6  stm32f4xx_it.o(i.EXTI4_IRQHandler)
    EXTI9_5_IRQHandler                       0x0800078d   Thumb Code     6  stm32f4xx_it.o(i.EXTI9_5_IRQHandler)
    Error_Handler                            0x08000793   Thumb Code     4  main.o(i.Error_Handler)
    HAL_CAN_AddTxMessage                     0x08000797   Thumb Code   220  stm32f4xx_hal_can.o(i.HAL_CAN_AddTxMessage)
    HAL_CAN_ErrorCallback                    0x08000873   Thumb Code     2  stm32f4xx_hal_can.o(i.HAL_CAN_ErrorCallback)
    HAL_CAN_GetRxMessage                     0x08000875   Thumb Code   232  stm32f4xx_hal_can.o(i.HAL_CAN_GetRxMessage)
    HAL_CAN_IRQHandler                       0x0800095d   Thumb Code   508  stm32f4xx_hal_can.o(i.HAL_CAN_IRQHandler)
    HAL_CAN_Init                             0x08000b59   Thumb Code   282  stm32f4xx_hal_can.o(i.HAL_CAN_Init)
    HAL_CAN_MspInit                          0x08000c75   Thumb Code   258  can.o(i.HAL_CAN_MspInit)
    HAL_CAN_RxFifo0FullCallback              0x08000d91   Thumb Code     2  stm32f4xx_hal_can.o(i.HAL_CAN_RxFifo0FullCallback)
    HAL_CAN_RxFifo0MsgPendingCallback        0x08000d95   Thumb Code   184  canbus.o(i.HAL_CAN_RxFifo0MsgPendingCallback)
    HAL_CAN_RxFifo1FullCallback              0x08000e71   Thumb Code     2  stm32f4xx_hal_can.o(i.HAL_CAN_RxFifo1FullCallback)
    HAL_CAN_RxFifo1MsgPendingCallback        0x08000e73   Thumb Code     2  stm32f4xx_hal_can.o(i.HAL_CAN_RxFifo1MsgPendingCallback)
    HAL_CAN_SleepCallback                    0x08000e75   Thumb Code     2  stm32f4xx_hal_can.o(i.HAL_CAN_SleepCallback)
    HAL_CAN_TxMailbox0AbortCallback          0x08000e77   Thumb Code     2  stm32f4xx_hal_can.o(i.HAL_CAN_TxMailbox0AbortCallback)
    HAL_CAN_TxMailbox0CompleteCallback       0x08000e79   Thumb Code     2  stm32f4xx_hal_can.o(i.HAL_CAN_TxMailbox0CompleteCallback)
    HAL_CAN_TxMailbox1AbortCallback          0x08000e7b   Thumb Code     2  stm32f4xx_hal_can.o(i.HAL_CAN_TxMailbox1AbortCallback)
    HAL_CAN_TxMailbox1CompleteCallback       0x08000e7d   Thumb Code     2  stm32f4xx_hal_can.o(i.HAL_CAN_TxMailbox1CompleteCallback)
    HAL_CAN_TxMailbox2AbortCallback          0x08000e7f   Thumb Code     2  stm32f4xx_hal_can.o(i.HAL_CAN_TxMailbox2AbortCallback)
    HAL_CAN_TxMailbox2CompleteCallback       0x08000e81   Thumb Code     2  stm32f4xx_hal_can.o(i.HAL_CAN_TxMailbox2CompleteCallback)
    HAL_CAN_WakeUpFromRxMsgCallback          0x08000e83   Thumb Code     2  stm32f4xx_hal_can.o(i.HAL_CAN_WakeUpFromRxMsgCallback)
    HAL_DMA_Abort                            0x08000e85   Thumb Code   146  stm32f4xx_hal_dma.o(i.HAL_DMA_Abort)
    HAL_DMA_Abort_IT                         0x08000f17   Thumb Code    36  stm32f4xx_hal_dma.o(i.HAL_DMA_Abort_IT)
    HAL_DMA_IRQHandler                       0x08000f3d   Thumb Code   412  stm32f4xx_hal_dma.o(i.HAL_DMA_IRQHandler)
    HAL_DMA_Init                             0x080010dd   Thumb Code   206  stm32f4xx_hal_dma.o(i.HAL_DMA_Init)
    HAL_GPIO_EXTI_Callback                   0x080011b1   Thumb Code     2  stm32f4xx_hal_gpio.o(i.HAL_GPIO_EXTI_Callback)
    HAL_GPIO_EXTI_IRQHandler                 0x080011b5   Thumb Code    18  stm32f4xx_hal_gpio.o(i.HAL_GPIO_EXTI_IRQHandler)
    HAL_GPIO_Init                            0x080011cd   Thumb Code   450  stm32f4xx_hal_gpio.o(i.HAL_GPIO_Init)
    HAL_GPIO_WritePin                        0x080013bd   Thumb Code    10  stm32f4xx_hal_gpio.o(i.HAL_GPIO_WritePin)
    HAL_GetTick                              0x080013c9   Thumb Code     6  stm32f4xx_hal.o(i.HAL_GetTick)
    HAL_IncTick                              0x080013d5   Thumb Code    12  stm32f4xx_hal.o(i.HAL_IncTick)
    HAL_Init                                 0x080013e5   Thumb Code    48  stm32f4xx_hal.o(i.HAL_Init)
    HAL_InitTick                             0x08001419   Thumb Code    54  stm32f4xx_hal.o(i.HAL_InitTick)
    HAL_MspInit                              0x08001459   Thumb Code    52  stm32f4xx_hal_msp.o(i.HAL_MspInit)
    HAL_NVIC_EnableIRQ                       0x08001491   Thumb Code    26  stm32f4xx_hal_cortex.o(i.HAL_NVIC_EnableIRQ)
    HAL_NVIC_SetPriority                     0x080014ad   Thumb Code    60  stm32f4xx_hal_cortex.o(i.HAL_NVIC_SetPriority)
    HAL_NVIC_SetPriorityGrouping             0x080014ed   Thumb Code    26  stm32f4xx_hal_cortex.o(i.HAL_NVIC_SetPriorityGrouping)
    HAL_RCC_ClockConfig                      0x08001511   Thumb Code   288  stm32f4xx_hal_rcc.o(i.HAL_RCC_ClockConfig)
    HAL_RCC_GetPCLK1Freq                     0x08001645   Thumb Code    20  stm32f4xx_hal_rcc.o(i.HAL_RCC_GetPCLK1Freq)
    HAL_RCC_GetPCLK2Freq                     0x08001665   Thumb Code    20  stm32f4xx_hal_rcc.o(i.HAL_RCC_GetPCLK2Freq)
    HAL_RCC_GetSysClockFreq                  0x08001685   Thumb Code    88  stm32f4xx_hal_rcc.o(i.HAL_RCC_GetSysClockFreq)
    HAL_RCC_OscConfig                        0x080016e9   Thumb Code   856  stm32f4xx_hal_rcc.o(i.HAL_RCC_OscConfig)
    HAL_SYSTICK_Config                       0x08001a55   Thumb Code    40  stm32f4xx_hal_cortex.o(i.HAL_SYSTICK_Config)
    HAL_UARTEx_RxEventCallback               0x08001a7d   Thumb Code     2  stm32f4xx_hal_uart.o(i.HAL_UARTEx_RxEventCallback)
    HAL_UART_ErrorCallback                   0x08001a7f   Thumb Code     2  stm32f4xx_hal_uart.o(i.HAL_UART_ErrorCallback)
    HAL_UART_IRQHandler                      0x08001a81   Thumb Code   610  stm32f4xx_hal_uart.o(i.HAL_UART_IRQHandler)
    HAL_UART_Init                            0x08001ce9   Thumb Code    98  stm32f4xx_hal_uart.o(i.HAL_UART_Init)
    HAL_UART_MspInit                         0x08001d4d   Thumb Code   556  usart.o(i.HAL_UART_MspInit)
    HAL_UART_RxCpltCallback                  0x08001fa9   Thumb Code     2  stm32f4xx_hal_uart.o(i.HAL_UART_RxCpltCallback)
    HAL_UART_TxCpltCallback                  0x08001fab   Thumb Code     2  stm32f4xx_hal_uart.o(i.HAL_UART_TxCpltCallback)
    HardFault_Handler                        0x08001fad   Thumb Code     2  stm32f4xx_it.o(i.HardFault_Handler)
    MX_CAN1_Init                             0x08001fb1   Thumb Code    60  can.o(i.MX_CAN1_Init)
    MX_CAN2_Init                             0x08001ff5   Thumb Code    60  can.o(i.MX_CAN2_Init)
    MX_DMA_Init                              0x08002039   Thumb Code   104  dma.o(i.MX_DMA_Init)
    MX_FREERTOS_Init                         0x080020a5   Thumb Code    46  freertos.o(i.MX_FREERTOS_Init)
    MX_GPIO_Init                             0x080020e9   Thumb Code   350  gpio.o(i.MX_GPIO_Init)
    MX_USART1_UART_Init                      0x08002261   Thumb Code    48  usart.o(i.MX_USART1_UART_Init)
    MX_USART3_UART_Init                      0x08002299   Thumb Code    46  usart.o(i.MX_USART3_UART_Init)
    MX_USART6_UART_Init                      0x080022d5   Thumb Code    48  usart.o(i.MX_USART6_UART_Init)
    MemManage_Handler                        0x0800230d   Thumb Code     2  stm32f4xx_it.o(i.MemManage_Handler)
    NMI_Handler                              0x0800230f   Thumb Code     2  stm32f4xx_it.o(i.NMI_Handler)
    PID_angle_calc                           0x08002311   Thumb Code   300  pid.o(i.PID_angle_calc)
    PID_calc                                 0x08002441   Thumb Code   254  pid.o(i.PID_calc)
    RC_RX_Decoder                            0x08002541   Thumb Code   316  rc.o(i.RC_RX_Decoder)
    SysTick_Handler                          0x08002685   Thumb Code    24  stm32f4xx_it.o(i.SysTick_Handler)
    SystemClock_Config                       0x0800269d   Thumb Code   140  main.o(i.SystemClock_Config)
    SystemInit                               0x08002731   Thumb Code    12  system_stm32f4xx.o(i.SystemInit)
    USART3_IRQHandler                        0x0800296d   Thumb Code    16  stm32f4xx_it.o(i.USART3_IRQHandler)
    USART3_inIRQHandler                      0x08002981   Thumb Code   132  rc.o(i.USART3_inIRQHandler)
    USART6_IRQHandler                        0x08002a19   Thumb Code     6  stm32f4xx_it.o(i.USART6_IRQHandler)
    UsageFault_Handler                       0x08002a25   Thumb Code     2  stm32f4xx_it.o(i.UsageFault_Handler)
    __ARM_fpclassify                         0x08002a27   Thumb Code    48  fpclassify.o(i.__ARM_fpclassify)
    __ARM_fpclassifyf                        0x08002a57   Thumb Code    38  fpclassifyf.o(i.__ARM_fpclassifyf)
    __hardfp_asinf                           0x08002a9d   Thumb Code   258  asinf.o(i.__hardfp_asinf)
    __hardfp_atan2f                          0x08002bc9   Thumb Code   594  atan2f.o(i.__hardfp_atan2f)
    __hardfp_cos                             0x08002e79   Thumb Code   180  cos.o(i.__hardfp_cos)
    __hardfp_pow                             0x08002f41   Thumb Code  3072  pow.o(i.__hardfp_pow)
    __hardfp_sin                             0x08003b91   Thumb Code   180  sin.o(i.__hardfp_sin)
    __hardfp_sqrt                            0x08003c59   Thumb Code   122  sqrt.o(i.__hardfp_sqrt)
    __ieee754_rem_pio2                       0x08003cd9   Thumb Code   938  rred.o(i.__ieee754_rem_pio2)
    __kernel_cos                             0x08004111   Thumb Code   322  cos_i.o(i.__kernel_cos)
    __kernel_poly                            0x08004281   Thumb Code   248  poly.o(i.__kernel_poly)
    __kernel_sin                             0x08004379   Thumb Code   280  sin_i.o(i.__kernel_sin)
    __mathlib_dbl_divzero                    0x080044a9   Thumb Code    28  dunder.o(i.__mathlib_dbl_divzero)
    __mathlib_dbl_infnan                     0x080044d9   Thumb Code    20  dunder.o(i.__mathlib_dbl_infnan)
    __mathlib_dbl_infnan2                    0x080044ed   Thumb Code    20  dunder.o(i.__mathlib_dbl_infnan2)
    __mathlib_dbl_invalid                    0x08004501   Thumb Code    24  dunder.o(i.__mathlib_dbl_invalid)
    __mathlib_dbl_overflow                   0x08004521   Thumb Code    24  dunder.o(i.__mathlib_dbl_overflow)
    __mathlib_dbl_underflow                  0x08004541   Thumb Code    24  dunder.o(i.__mathlib_dbl_underflow)
    __mathlib_flt_infnan                     0x08004561   Thumb Code     6  funder.o(i.__mathlib_flt_infnan)
    __mathlib_flt_infnan2                    0x08004567   Thumb Code     6  funder.o(i.__mathlib_flt_infnan2)
    __mathlib_flt_invalid                    0x0800456d   Thumb Code    10  funder.o(i.__mathlib_flt_invalid)
    __mathlib_flt_underflow                  0x0800457d   Thumb Code    10  funder.o(i.__mathlib_flt_underflow)
    anglecircle                              0x0800458d   Thumb Code    36  motorlib.o(i.anglecircle)
    axis_angle_toquat                        0x080045bd   Thumb Code   198  mpu.o(i.axis_angle_toquat)
    canrxtomotinfo                           0x0800468d   Thumb Code   108  motorlib.o(i.canrxtomotinfo)
    ctrlmestochas_pack                       0x08004709   Thumb Code    48  infoproc.o(i.ctrlmestochas_pack)
    curmestochas_pack                        0x08004739   Thumb Code    36  infoproc.o(i.curmestochas_pack)
    fabs                                     0x0800475d   Thumb Code    24  fabs.o(i.fabs)
    gimbctrl                                 0x08004775   Thumb Code    54  gimbctrl.o(i.gimbctrl)
    gimbmotinfo_compl                        0x080047bd   Thumb Code    30  gimbctrl.o(i.gimbmotinfo_compl)
    gimbmotpid_calc                          0x080047e1   Thumb Code   332  gimbctrl.o(i.gimbmotpid_calc)
    infoproc                                 0x08004935   Thumb Code   310  infoproc.o(i.infoproc)
    main                                     0x08004a8d   Thumb Code    50  main.o(i.main)
    mestocan1_0x1ff_pack                     0x08004ac1   Thumb Code    40  infoproc.o(i.mestocan1_0x1ff_pack)
    mestocan2_0x200_pack                     0x08004af1   Thumb Code    52  infoproc.o(i.mestocan2_0x200_pack)
    motaspid_calc                            0x08004b2d   Thumb Code   164  motorlib.o(i.motaspid_calc)
    motcurrentsensor                         0x08004bd5   Thumb Code   112  motorlib.o(i.motcurrentsensor)
    mpu_Quat_reci                            0x08004c45   Thumb Code    86  mpu.o(i.mpu_Quat_reci)
    mpu_acc_reci                             0x08004ca1   Thumb Code    34  mpu.o(i.mpu_acc_reci)
    mpu_angle_calc                           0x08004cc5   Thumb Code   140  mpu.o(i.mpu_angle_calc)
    mpu_spe_reci                             0x08004d55   Thumb Code    34  mpu.o(i.mpu_spe_reci)
    osDelay                                  0x08004d77   Thumb Code    26  cmsis_os2.o(i.osDelay)
    osKernelInitialize                       0x08004d91   Thumb Code    32  cmsis_os2.o(i.osKernelInitialize)
    osKernelStart                            0x08004db5   Thumb Code    48  cmsis_os2.o(i.osKernelStart)
    osThreadNew                              0x08004ded   Thumb Code   138  cmsis_os2.o(i.osThreadNew)
    pvPortMalloc                             0x0800560d   Thumb Code   216  heap_4.o(i.pvPortMalloc)
    pxPortInitialiseStack                    0x080056e9   Thumb Code    40  port.o(i.pxPortInitialiseStack)
    quar_rota_calc                           0x08005715   Thumb Code   112  mpu.o(i.quar_rota_calc)
    quat_inverse                             0x08005785   Thumb Code   118  mpu.o(i.quat_inverse)
    quat_mult                                0x08005805   Thumb Code   210  mpu.o(i.quat_mult)
    rc_rbctrl_movedata_compl                 0x080058d9   Thumb Code   478  infoproc.o(i.rc_rbctrl_movedata_compl)
    rc_rbctrl_status_compl                   0x08005af5   Thumb Code   236  infoproc.o(i.rc_rbctrl_status_compl)
    sqrt                                     0x08005be9   Thumb Code   110  sqrt.o(i.sqrt)
    sqrtf                                    0x08005c57   Thumb Code    62  sqrtf.o(i.sqrtf)
    uxListRemove                             0x08005c95   Thumb Code    38  list.o(i.uxListRemove)
    vApplicationGetIdleTaskMemory            0x08005cbd   Thumb Code    16  cmsis_os2.o(i.vApplicationGetIdleTaskMemory)
    vApplicationGetTimerTaskMemory           0x08005cd1   Thumb Code    18  cmsis_os2.o(i.vApplicationGetTimerTaskMemory)
    vListInitialise                          0x08005ce9   Thumb Code    22  list.o(i.vListInitialise)
    vListInitialiseItem                      0x08005cff   Thumb Code     6  list.o(i.vListInitialiseItem)
    vListInsert                              0x08005d05   Thumb Code    48  list.o(i.vListInsert)
    vListInsertEnd                           0x08005d35   Thumb Code    24  list.o(i.vListInsertEnd)
    vPortEnterCritical                       0x08005d4d   Thumb Code    54  port.o(i.vPortEnterCritical)
    vPortExitCritical                        0x08005d8d   Thumb Code    34  port.o(i.vPortExitCritical)
    vPortFree                                0x08005db5   Thumb Code    94  heap_4.o(i.vPortFree)
    vPortSetupTimerInterrupt                 0x08005e19   Thumb Code    32  port.o(i.vPortSetupTimerInterrupt)
    vPortValidateInterruptPriority           0x08005e3d   Thumb Code    74  port.o(i.vPortValidateInterruptPriority)
    vQueueAddToRegistry                      0x08005e91   Thumb Code    34  queue.o(i.vQueueAddToRegistry)
    vQueueWaitForMessageRestricted           0x08005eb9   Thumb Code    68  queue.o(i.vQueueWaitForMessageRestricted)
    vTaskDelay                               0x08005efd   Thumb Code    66  tasks.o(i.vTaskDelay)
    vTaskInternalSetTimeOutState             0x08005f49   Thumb Code    12  tasks.o(i.vTaskInternalSetTimeOutState)
    vTaskMissedYield                         0x08005f59   Thumb Code     8  tasks.o(i.vTaskMissedYield)
    vTaskPlaceOnEventList                    0x08005f65   Thumb Code    44  tasks.o(i.vTaskPlaceOnEventList)
    vTaskPlaceOnEventListRestricted          0x08005f95   Thumb Code    52  tasks.o(i.vTaskPlaceOnEventListRestricted)
    vTaskStartScheduler                      0x08005fcd   Thumb Code   118  tasks.o(i.vTaskStartScheduler)
    vTaskSuspendAll                          0x08006055   Thumb Code    10  tasks.o(i.vTaskSuspendAll)
    vTaskSwitchContext                       0x08006065   Thumb Code    90  tasks.o(i.vTaskSwitchContext)
    weapctrl                                 0x080060c9   Thumb Code    62  weapctrl.o(i.weapctrl)
    weapmotinfo_compl                        0x08006115   Thumb Code   164  weapctrl.o(i.weapmotinfo_compl)
    weapmotpid_calc                          0x080061c9   Thumb Code    80  weapctrl.o(i.weapmotpid_calc)
    xPortStartScheduler                      0x08006219   Thumb Code   222  port.o(i.xPortStartScheduler)
    xPortSysTickHandler                      0x0800630d   Thumb Code    38  port.o(i.xPortSysTickHandler)
    xQueueGenericCreateStatic                0x08006339   Thumb Code   102  queue.o(i.xQueueGenericCreateStatic)
    xQueueGenericReset                       0x080063a1   Thumb Code   132  queue.o(i.xQueueGenericReset)
    xQueueGenericSend                        0x08006429   Thumb Code   346  queue.o(i.xQueueGenericSend)
    xQueueGenericSendFromISR                 0x08006589   Thumb Code   190  queue.o(i.xQueueGenericSendFromISR)
    xQueueReceive                            0x08006649   Thumb Code   308  queue.o(i.xQueueReceive)
    xTaskCheckForTimeOut                     0x08006781   Thumb Code   112  tasks.o(i.xTaskCheckForTimeOut)
    xTaskCreate                              0x080067f5   Thumb Code    90  tasks.o(i.xTaskCreate)
    xTaskCreateStatic                        0x0800684f   Thumb Code    86  tasks.o(i.xTaskCreateStatic)
    xTaskGetSchedulerState                   0x080068a5   Thumb Code    22  tasks.o(i.xTaskGetSchedulerState)
    xTaskGetTickCount                        0x080068c1   Thumb Code     6  tasks.o(i.xTaskGetTickCount)
    xTaskIncrementTick                       0x080068cd   Thumb Code   192  tasks.o(i.xTaskIncrementTick)
    xTaskPriorityDisinherit                  0x08006995   Thumb Code   118  tasks.o(i.xTaskPriorityDisinherit)
    xTaskRemoveFromEventList                 0x08006a15   Thumb Code    98  tasks.o(i.xTaskRemoveFromEventList)
    xTaskResumeAll                           0x08006a85   Thumb Code   182  tasks.o(i.xTaskResumeAll)
    xTimerCreateTimerTask                    0x08006b49   Thumb Code    78  timers.o(i.xTimerCreateTimerTask)
    xTimerGenericCommand                     0x08006ba9   Thumb Code    98  timers.o(i.xTimerGenericCommand)
    __aeabi_dneg                             0x08006c11   Thumb Code     0  basic.o(x$fpl$basic)
    _dneg                                    0x08006c11   Thumb Code     6  basic.o(x$fpl$basic)
    __aeabi_fneg                             0x08006c17   Thumb Code     0  basic.o(x$fpl$basic)
    _fneg                                    0x08006c17   Thumb Code     6  basic.o(x$fpl$basic)
    _dabs                                    0x08006c1d   Thumb Code     6  basic.o(x$fpl$basic)
    _fabs                                    0x08006c23   Thumb Code     6  basic.o(x$fpl$basic)
    __aeabi_d2f                              0x08006c29   Thumb Code     0  d2f.o(x$fpl$d2f)
    _d2f                                     0x08006c29   Thumb Code    98  d2f.o(x$fpl$d2f)
    __aeabi_dadd                             0x08006c8d   Thumb Code     0  daddsub_clz.o(x$fpl$dadd)
    _dadd                                    0x08006c8d   Thumb Code   332  daddsub_clz.o(x$fpl$dadd)
    __fpl_dcheck_NaN1                        0x08006ddd   Thumb Code    10  dcheck1.o(x$fpl$dcheck1)
    __fpl_dcmp_Inf                           0x08006ded   Thumb Code    24  dcmpi.o(x$fpl$dcmpinf)
    __aeabi_ddiv                             0x08006e05   Thumb Code     0  ddiv.o(x$fpl$ddiv)
    _ddiv                                    0x08006e05   Thumb Code   552  ddiv.o(x$fpl$ddiv)
    __aeabi_d2iz                             0x080070b5   Thumb Code     0  dfix.o(x$fpl$dfix)
    _dfix                                    0x080070b5   Thumb Code    94  dfix.o(x$fpl$dfix)
    __aeabi_i2d                              0x08007113   Thumb Code     0  dflt_clz.o(x$fpl$dflt)
    _dflt                                    0x08007113   Thumb Code    46  dflt_clz.o(x$fpl$dflt)
    __aeabi_ui2d                             0x08007141   Thumb Code     0  dflt_clz.o(x$fpl$dfltu)
    _dfltu                                   0x08007141   Thumb Code    38  dflt_clz.o(x$fpl$dfltu)
    __aeabi_cdcmple                          0x08007169   Thumb Code     0  dleqf.o(x$fpl$dleqf)
    _dcmple                                  0x08007169   Thumb Code   120  dleqf.o(x$fpl$dleqf)
    __fpl_dcmple_InfNaN                      0x080071cb   Thumb Code     0  dleqf.o(x$fpl$dleqf)
    __aeabi_dmul                             0x080071e1   Thumb Code     0  dmul.o(x$fpl$dmul)
    _dmul                                    0x080071e1   Thumb Code   332  dmul.o(x$fpl$dmul)
    __fpl_dnaninf                            0x08007335   Thumb Code   156  dnaninf.o(x$fpl$dnaninf)
    __fpl_dretinf                            0x080073d1   Thumb Code    12  dretinf.o(x$fpl$dretinf)
    __aeabi_cdrcmple                         0x080073dd   Thumb Code     0  drleqf.o(x$fpl$drleqf)
    _drcmple                                 0x080073dd   Thumb Code   108  drleqf.o(x$fpl$drleqf)
    __aeabi_drsub                            0x08007449   Thumb Code     0  daddsub_clz.o(x$fpl$drsb)
    _drsb                                    0x08007449   Thumb Code    22  daddsub_clz.o(x$fpl$drsb)
    _dsqrt                                   0x08007461   Thumb Code   404  dsqrt_umaal.o(x$fpl$dsqrt)
    __aeabi_dsub                             0x080075f9   Thumb Code     0  daddsub_clz.o(x$fpl$dsub)
    _dsub                                    0x080075f9   Thumb Code   464  daddsub_clz.o(x$fpl$dsub)
    __aeabi_f2d                              0x080077cd   Thumb Code     0  f2d.o(x$fpl$f2d)
    _f2d                                     0x080077cd   Thumb Code    86  f2d.o(x$fpl$f2d)
    __fpl_fnaninf                            0x08007823   Thumb Code   140  fnaninf.o(x$fpl$fnaninf)
    _fp_init                                 0x080078af   Thumb Code    10  fpinit.o(x$fpl$fpinit)
    __fplib_config_fpu_vfp                   0x080078b7   Thumb Code     0  fpinit.o(x$fpl$fpinit)
    __fplib_config_pureend_doubles           0x080078b7   Thumb Code     0  fpinit.o(x$fpl$fpinit)
    __fpl_fretinf                            0x080078b9   Thumb Code    10  fretinf.o(x$fpl$fretinf)
    __fpl_return_NaN                         0x080078c3   Thumb Code   100  retnan.o(x$fpl$retnan)
    __ARM_scalbn                             0x08007927   Thumb Code    92  scalbn.o(x$fpl$scalbn)
    __fpl_cmpreturn                          0x08007983   Thumb Code    48  trapv.o(x$fpl$trapveneer)
    __I$use$fp                               0x080079b2   Number         0  usenofp.o(x$fpl$usenofp)
    infotask_attributes                      0x080079b4   Data          36  freertos.o(.constdata)
    gimbaltask_attributes                    0x080079d8   Data          36  freertos.o(.constdata)
    weapontask_attributes                    0x080079fc   Data          36  freertos.o(.constdata)
    AHBPrescTable                            0x08007a28   Data          16  system_stm32f4xx.o(.constdata)
    APBPrescTable                            0x08007a38   Data           8  system_stm32f4xx.o(.constdata)
    __mathlib_zero                           0x08007af8   Data           8  qnan.o(.constdata)
    Region$$Table$$Base                      0x08007c14   Number         0  anon$$obj.o(Region$$Table)
    Region$$Table$$Limit                     0x08007c34   Number         0  anon$$obj.o(Region$$Table)
    infotaskHandle                           0x20000000   Data           4  freertos.o(.data)
    gimbaltaskHandle                         0x20000004   Data           4  freertos.o(.data)
    weapontaskHandle                         0x20000008   Data           4  freertos.o(.data)
    uwTickFreq                               0x20000010   Data           1  stm32f4xx_hal.o(.data)
    uwTickPrio                               0x20000014   Data           4  stm32f4xx_hal.o(.data)
    uwTick                                   0x20000018   Data           4  stm32f4xx_hal.o(.data)
    SystemCoreClock                          0x2000001c   Data           4  system_stm32f4xx.o(.data)
    pxCurrentTCB                             0x20000020   Data           4  tasks.o(.data)
    CAN1_ready                               0x200000a0   Data           1  canbus.o(.data)
    RC_READY                                 0x200000b0   Data           4  rc.o(.data)
    curmestochas                             0x200000b6   Data           8  infoproc.o(.data)
    ctrlmestochas                            0x200000be   Data           8  infoproc.o(.data)
    mestocan1_0x1ff                          0x200000c6   Data           8  infoproc.o(.data)
    mestocan2_0x200                          0x200000ce   Data           8  infoproc.o(.data)
    robocurinfo                              0x200000d8   Data           8  infoproc.o(.data)
    hcan1                                    0x200000e0   Data          40  can.o(.bss)
    hcan2                                    0x20000108   Data          40  can.o(.bss)
    huart1                                   0x20000130   Data          68  usart.o(.bss)
    huart3                                   0x20000174   Data          68  usart.o(.bss)
    huart6                                   0x200001b8   Data          68  usart.o(.bss)
    hdma_usart1_rx                           0x200001fc   Data          96  usart.o(.bss)
    hdma_usart3_rx                           0x2000025c   Data          96  usart.o(.bss)
    hdma_usart6_rx                           0x200002bc   Data          96  usart.o(.bss)
    hdma_usart6_tx                           0x2000031c   Data          96  usart.o(.bss)
    xQueueRegistry                           0x2000037c   Data          64  queue.o(.bss)
    RC_Data                                  0x20004c68   Data          22  rc.o(.bss)
    RC_Last_Data                             0x20004c7e   Data          22  rc.o(.bss)
    Key                                      0x20004c94   Data          17  rc.o(.bss)
    Last_Key                                 0x20004ca5   Data          17  rc.o(.bss)
    sbus_rx_buf                              0x20004cb6   Data          72  rc.o(.bss)
    mpudata                                  0x20004d00   Data          64  mpu.o(.bss)
    roboctrlinfo                             0x20004d40   Data          32  infoproc.o(.bss)
    pitinfo                                  0x20004d60   Data         108  gimbctrl.o(.bss)
    yawinfo                                  0x20004dcc   Data         108  gimbctrl.o(.bss)
    pitanglepid                              0x20004e38   Data          60  gimbctrl.o(.bss)
    pitspeedpid                              0x20004e74   Data          60  gimbctrl.o(.bss)
    yawanglepid                              0x20004eb0   Data          60  gimbctrl.o(.bss)
    yawspeedpid                              0x20004eec   Data          60  gimbctrl.o(.bss)
    fricinfo                                 0x20004f28   Data         216  weapctrl.o(.bss)
    triginfo                                 0x20005000   Data         108  weapctrl.o(.bss)
    magainfo                                 0x2000506c   Data         108  weapctrl.o(.bss)
    fricspeedpid                             0x200050d8   Data         120  weapctrl.o(.bss)
    triganglepid                             0x20005150   Data          60  weapctrl.o(.bss)
    trigspeedpid                             0x2000518c   Data          60  weapctrl.o(.bss)
    magaanglepid                             0x200051c8   Data          60  weapctrl.o(.bss)
    magaspeedpid                             0x20005204   Data          60  weapctrl.o(.bss)
    __libspace_start                         0x20005240   Data          96  libspace.o(.bss)
    __temporary_stack_top$libspace           0x200052a0   Data           0  libspace.o(.bss)



==============================================================================

Memory Map of the image

  Image Entry point : 0x08000189

  Load Region LR_IROM1 (Base: 0x08000000, Size: 0x00007d14, Max: 0x00100000, ABSOLUTE)

    Execution Region ER_IROM1 (Exec base: 0x08000000, Load base: 0x08000000, Size: 0x00007c34, Max: 0x00100000, ABSOLUTE)

    Exec Addr    Load Addr    Size         Type   Attr      Idx    E Section Name        Object

    0x08000000   0x08000000   0x00000188   Data   RO            3    RESET               startup_stm32f407xx.o
    0x08000188   0x08000188   0x00000008   Code   RO         4831  * !!!main             c_w.l(__main.o)
    0x08000190   0x08000190   0x00000034   Code   RO         5247    !!!scatter          c_w.l(__scatter.o)
    0x080001c4   0x080001c4   0x0000001a   Code   RO         5249    !!handler_copy      c_w.l(__scatter_copy.o)
    0x080001de   0x080001de   0x00000002   PAD
    0x080001e0   0x080001e0   0x0000001c   Code   RO         5251    !!handler_zi        c_w.l(__scatter_zi.o)
    0x080001fc   0x080001fc   0x00000002   Code   RO         5180    .ARM.Collect$$libinit$$00000000  c_w.l(libinit.o)
    0x080001fe   0x080001fe   0x00000004   Code   RO         4957    .ARM.Collect$$libinit$$00000001  c_w.l(libinit2.o)
    0x08000202   0x08000202   0x00000000   Code   RO         4960    .ARM.Collect$$libinit$$00000004  c_w.l(libinit2.o)
    0x08000202   0x08000202   0x00000000   Code   RO         4963    .ARM.Collect$$libinit$$0000000A  c_w.l(libinit2.o)
    0x08000202   0x08000202   0x00000000   Code   RO         4965    .ARM.Collect$$libinit$$0000000C  c_w.l(libinit2.o)
    0x08000202   0x08000202   0x00000000   Code   RO         4967    .ARM.Collect$$libinit$$0000000E  c_w.l(libinit2.o)
    0x08000202   0x08000202   0x00000000   Code   RO         4970    .ARM.Collect$$libinit$$00000011  c_w.l(libinit2.o)
    0x08000202   0x08000202   0x00000000   Code   RO         4972    .ARM.Collect$$libinit$$00000013  c_w.l(libinit2.o)
    0x08000202   0x08000202   0x00000000   Code   RO         4974    .ARM.Collect$$libinit$$00000015  c_w.l(libinit2.o)
    0x08000202   0x08000202   0x00000000   Code   RO         4976    .ARM.Collect$$libinit$$00000017  c_w.l(libinit2.o)
    0x08000202   0x08000202   0x00000000   Code   RO         4978    .ARM.Collect$$libinit$$00000019  c_w.l(libinit2.o)
    0x08000202   0x08000202   0x00000000   Code   RO         4980    .ARM.Collect$$libinit$$0000001B  c_w.l(libinit2.o)
    0x08000202   0x08000202   0x00000000   Code   RO         4982    .ARM.Collect$$libinit$$0000001D  c_w.l(libinit2.o)
    0x08000202   0x08000202   0x00000000   Code   RO         4984    .ARM.Collect$$libinit$$0000001F  c_w.l(libinit2.o)
    0x08000202   0x08000202   0x00000000   Code   RO         4986    .ARM.Collect$$libinit$$00000021  c_w.l(libinit2.o)
    0x08000202   0x08000202   0x00000000   Code   RO         4988    .ARM.Collect$$libinit$$00000023  c_w.l(libinit2.o)
    0x08000202   0x08000202   0x00000000   Code   RO         4990    .ARM.Collect$$libinit$$00000025  c_w.l(libinit2.o)
    0x08000202   0x08000202   0x00000000   Code   RO         4994    .ARM.Collect$$libinit$$0000002C  c_w.l(libinit2.o)
    0x08000202   0x08000202   0x00000000   Code   RO         4996    .ARM.Collect$$libinit$$0000002E  c_w.l(libinit2.o)
    0x08000202   0x08000202   0x00000000   Code   RO         4998    .ARM.Collect$$libinit$$00000030  c_w.l(libinit2.o)
    0x08000202   0x08000202   0x00000000   Code   RO         5000    .ARM.Collect$$libinit$$00000032  c_w.l(libinit2.o)
    0x08000202   0x08000202   0x00000002   Code   RO         5001    .ARM.Collect$$libinit$$00000033  c_w.l(libinit2.o)
    0x08000204   0x08000204   0x00000002   Code   RO         5244    .ARM.Collect$$libshutdown$$00000000  c_w.l(libshutdown.o)
    0x08000206   0x08000206   0x00000000   Code   RO         5198    .ARM.Collect$$libshutdown$$00000002  c_w.l(libshutdown2.o)
    0x08000206   0x08000206   0x00000000   Code   RO         5200    .ARM.Collect$$libshutdown$$00000004  c_w.l(libshutdown2.o)
    0x08000206   0x08000206   0x00000000   Code   RO         5202    .ARM.Collect$$libshutdown$$00000006  c_w.l(libshutdown2.o)
    0x08000206   0x08000206   0x00000000   Code   RO         5205    .ARM.Collect$$libshutdown$$00000009  c_w.l(libshutdown2.o)
    0x08000206   0x08000206   0x00000000   Code   RO         5208    .ARM.Collect$$libshutdown$$0000000C  c_w.l(libshutdown2.o)
    0x08000206   0x08000206   0x00000000   Code   RO         5210    .ARM.Collect$$libshutdown$$0000000E  c_w.l(libshutdown2.o)
    0x08000206   0x08000206   0x00000000   Code   RO         5213    .ARM.Collect$$libshutdown$$00000011  c_w.l(libshutdown2.o)
    0x08000206   0x08000206   0x00000002   Code   RO         5214    .ARM.Collect$$libshutdown$$00000012  c_w.l(libshutdown2.o)
    0x08000208   0x08000208   0x00000000   Code   RO         4921    .ARM.Collect$$rtentry$$00000000  c_w.l(__rtentry.o)
    0x08000208   0x08000208   0x00000000   Code   RO         5104    .ARM.Collect$$rtentry$$00000002  c_w.l(__rtentry2.o)
    0x08000208   0x08000208   0x00000006   Code   RO         5116    .ARM.Collect$$rtentry$$00000004  c_w.l(__rtentry4.o)
    0x0800020e   0x0800020e   0x00000000   Code   RO         5106    .ARM.Collect$$rtentry$$00000009  c_w.l(__rtentry2.o)
    0x0800020e   0x0800020e   0x00000004   Code   RO         5107    .ARM.Collect$$rtentry$$0000000A  c_w.l(__rtentry2.o)
    0x08000212   0x08000212   0x00000000   Code   RO         5109    .ARM.Collect$$rtentry$$0000000C  c_w.l(__rtentry2.o)
    0x08000212   0x08000212   0x00000008   Code   RO         5110    .ARM.Collect$$rtentry$$0000000D  c_w.l(__rtentry2.o)
    0x0800021a   0x0800021a   0x00000002   Code   RO         5185    .ARM.Collect$$rtexit$$00000000  c_w.l(rtexit.o)
    0x0800021c   0x0800021c   0x00000000   Code   RO         5220    .ARM.Collect$$rtexit$$00000002  c_w.l(rtexit2.o)
    0x0800021c   0x0800021c   0x00000004   Code   RO         5221    .ARM.Collect$$rtexit$$00000003  c_w.l(rtexit2.o)
    0x08000220   0x08000220   0x00000006   Code   RO         5222    .ARM.Collect$$rtexit$$00000004  c_w.l(rtexit2.o)
    0x08000226   0x08000226   0x00000002   PAD
    0x08000228   0x08000228   0x000000be   Code   RO         4102    .emb_text           port.o
    0x080002e6   0x080002e6   0x00000002   PAD
    0x080002e8   0x080002e8   0x00000040   Code   RO            4    .text               startup_stm32f407xx.o
    0x08000328   0x08000328   0x000000ee   Code   RO         4815    .text               c_w.l(lludivv7m.o)
    0x08000416   0x08000416   0x0000008a   Code   RO         4819    .text               c_w.l(rt_memcpy_v6.o)
    0x080004a0   0x080004a0   0x00000064   Code   RO         4821    .text               c_w.l(rt_memcpy_w.o)
    0x08000504   0x08000504   0x00000010   Code   RO         4825    .text               c_w.l(aeabi_memset.o)
    0x08000514   0x08000514   0x0000004e   Code   RO         4827    .text               c_w.l(rt_memclr_w.o)
    0x08000562   0x08000562   0x00000006   Code   RO         4829    .text               c_w.l(heapauxi.o)
    0x08000568   0x08000568   0x00000016   Code   RO         4951    .text               c_w.l(_rserrno.o)
    0x0800057e   0x0800057e   0x00000044   Code   RO         4953    .text               c_w.l(rt_memclr.o)
    0x080005c2   0x080005c2   0x00000002   PAD
    0x080005c4   0x080005c4   0x00000008   Code   RO         5100    .text               c_w.l(libspace.o)
    0x080005cc   0x080005cc   0x00000008   Code   RO         5123    .text               c_w.l(rt_errno_addr_intlibspace.o)
    0x080005d4   0x080005d4   0x00000002   Code   RO         5152    .text               c_w.l(use_no_semi.o)
    0x080005d6   0x080005d6   0x00000000   Code   RO         5154    .text               c_w.l(indicate_semi.o)
    0x080005d6   0x080005d6   0x0000004a   Code   RO         5155    .text               c_w.l(sys_stackheap_outer.o)
    0x08000620   0x08000620   0x00000012   Code   RO         5161    .text               c_w.l(exit.o)
    0x08000632   0x08000632   0x00000002   PAD
    0x08000634   0x08000634   0x0000000c   Code   RO         5183    .text               c_w.l(sys_exit.o)
    0x08000640   0x08000640   0x00000002   Code   RO          450    i.BusFault_Handler  stm32f4xx_it.o
    0x08000642   0x08000642   0x00000002   PAD
    0x08000644   0x08000644   0x0000000c   Code   RO          451    i.CAN1_RX0_IRQHandler  stm32f4xx_it.o
    0x08000650   0x08000650   0x0000000c   Code   RO          452    i.CAN1_TX_IRQHandler  stm32f4xx_it.o
    0x0800065c   0x0800065c   0x0000000c   Code   RO          453    i.CAN2_RX0_IRQHandler  stm32f4xx_it.o
    0x08000668   0x08000668   0x0000000c   Code   RO          454    i.CAN2_TX_IRQHandler  stm32f4xx_it.o
    0x08000674   0x08000674   0x00000058   Code   RO         4182    i.CAN_send          canbus.o
    0x080006cc   0x080006cc   0x0000000c   Code   RO          455    i.DMA1_Stream1_IRQHandler  stm32f4xx_it.o
    0x080006d8   0x080006d8   0x0000000c   Code   RO          456    i.DMA2_Stream1_IRQHandler  stm32f4xx_it.o
    0x080006e4   0x080006e4   0x0000000c   Code   RO          457    i.DMA2_Stream5_IRQHandler  stm32f4xx_it.o
    0x080006f0   0x080006f0   0x0000000c   Code   RO          458    i.DMA2_Stream6_IRQHandler  stm32f4xx_it.o
    0x080006fc   0x080006fc   0x00000028   Code   RO         1315    i.DMA_CalcBaseAndBitshift  stm32f4xx_hal_dma.o
    0x08000724   0x08000724   0x00000054   Code   RO         1316    i.DMA_CheckFifoParam  stm32f4xx_hal_dma.o
    0x08000778   0x08000778   0x00000002   Code   RO          459    i.DebugMon_Handler  stm32f4xx_it.o
    0x0800077a   0x0800077a   0x00000006   Code   RO          460    i.EXTI0_IRQHandler  stm32f4xx_it.o
    0x08000780   0x08000780   0x00000006   Code   RO          461    i.EXTI3_IRQHandler  stm32f4xx_it.o
    0x08000786   0x08000786   0x00000006   Code   RO          462    i.EXTI4_IRQHandler  stm32f4xx_it.o
    0x0800078c   0x0800078c   0x00000006   Code   RO          463    i.EXTI9_5_IRQHandler  stm32f4xx_it.o
    0x08000792   0x08000792   0x00000004   Code   RO           13    i.Error_Handler     main.o
    0x08000796   0x08000796   0x000000dc   Code   RO          624    i.HAL_CAN_AddTxMessage  stm32f4xx_hal_can.o
    0x08000872   0x08000872   0x00000002   Code   RO          628    i.HAL_CAN_ErrorCallback  stm32f4xx_hal_can.o
    0x08000874   0x08000874   0x000000e8   Code   RO          631    i.HAL_CAN_GetRxMessage  stm32f4xx_hal_can.o
    0x0800095c   0x0800095c   0x000001fc   Code   RO          635    i.HAL_CAN_IRQHandler  stm32f4xx_hal_can.o
    0x08000b58   0x08000b58   0x0000011a   Code   RO          636    i.HAL_CAN_Init      stm32f4xx_hal_can.o
    0x08000c72   0x08000c72   0x00000002   PAD
    0x08000c74   0x08000c74   0x0000011c   Code   RO          323    i.HAL_CAN_MspInit   can.o
    0x08000d90   0x08000d90   0x00000002   Code   RO          643    i.HAL_CAN_RxFifo0FullCallback  stm32f4xx_hal_can.o
    0x08000d92   0x08000d92   0x00000002   PAD
    0x08000d94   0x08000d94   0x000000dc   Code   RO         4183    i.HAL_CAN_RxFifo0MsgPendingCallback  canbus.o
    0x08000e70   0x08000e70   0x00000002   Code   RO          645    i.HAL_CAN_RxFifo1FullCallback  stm32f4xx_hal_can.o
    0x08000e72   0x08000e72   0x00000002   Code   RO          646    i.HAL_CAN_RxFifo1MsgPendingCallback  stm32f4xx_hal_can.o
    0x08000e74   0x08000e74   0x00000002   Code   RO          647    i.HAL_CAN_SleepCallback  stm32f4xx_hal_can.o
    0x08000e76   0x08000e76   0x00000002   Code   RO          650    i.HAL_CAN_TxMailbox0AbortCallback  stm32f4xx_hal_can.o
    0x08000e78   0x08000e78   0x00000002   Code   RO          651    i.HAL_CAN_TxMailbox0CompleteCallback  stm32f4xx_hal_can.o
    0x08000e7a   0x08000e7a   0x00000002   Code   RO          652    i.HAL_CAN_TxMailbox1AbortCallback  stm32f4xx_hal_can.o
    0x08000e7c   0x08000e7c   0x00000002   Code   RO          653    i.HAL_CAN_TxMailbox1CompleteCallback  stm32f4xx_hal_can.o
    0x08000e7e   0x08000e7e   0x00000002   Code   RO          654    i.HAL_CAN_TxMailbox2AbortCallback  stm32f4xx_hal_can.o
    0x08000e80   0x08000e80   0x00000002   Code   RO          655    i.HAL_CAN_TxMailbox2CompleteCallback  stm32f4xx_hal_can.o
    0x08000e82   0x08000e82   0x00000002   Code   RO          657    i.HAL_CAN_WakeUpFromRxMsgCallback  stm32f4xx_hal_can.o
    0x08000e84   0x08000e84   0x00000092   Code   RO         1318    i.HAL_DMA_Abort     stm32f4xx_hal_dma.o
    0x08000f16   0x08000f16   0x00000024   Code   RO         1319    i.HAL_DMA_Abort_IT  stm32f4xx_hal_dma.o
    0x08000f3a   0x08000f3a   0x00000002   PAD
    0x08000f3c   0x08000f3c   0x000001a0   Code   RO         1323    i.HAL_DMA_IRQHandler  stm32f4xx_hal_dma.o
    0x080010dc   0x080010dc   0x000000d4   Code   RO         1324    i.HAL_DMA_Init      stm32f4xx_hal_dma.o
    0x080011b0   0x080011b0   0x00000002   Code   RO         1209    i.HAL_GPIO_EXTI_Callback  stm32f4xx_hal_gpio.o
    0x080011b2   0x080011b2   0x00000002   PAD
    0x080011b4   0x080011b4   0x00000018   Code   RO         1210    i.HAL_GPIO_EXTI_IRQHandler  stm32f4xx_hal_gpio.o
    0x080011cc   0x080011cc   0x000001f0   Code   RO         1211    i.HAL_GPIO_Init     stm32f4xx_hal_gpio.o
    0x080013bc   0x080013bc   0x0000000a   Code   RO         1215    i.HAL_GPIO_WritePin  stm32f4xx_hal_gpio.o
    0x080013c6   0x080013c6   0x00000002   PAD
    0x080013c8   0x080013c8   0x0000000c   Code   RO         1743    i.HAL_GetTick       stm32f4xx_hal.o
    0x080013d4   0x080013d4   0x00000010   Code   RO         1749    i.HAL_IncTick       stm32f4xx_hal.o
    0x080013e4   0x080013e4   0x00000034   Code   RO         1750    i.HAL_Init          stm32f4xx_hal.o
    0x08001418   0x08001418   0x00000040   Code   RO         1751    i.HAL_InitTick      stm32f4xx_hal.o
    0x08001458   0x08001458   0x00000038   Code   RO          598    i.HAL_MspInit       stm32f4xx_hal_msp.o
    0x08001490   0x08001490   0x0000001a   Code   RO         1600    i.HAL_NVIC_EnableIRQ  stm32f4xx_hal_cortex.o
    0x080014aa   0x080014aa   0x00000002   PAD
    0x080014ac   0x080014ac   0x00000040   Code   RO         1606    i.HAL_NVIC_SetPriority  stm32f4xx_hal_cortex.o
    0x080014ec   0x080014ec   0x00000024   Code   RO         1607    i.HAL_NVIC_SetPriorityGrouping  stm32f4xx_hal_cortex.o
    0x08001510   0x08001510   0x00000134   Code   RO          857    i.HAL_RCC_ClockConfig  stm32f4xx_hal_rcc.o
    0x08001644   0x08001644   0x00000020   Code   RO          864    i.HAL_RCC_GetPCLK1Freq  stm32f4xx_hal_rcc.o
    0x08001664   0x08001664   0x00000020   Code   RO          865    i.HAL_RCC_GetPCLK2Freq  stm32f4xx_hal_rcc.o
    0x08001684   0x08001684   0x00000064   Code   RO          866    i.HAL_RCC_GetSysClockFreq  stm32f4xx_hal_rcc.o
    0x080016e8   0x080016e8   0x0000036c   Code   RO          869    i.HAL_RCC_OscConfig  stm32f4xx_hal_rcc.o
    0x08001a54   0x08001a54   0x00000028   Code   RO         1611    i.HAL_SYSTICK_Config  stm32f4xx_hal_cortex.o
    0x08001a7c   0x08001a7c   0x00000002   Code   RO         2035    i.HAL_UARTEx_RxEventCallback  stm32f4xx_hal_uart.o
    0x08001a7e   0x08001a7e   0x00000002   Code   RO         2049    i.HAL_UART_ErrorCallback  stm32f4xx_hal_uart.o
    0x08001a80   0x08001a80   0x00000268   Code   RO         2052    i.HAL_UART_IRQHandler  stm32f4xx_hal_uart.o
    0x08001ce8   0x08001ce8   0x00000062   Code   RO         2053    i.HAL_UART_Init     stm32f4xx_hal_uart.o
    0x08001d4a   0x08001d4a   0x00000002   PAD
    0x08001d4c   0x08001d4c   0x0000025c   Code   RO          396    i.HAL_UART_MspInit  usart.o
    0x08001fa8   0x08001fa8   0x00000002   Code   RO         2059    i.HAL_UART_RxCpltCallback  stm32f4xx_hal_uart.o
    0x08001faa   0x08001faa   0x00000002   Code   RO         2064    i.HAL_UART_TxCpltCallback  stm32f4xx_hal_uart.o
    0x08001fac   0x08001fac   0x00000002   Code   RO          464    i.HardFault_Handler  stm32f4xx_it.o
    0x08001fae   0x08001fae   0x00000002   PAD
    0x08001fb0   0x08001fb0   0x00000044   Code   RO          324    i.MX_CAN1_Init      can.o
    0x08001ff4   0x08001ff4   0x00000044   Code   RO          325    i.MX_CAN2_Init      can.o
    0x08002038   0x08002038   0x0000006c   Code   RO          371    i.MX_DMA_Init       dma.o
    0x080020a4   0x080020a4   0x00000044   Code   RO          267    i.MX_FREERTOS_Init  freertos.o
    0x080020e8   0x080020e8   0x00000178   Code   RO          243    i.MX_GPIO_Init      gpio.o
    0x08002260   0x08002260   0x00000038   Code   RO          397    i.MX_USART1_UART_Init  usart.o
    0x08002298   0x08002298   0x0000003c   Code   RO          398    i.MX_USART3_UART_Init  usart.o
    0x080022d4   0x080022d4   0x00000038   Code   RO          399    i.MX_USART6_UART_Init  usart.o
    0x0800230c   0x0800230c   0x00000002   Code   RO          465    i.MemManage_Handler  stm32f4xx_it.o
    0x0800230e   0x0800230e   0x00000002   Code   RO          466    i.NMI_Handler       stm32f4xx_it.o
    0x08002310   0x08002310   0x00000130   Code   RO         4694    i.PID_angle_calc    pid.o
    0x08002440   0x08002440   0x000000fe   Code   RO         4695    i.PID_calc          pid.o
    0x0800253e   0x0800253e   0x00000002   PAD
    0x08002540   0x08002540   0x00000144   Code   RO         4227    i.RC_RX_Decoder     rc.o
    0x08002684   0x08002684   0x00000018   Code   RO          467    i.SysTick_Handler   stm32f4xx_it.o
    0x0800269c   0x0800269c   0x00000094   Code   RO           14    i.SystemClock_Config  main.o
    0x08002730   0x08002730   0x00000010   Code   RO         2382    i.SystemInit        system_stm32f4xx.o
    0x08002740   0x08002740   0x00000010   Code   RO         2066    i.UART_DMAAbortOnError  stm32f4xx_hal_uart.o
    0x08002750   0x08002750   0x0000004e   Code   RO         2076    i.UART_EndRxTransfer  stm32f4xx_hal_uart.o
    0x0800279e   0x0800279e   0x000000c0   Code   RO         2078    i.UART_Receive_IT   stm32f4xx_hal_uart.o
    0x0800285e   0x0800285e   0x00000002   PAD
    0x08002860   0x08002860   0x0000010c   Code   RO         2079    i.UART_SetConfig    stm32f4xx_hal_uart.o
    0x0800296c   0x0800296c   0x00000014   Code   RO          468    i.USART3_IRQHandler  stm32f4xx_it.o
    0x08002980   0x08002980   0x00000098   Code   RO         4228    i.USART3_inIRQHandler  rc.o
    0x08002a18   0x08002a18   0x0000000c   Code   RO          469    i.USART6_IRQHandler  stm32f4xx_it.o
    0x08002a24   0x08002a24   0x00000002   Code   RO          470    i.UsageFault_Handler  stm32f4xx_it.o
    0x08002a26   0x08002a26   0x00000030   Code   RO         5054    i.__ARM_fpclassify  m_wm.l(fpclassify.o)
    0x08002a56   0x08002a56   0x00000026   Code   RO         5056    i.__ARM_fpclassifyf  m_wm.l(fpclassifyf.o)
    0x08002a7c   0x08002a7c   0x00000020   Code   RO         1613    i.__NVIC_SetPriority  stm32f4xx_hal_cortex.o
    0x08002a9c   0x08002a9c   0x0000012c   Code   RO         4845    i.__hardfp_asinf    m_wm.l(asinf.o)
    0x08002bc8   0x08002bc8   0x000002ac   Code   RO         4857    i.__hardfp_atan2f   m_wm.l(atan2f.o)
    0x08002e74   0x08002e74   0x00000004   PAD
    0x08002e78   0x08002e78   0x000000c8   Code   RO         4869    i.__hardfp_cos      m_wm.l(cos.o)
    0x08002f40   0x08002f40   0x00000c50   Code   RO         4881    i.__hardfp_pow      m_wm.l(pow.o)
    0x08003b90   0x08003b90   0x000000c8   Code   RO         4895    i.__hardfp_sin      m_wm.l(sin.o)
    0x08003c58   0x08003c58   0x0000007a   Code   RO         4907    i.__hardfp_sqrt     m_wm.l(sqrt.o)
    0x08003cd2   0x08003cd2   0x00000006   PAD
    0x08003cd8   0x08003cd8   0x00000438   Code   RO         5075    i.__ieee754_rem_pio2  m_wm.l(rred.o)
    0x08004110   0x08004110   0x00000170   Code   RO         5031    i.__kernel_cos      m_wm.l(cos_i.o)
    0x08004280   0x08004280   0x000000f8   Code   RO         5072    i.__kernel_poly     m_wm.l(poly.o)
    0x08004378   0x08004378   0x00000130   Code   RO         5080    i.__kernel_sin      m_wm.l(sin_i.o)
    0x080044a8   0x080044a8   0x00000030   Code   RO         5034    i.__mathlib_dbl_divzero  m_wm.l(dunder.o)
    0x080044d8   0x080044d8   0x00000014   Code   RO         5035    i.__mathlib_dbl_infnan  m_wm.l(dunder.o)
    0x080044ec   0x080044ec   0x00000014   Code   RO         5036    i.__mathlib_dbl_infnan2  m_wm.l(dunder.o)
    0x08004500   0x08004500   0x00000020   Code   RO         5037    i.__mathlib_dbl_invalid  m_wm.l(dunder.o)
    0x08004520   0x08004520   0x00000020   Code   RO         5038    i.__mathlib_dbl_overflow  m_wm.l(dunder.o)
    0x08004540   0x08004540   0x00000020   Code   RO         5040    i.__mathlib_dbl_underflow  m_wm.l(dunder.o)
    0x08004560   0x08004560   0x00000006   Code   RO         5059    i.__mathlib_flt_infnan  m_wm.l(funder.o)
    0x08004566   0x08004566   0x00000006   Code   RO         5060    i.__mathlib_flt_infnan2  m_wm.l(funder.o)
    0x0800456c   0x0800456c   0x00000010   Code   RO         5061    i.__mathlib_flt_invalid  m_wm.l(funder.o)
    0x0800457c   0x0800457c   0x00000010   Code   RO         5064    i.__mathlib_flt_underflow  m_wm.l(funder.o)
    0x0800458c   0x0800458c   0x00000030   Code   RO         4618    i.anglecircle       motorlib.o
    0x080045bc   0x080045bc   0x000000d0   Code   RO         4269    i.axis_angle_toquat  mpu.o
    0x0800468c   0x0800468c   0x0000007c   Code   RO         4620    i.canrxtomotinfo    motorlib.o
    0x08004708   0x08004708   0x00000030   Code   RO         4342    i.ctrlmestochas_pack  infoproc.o
    0x08004738   0x08004738   0x00000024   Code   RO         4343    i.curmestochas_pack  infoproc.o
    0x0800475c   0x0800475c   0x00000018   Code   RO         5050    i.fabs              m_wm.l(fabs.o)
    0x08004774   0x08004774   0x00000048   Code   RO         4422    i.gimbctrl          gimbctrl.o
    0x080047bc   0x080047bc   0x00000024   Code   RO         4423    i.gimbmotinfo_compl  gimbctrl.o
    0x080047e0   0x080047e0   0x00000154   Code   RO         4424    i.gimbmotpid_calc   gimbctrl.o
    0x08004934   0x08004934   0x00000158   Code   RO         4344    i.infoproc          infoproc.o
    0x08004a8c   0x08004a8c   0x00000032   Code   RO           15    i.main              main.o
    0x08004abe   0x08004abe   0x00000002   PAD
    0x08004ac0   0x08004ac0   0x00000030   Code   RO         4345    i.mestocan1_0x1ff_pack  infoproc.o
    0x08004af0   0x08004af0   0x0000003c   Code   RO         4348    i.mestocan2_0x200_pack  infoproc.o
    0x08004b2c   0x08004b2c   0x000000a8   Code   RO         4624    i.motaspid_calc     motorlib.o
    0x08004bd4   0x08004bd4   0x00000070   Code   RO         4625    i.motcurrentsensor  motorlib.o
    0x08004c44   0x08004c44   0x0000005c   Code   RO         4270    i.mpu_Quat_reci     mpu.o
    0x08004ca0   0x08004ca0   0x00000022   Code   RO         4271    i.mpu_acc_reci      mpu.o
    0x08004cc2   0x08004cc2   0x00000002   PAD
    0x08004cc4   0x08004cc4   0x00000090   Code   RO         4272    i.mpu_angle_calc    mpu.o
    0x08004d54   0x08004d54   0x00000022   Code   RO         4273    i.mpu_spe_reci      mpu.o
    0x08004d76   0x08004d76   0x0000001a   Code   RO         3541    i.osDelay           cmsis_os2.o
    0x08004d90   0x08004d90   0x00000024   Code   RO         3555    i.osKernelInitialize  cmsis_os2.o
    0x08004db4   0x08004db4   0x00000038   Code   RO         3558    i.osKernelStart     cmsis_os2.o
    0x08004dec   0x08004dec   0x0000008a   Code   RO         3600    i.osThreadNew       cmsis_os2.o
    0x08004e76   0x08004e76   0x00000002   PAD
    0x08004e78   0x08004e78   0x0000005c   Code   RO         2990    i.prvAddCurrentTaskToDelayedList  tasks.o
    0x08004ed4   0x08004ed4   0x000000d0   Code   RO         2991    i.prvAddNewTaskToReadyList  tasks.o
    0x08004fa4   0x08004fa4   0x00000058   Code   RO         3366    i.prvCheckForValidListAndQueue  timers.o
    0x08004ffc   0x08004ffc   0x00000026   Code   RO         2587    i.prvCopyDataFromQueue  queue.o
    0x08005022   0x08005022   0x0000006c   Code   RO         2588    i.prvCopyDataToQueue  queue.o
    0x0800508e   0x0800508e   0x00000034   Code   RO         2992    i.prvDeleteTCB      tasks.o
    0x080050c2   0x080050c2   0x00000002   PAD
    0x080050c4   0x080050c4   0x0000004c   Code   RO         4047    i.prvHeapInit       heap_4.o
    0x08005110   0x08005110   0x00000060   Code   RO         2993    i.prvIdleTask       tasks.o
    0x08005170   0x08005170   0x00000022   Code   RO         2590    i.prvInitialiseNewQueue  queue.o
    0x08005192   0x08005192   0x00000002   PAD
    0x08005194   0x08005194   0x000000b0   Code   RO         2994    i.prvInitialiseNewTask  tasks.o
    0x08005244   0x08005244   0x0000004c   Code   RO         4048    i.prvInsertBlockIntoFreeList  heap_4.o
    0x08005290   0x08005290   0x00000038   Code   RO         3368    i.prvInsertTimerInActiveList  timers.o
    0x080052c8   0x080052c8   0x0000001c   Code   RO         2591    i.prvIsQueueEmpty   queue.o
    0x080052e4   0x080052e4   0x000000fc   Code   RO         3369    i.prvProcessReceivedCommands  timers.o
    0x080053e0   0x080053e0   0x000000c0   Code   RO         3370    i.prvProcessTimerOrBlockTask  timers.o
    0x080054a0   0x080054a0   0x00000020   Code   RO         2996    i.prvResetNextTaskUnblockTime  tasks.o
    0x080054c0   0x080054c0   0x00000028   Code   RO         3371    i.prvSampleTimeNow  timers.o
    0x080054e8   0x080054e8   0x0000006c   Code   RO         3372    i.prvSwitchTimerLists  timers.o
    0x08005554   0x08005554   0x00000028   Code   RO         4103    i.prvTaskExitError  port.o
    0x0800557c   0x0800557c   0x00000024   Code   RO         3373    i.prvTimerTask      timers.o
    0x080055a0   0x080055a0   0x0000006a   Code   RO         2592    i.prvUnlockQueue    queue.o
    0x0800560a   0x0800560a   0x00000002   PAD
    0x0800560c   0x0800560c   0x000000dc   Code   RO         4049    i.pvPortMalloc      heap_4.o
    0x080056e8   0x080056e8   0x0000002c   Code   RO         4104    i.pxPortInitialiseStack  port.o
    0x08005714   0x08005714   0x00000070   Code   RO         4274    i.quar_rota_calc    mpu.o
    0x08005784   0x08005784   0x00000080   Code   RO         4275    i.quat_inverse      mpu.o
    0x08005804   0x08005804   0x000000d2   Code   RO         4276    i.quat_mult         mpu.o
    0x080058d6   0x080058d6   0x00000002   PAD
    0x080058d8   0x080058d8   0x0000021c   Code   RO         4349    i.rc_rbctrl_movedata_compl  infoproc.o
    0x08005af4   0x08005af4   0x000000f4   Code   RO         4350    i.rc_rbctrl_status_compl  infoproc.o
    0x08005be8   0x08005be8   0x0000006e   Code   RO         4909    i.sqrt              m_wm.l(sqrt.o)
    0x08005c56   0x08005c56   0x0000003e   Code   RO         5088    i.sqrtf             m_wm.l(sqrtf.o)
    0x08005c94   0x08005c94   0x00000026   Code   RO         2547    i.uxListRemove      list.o
    0x08005cba   0x08005cba   0x00000002   PAD
    0x08005cbc   0x08005cbc   0x00000014   Code   RO         3612    i.vApplicationGetIdleTaskMemory  cmsis_os2.o
    0x08005cd0   0x08005cd0   0x00000018   Code   RO         3613    i.vApplicationGetTimerTaskMemory  cmsis_os2.o
    0x08005ce8   0x08005ce8   0x00000016   Code   RO         2548    i.vListInitialise   list.o
    0x08005cfe   0x08005cfe   0x00000006   Code   RO         2549    i.vListInitialiseItem  list.o
    0x08005d04   0x08005d04   0x00000030   Code   RO         2550    i.vListInsert       list.o
    0x08005d34   0x08005d34   0x00000018   Code   RO         2551    i.vListInsertEnd    list.o
    0x08005d4c   0x08005d4c   0x00000040   Code   RO         4106    i.vPortEnterCritical  port.o
    0x08005d8c   0x08005d8c   0x00000028   Code   RO         4107    i.vPortExitCritical  port.o
    0x08005db4   0x08005db4   0x00000064   Code   RO         4050    i.vPortFree         heap_4.o
    0x08005e18   0x08005e18   0x00000024   Code   RO         4108    i.vPortSetupTimerInterrupt  port.o
    0x08005e3c   0x08005e3c   0x00000054   Code   RO         4109    i.vPortValidateInterruptPriority  port.o
    0x08005e90   0x08005e90   0x00000028   Code   RO         2598    i.vQueueAddToRegistry  queue.o
    0x08005eb8   0x08005eb8   0x00000044   Code   RO         2602    i.vQueueWaitForMessageRestricted  queue.o
    0x08005efc   0x08005efc   0x0000004c   Code   RO         3010    i.vTaskDelay        tasks.o
    0x08005f48   0x08005f48   0x00000010   Code   RO         3015    i.vTaskInternalSetTimeOutState  tasks.o
    0x08005f58   0x08005f58   0x0000000c   Code   RO         3016    i.vTaskMissedYield  tasks.o
    0x08005f64   0x08005f64   0x00000030   Code   RO         3018    i.vTaskPlaceOnEventList  tasks.o
    0x08005f94   0x08005f94   0x00000038   Code   RO         3019    i.vTaskPlaceOnEventListRestricted  tasks.o
    0x08005fcc   0x08005fcc   0x00000088   Code   RO         3027    i.vTaskStartScheduler  tasks.o
    0x08006054   0x08006054   0x00000010   Code   RO         3029    i.vTaskSuspendAll   tasks.o
    0x08006064   0x08006064   0x00000064   Code   RO         3030    i.vTaskSwitchContext  tasks.o
    0x080060c8   0x080060c8   0x0000004c   Code   RO         4464    i.weapctrl          weapctrl.o
    0x08006114   0x08006114   0x000000b4   Code   RO         4465    i.weapmotinfo_compl  weapctrl.o
    0x080061c8   0x080061c8   0x00000050   Code   RO         4466    i.weapmotpid_calc   weapctrl.o
    0x08006218   0x08006218   0x000000f4   Code   RO         4110    i.xPortStartScheduler  port.o
    0x0800630c   0x0800630c   0x0000002c   Code   RO         4111    i.xPortSysTickHandler  port.o
    0x08006338   0x08006338   0x00000066   Code   RO         2608    i.xQueueGenericCreateStatic  queue.o
    0x0800639e   0x0800639e   0x00000002   PAD
    0x080063a0   0x080063a0   0x00000088   Code   RO         2609    i.xQueueGenericReset  queue.o
    0x08006428   0x08006428   0x00000160   Code   RO         2610    i.xQueueGenericSend  queue.o
    0x08006588   0x08006588   0x000000be   Code   RO         2611    i.xQueueGenericSendFromISR  queue.o
    0x08006646   0x08006646   0x00000002   PAD
    0x08006648   0x08006648   0x00000138   Code   RO         2620    i.xQueueReceive     queue.o
    0x08006780   0x08006780   0x00000074   Code   RO         3032    i.xTaskCheckForTimeOut  tasks.o
    0x080067f4   0x080067f4   0x0000005a   Code   RO         3033    i.xTaskCreate       tasks.o
    0x0800684e   0x0800684e   0x00000056   Code   RO         3034    i.xTaskCreateStatic  tasks.o
    0x080068a4   0x080068a4   0x0000001c   Code   RO         3039    i.xTaskGetSchedulerState  tasks.o
    0x080068c0   0x080068c0   0x0000000c   Code   RO         3040    i.xTaskGetTickCount  tasks.o
    0x080068cc   0x080068cc   0x000000c8   Code   RO         3042    i.xTaskIncrementTick  tasks.o
    0x08006994   0x08006994   0x00000080   Code   RO         3045    i.xTaskPriorityDisinherit  tasks.o
    0x08006a14   0x08006a14   0x00000070   Code   RO         3047    i.xTaskRemoveFromEventList  tasks.o
    0x08006a84   0x08006a84   0x000000c4   Code   RO         3048    i.xTaskResumeAll    tasks.o
    0x08006b48   0x08006b48   0x00000060   Code   RO         3382    i.xTimerCreateTimerTask  timers.o
    0x08006ba8   0x08006ba8   0x00000068   Code   RO         3383    i.xTimerGenericCommand  timers.o
    0x08006c10   0x08006c10   0x00000018   Code   RO         5002    x$fpl$basic         fz_wm.l(basic.o)
    0x08006c28   0x08006c28   0x00000062   Code   RO         4833    x$fpl$d2f           fz_wm.l(d2f.o)
    0x08006c8a   0x08006c8a   0x00000002   PAD
    0x08006c8c   0x08006c8c   0x00000150   Code   RO         4835    x$fpl$dadd          fz_wm.l(daddsub_clz.o)
    0x08006ddc   0x08006ddc   0x00000010   Code   RO         5142    x$fpl$dcheck1       fz_wm.l(dcheck1.o)
    0x08006dec   0x08006dec   0x00000018   Code   RO         5144    x$fpl$dcmpinf       fz_wm.l(dcmpi.o)
    0x08006e04   0x08006e04   0x000002b0   Code   RO         5005    x$fpl$ddiv          fz_wm.l(ddiv.o)
    0x080070b4   0x080070b4   0x0000005e   Code   RO         5146    x$fpl$dfix          fz_wm.l(dfix.o)
    0x08007112   0x08007112   0x0000002e   Code   RO         5009    x$fpl$dflt          fz_wm.l(dflt_clz.o)
    0x08007140   0x08007140   0x00000026   Code   RO         5008    x$fpl$dfltu         fz_wm.l(dflt_clz.o)
    0x08007166   0x08007166   0x00000002   PAD
    0x08007168   0x08007168   0x00000078   Code   RO         5014    x$fpl$dleqf         fz_wm.l(dleqf.o)
    0x080071e0   0x080071e0   0x00000154   Code   RO         4841    x$fpl$dmul          fz_wm.l(dmul.o)
    0x08007334   0x08007334   0x0000009c   Code   RO         5016    x$fpl$dnaninf       fz_wm.l(dnaninf.o)
    0x080073d0   0x080073d0   0x0000000c   Code   RO         5018    x$fpl$dretinf       fz_wm.l(dretinf.o)
    0x080073dc   0x080073dc   0x0000006c   Code   RO         5020    x$fpl$drleqf        fz_wm.l(drleqf.o)
    0x08007448   0x08007448   0x00000016   Code   RO         4836    x$fpl$drsb          fz_wm.l(daddsub_clz.o)
    0x0800745e   0x0800745e   0x00000002   PAD
    0x08007460   0x08007460   0x00000198   Code   RO         5022    x$fpl$dsqrt         fz_wm.l(dsqrt_umaal.o)
    0x080075f8   0x080075f8   0x000001d4   Code   RO         4837    x$fpl$dsub          fz_wm.l(daddsub_clz.o)
    0x080077cc   0x080077cc   0x00000056   Code   RO         4843    x$fpl$f2d           fz_wm.l(f2d.o)
    0x08007822   0x08007822   0x0000008c   Code   RO         5024    x$fpl$fnaninf       fz_wm.l(fnaninf.o)
    0x080078ae   0x080078ae   0x0000000a   Code   RO         5150    x$fpl$fpinit        fz_wm.l(fpinit.o)
    0x080078b8   0x080078b8   0x0000000a   Code   RO         5026    x$fpl$fretinf       fz_wm.l(fretinf.o)
    0x080078c2   0x080078c2   0x00000064   Code   RO         5181    x$fpl$retnan        fz_wm.l(retnan.o)
    0x08007926   0x08007926   0x0000005c   Code   RO         5028    x$fpl$scalbn        fz_wm.l(scalbn.o)
    0x08007982   0x08007982   0x00000030   Code   RO         5215    x$fpl$trapveneer    fz_wm.l(trapv.o)
    0x080079b2   0x080079b2   0x00000000   Code   RO         5030    x$fpl$usenofp       fz_wm.l(usenofp.o)
    0x080079b2   0x080079b2   0x00000002   PAD
    0x080079b4   0x080079b4   0x0000006c   Data   RO          271    .constdata          freertos.o
    0x08007a20   0x08007a20   0x00000008   Data   RO         1330    .constdata          stm32f4xx_hal_dma.o
    0x08007a28   0x08007a28   0x00000010   Data   RO         2383    .constdata          system_stm32f4xx.o
    0x08007a38   0x08007a38   0x00000008   Data   RO         2384    .constdata          system_stm32f4xx.o
    0x08007a40   0x08007a40   0x00000088   Data   RO         4884    .constdata          m_wm.l(pow.o)
    0x08007ac8   0x08007ac8   0x00000030   Data   RO         5032    .constdata          m_wm.l(cos_i.o)
    0x08007af8   0x08007af8   0x00000008   Data   RO         5074    .constdata          m_wm.l(qnan.o)
    0x08007b00   0x08007b00   0x000000c8   Data   RO         5077    .constdata          m_wm.l(rred.o)
    0x08007bc8   0x08007bc8   0x00000028   Data   RO         5081    .constdata          m_wm.l(sin_i.o)
    0x08007bf0   0x08007bf0   0x00000021   Data   RO          272    .conststring        freertos.o
    0x08007c11   0x08007c11   0x00000003   PAD
    0x08007c14   0x08007c14   0x00000020   Data   RO         5245    Region$$Table       anon$$obj.o


    Execution Region RW_IRAM2 (Exec base: 0x10000000, Load base: 0x08007d14, Size: 0x00000000, Max: 0x00010000, ABSOLUTE)

    **** No section assigned to this execution region ****


    Execution Region RW_IRAM1 (Exec base: 0x20000000, Load base: 0x08007c34, Size: 0x000058a0, Max: 0x00020000, ABSOLUTE)

    Exec Addr    Load Addr    Size         Type   Attr      Idx    E Section Name        Object

    0x20000000   0x08007c34   0x0000000c   Data   RW          273    .data               freertos.o
    0x2000000c   0x08007c40   0x00000004   Data   RW          327    .data               can.o
    0x20000010   0x08007c44   0x0000000c   Data   RW         1757    .data               stm32f4xx_hal.o
    0x2000001c   0x08007c50   0x00000004   Data   RW         2385    .data               system_stm32f4xx.o
    0x20000020   0x08007c54   0x0000003c   Data   RW         3051    .data               tasks.o
    0x2000005c   0x08007c90   0x00000014   Data   RW         3391    .data               timers.o
    0x20000070   0x08007ca4   0x00000004   Data   RW         3615    .data               cmsis_os2.o
    0x20000074   0x08007ca8   0x00000020   Data   RW         4056    .data               heap_4.o
    0x20000094   0x08007cc8   0x0000000c   Data   RW         4112    .data               port.o
    0x200000a0   0x08007cd4   0x00000009   Data   RW         4186    .data               canbus.o
    0x200000a9   0x08007cdd   0x00000003   PAD
    0x200000ac   0x08007ce0   0x00000008   Data   RW         4230    .data               rc.o
    0x200000b4   0x08007ce8   0x0000002c   Data   RW         4353    .data               infoproc.o
    0x200000e0        -       0x00000050   Zero   RW          326    .bss                can.o
    0x20000130        -       0x0000024c   Zero   RW          400    .bss                usart.o
    0x2000037c        -       0x00000040   Zero   RW         2624    .bss                queue.o
    0x200003bc        -       0x000004c4   Zero   RW         3050    .bss                tasks.o
    0x20000880        -       0x00000118   Zero   RW         3390    .bss                timers.o
    0x20000998        -       0x000006b8   Zero   RW         3614    .bss                cmsis_os2.o
    0x20001050        -       0x00003c00   Zero   RW         4055    .bss                heap_4.o
    0x20004c50        -       0x00000018   Zero   RW         4185    .bss                canbus.o
    0x20004c68        -       0x00000096   Zero   RW         4229    .bss                rc.o
    0x20004cfe   0x08007d14   0x00000002   PAD
    0x20004d00        -       0x00000040   Zero   RW         4277    .bss                mpu.o
    0x20004d40        -       0x00000020   Zero   RW         4351    .bss                infoproc.o
    0x20004d60        -       0x000001c8   Zero   RW         4425    .bss                gimbctrl.o
    0x20004f28        -       0x00000318   Zero   RW         4467    .bss                weapctrl.o
    0x20005240        -       0x00000060   Zero   RW         5101    .bss                c_w.l(libspace.o)
    0x200052a0        -       0x00000200   Zero   RW            2    HEAP                startup_stm32f407xx.o
    0x200054a0        -       0x00000400   Zero   RW            1    STACK               startup_stm32f407xx.o


==============================================================================

Image component sizes


      Code (inc. data)   RO Data    RW Data    ZI Data      Debug   Object Name

       420         42          0          4         80       2618   can.o
       308         44          0          9         24       2215   canbus.o
       300         22          0          4       1720      64921   cmsis_os2.o
       108          4          0          0          0        878   dma.o
         0          0          0          0          0      19580   event_groups.o
        68         22        141         12          0       1502   freertos.o
       448         32          0          0        456       2999   gimbctrl.o
       376         26          0          0          0       1199   gpio.o
       472         24          0         32      15360       5063   heap_4.o
      1320        120          0         44         32       6786   infoproc.o
       138          0          0          0          0       3742   list.o
       202          8          0          0          0     687378   main.o
       452         32          0          0          0       3198   motorlib.o
       962         30          0          0         64       6505   mpu.o
       558          4          0          0          0       1760   pid.o
       786         82          0         12          0      11897   port.o
      1514         20          0          0         64      17912   queue.o
       476         28          0          8        150       4207   rc.o
        64         26        392          0       1536        876   startup_stm32f407xx.o
       144         24          0         12          0       8997   stm32f4xx_hal.o
      1266          0          0          0          0      12293   stm32f4xx_hal_can.o
       198         14          0          0          0      34143   stm32f4xx_hal_cortex.o
       934         16          8          0          0       5847   stm32f4xx_hal_dma.o
       532         52          0          0          0       3532   stm32f4xx_hal_gpio.o
        56          4          0          0          0        902   stm32f4xx_hal_msp.o
      1348         76          0          0          0       5432   stm32f4xx_hal_rcc.o
      1276         16          0          0          0       8656   stm32f4xx_hal_uart.o
       188         58          0          0          0      10463   stm32f4xx_it.o
         0          0          0          0          0        392   stream_buffer.o
        16          4         24          4          0       1203   system_stm32f4xx.o
      2084        168          0         60       1220      27768   tasks.o
       972         80          0         20        280      32663   timers.o
       776         78          0          0        588       3704   usart.o
       336         30          0          0        792       3007   weapctrl.o

    ----------------------------------------------------------------------
     19142       1186        600        224      22368    1004238   Object Totals
         0          0         32          0          0          0   (incl. Generated)
        44          0          3          3          2          0   (incl. Padding)

    ----------------------------------------------------------------------

      Code (inc. data)   RO Data    RW Data    ZI Data      Debug   Library Member Name

         8          0          0          0          0         68   __main.o
         0          0          0          0          0          0   __rtentry.o
        12          0          0          0          0          0   __rtentry2.o
         6          0          0          0          0          0   __rtentry4.o
        52          8          0          0          0          0   __scatter.o
        26          0          0          0          0          0   __scatter_copy.o
        28          0          0          0          0          0   __scatter_zi.o
        22          0          0          0          0        100   _rserrno.o
        16          0          0          0          0         68   aeabi_memset.o
        18          0          0          0          0         80   exit.o
         6          0          0          0          0        152   heapauxi.o
         0          0          0          0          0          0   indicate_semi.o
         2          0          0          0          0          0   libinit.o
         6          0          0          0          0          0   libinit2.o
         2          0          0          0          0          0   libshutdown.o
         2          0          0          0          0          0   libshutdown2.o
         8          4          0          0         96         68   libspace.o
       238          0          0          0          0        100   lludivv7m.o
         8          4          0          0          0         68   rt_errno_addr_intlibspace.o
        68          0          0          0          0         68   rt_memclr.o
        78          0          0          0          0         80   rt_memclr_w.o
       138          0          0          0          0         68   rt_memcpy_v6.o
       100          0          0          0          0         80   rt_memcpy_w.o
         2          0          0          0          0          0   rtexit.o
        10          0          0          0          0          0   rtexit2.o
        12          4          0          0          0         68   sys_exit.o
        74          0          0          0          0         80   sys_stackheap_outer.o
         2          0          0          0          0         68   use_no_semi.o
        24          0          0          0          0        164   basic.o
        98          4          0          0          0        140   d2f.o
       826         16          0          0          0        492   daddsub_clz.o
        16          4          0          0          0        116   dcheck1.o
        24          0          0          0          0        116   dcmpi.o
       688        140          0          0          0        256   ddiv.o
        94          4          0          0          0        140   dfix.o
        84          0          0          0          0        232   dflt_clz.o
       120          4          0          0          0        140   dleqf.o
       340         12          0          0          0        152   dmul.o
       156          4          0          0          0        140   dnaninf.o
        12          0          0          0          0        116   dretinf.o
       108          0          0          0          0        128   drleqf.o
       408         56          0          0          0        168   dsqrt_umaal.o
        86          4          0          0          0        132   f2d.o
       140          4          0          0          0        132   fnaninf.o
        10          0          0          0          0        116   fpinit.o
        10          0          0          0          0        116   fretinf.o
       100          0          0          0          0        116   retnan.o
        92          0          0          0          0        116   scalbn.o
        48          0          0          0          0        116   trapv.o
         0          0          0          0          0          0   usenofp.o
       300         42          0          0          0        176   asinf.o
       684         90          0          0          0        208   atan2f.o
       200         20          0          0          0        164   cos.o
       368         46         48          0          0        200   cos_i.o
       184         44          0          0          0        744   dunder.o
        24          0          0          0          0        124   fabs.o
        48          0          0          0          0        124   fpclassify.o
        38          0          0          0          0        116   fpclassifyf.o
        44         12          0          0          0        464   funder.o
       248          0          0          0          0        152   poly.o
      3152        296        136          0          0        352   pow.o
         0          0          8          0          0          0   qnan.o
      1080        142        200          0          0        188   rred.o
       200         20          0          0          0        164   sin.o
       304         24         40          0          0        208   sin_i.o
       232          0          0          0          0        296   sqrt.o
        62          0          0          0          0        136   sqrtf.o

    ----------------------------------------------------------------------
     11622       1012        432          0         96       8376   Library Totals
        26          4          0          0          0          0   (incl. Padding)

    ----------------------------------------------------------------------

      Code (inc. data)   RO Data    RW Data    ZI Data      Debug   Library Name

       944         20          0          0         96       1216   c_w.l
      3484        252          0          0          0       3344   fz_wm.l
      7168        736        432          0          0       3816   m_wm.l

    ----------------------------------------------------------------------
     11622       1012        432          0         96       8376   Library Totals

    ----------------------------------------------------------------------

==============================================================================


      Code (inc. data)   RO Data    RW Data    ZI Data      Debug   

     30764       2198       1032        224      22464     990142   Grand Totals
     30764       2198       1032        224      22464     990142   ELF Image Totals
     30764       2198       1032        224          0          0   ROM Totals

==============================================================================

    Total RO  Size (Code + RO Data)                31796 (  31.05kB)
    Total RW  Size (RW Data + ZI Data)             22688 (  22.16kB)
    Total ROM Size (Code + RO Data + RW Data)      32020 (  31.27kB)

==============================================================================

