Component: ARM Compiler 5.06 update 7 (build 960) Tool: armlink [4d3601]

==============================================================================

Section Cross References

    startup_stm32f407xx.o(STACK) refers (Special) to heapauxi.o(.text) for __use_two_region_memory
    startup_stm32f407xx.o(HEAP) refers (Special) to heapauxi.o(.text) for __use_two_region_memory
    startup_stm32f407xx.o(RESET) refers (Special) to heapauxi.o(.text) for __use_two_region_memory
    startup_stm32f407xx.o(RESET) refers to startup_stm32f407xx.o(STACK) for __initial_sp
    startup_stm32f407xx.o(RESET) refers to startup_stm32f407xx.o(.text) for Reset_Handler
    startup_stm32f407xx.o(RESET) refers to stm32f4xx_it.o(i.NMI_Handler) for NMI_Handler
    startup_stm32f407xx.o(RESET) refers to stm32f4xx_it.o(i.HardFault_Handler) for HardFault_Handler
    startup_stm32f407xx.o(RESET) refers to stm32f4xx_it.o(i.MemManage_Handler) for MemManage_Handler
    startup_stm32f407xx.o(RESET) refers to stm32f4xx_it.o(i.BusFault_Handler) for BusFault_Handler
    startup_stm32f407xx.o(RESET) refers to stm32f4xx_it.o(i.UsageFault_Handler) for UsageFault_Handler
    startup_stm32f407xx.o(RESET) refers to port.o(.emb_text) for SVC_Handler
    startup_stm32f407xx.o(RESET) refers to stm32f4xx_it.o(i.DebugMon_Handler) for DebugMon_Handler
    startup_stm32f407xx.o(RESET) refers to stm32f4xx_it.o(i.SysTick_Handler) for SysTick_Handler
    startup_stm32f407xx.o(RESET) refers to stm32f4xx_it.o(i.EXTI0_IRQHandler) for EXTI0_IRQHandler
    startup_stm32f407xx.o(RESET) refers to stm32f4xx_it.o(i.EXTI3_IRQHandler) for EXTI3_IRQHandler
    startup_stm32f407xx.o(RESET) refers to stm32f4xx_it.o(i.EXTI4_IRQHandler) for EXTI4_IRQHandler
    startup_stm32f407xx.o(RESET) refers to stm32f4xx_it.o(i.DMA1_Stream1_IRQHandler) for DMA1_Stream1_IRQHandler
    startup_stm32f407xx.o(RESET) refers to stm32f4xx_it.o(i.CAN1_TX_IRQHandler) for CAN1_TX_IRQHandler
    startup_stm32f407xx.o(RESET) refers to stm32f4xx_it.o(i.CAN1_RX0_IRQHandler) for CAN1_RX0_IRQHandler
    startup_stm32f407xx.o(RESET) refers to stm32f4xx_it.o(i.EXTI9_5_IRQHandler) for EXTI9_5_IRQHandler
    startup_stm32f407xx.o(RESET) refers to stm32f4xx_it.o(i.DMA2_Stream1_IRQHandler) for DMA2_Stream1_IRQHandler
    startup_stm32f407xx.o(RESET) refers to stm32f4xx_it.o(i.CAN2_TX_IRQHandler) for CAN2_TX_IRQHandler
    startup_stm32f407xx.o(RESET) refers to stm32f4xx_it.o(i.CAN2_RX0_IRQHandler) for CAN2_RX0_IRQHandler
    startup_stm32f407xx.o(RESET) refers to stm32f4xx_it.o(i.DMA2_Stream5_IRQHandler) for DMA2_Stream5_IRQHandler
    startup_stm32f407xx.o(RESET) refers to stm32f4xx_it.o(i.DMA2_Stream6_IRQHandler) for DMA2_Stream6_IRQHandler
    startup_stm32f407xx.o(RESET) refers to stm32f4xx_it.o(i.USART6_IRQHandler) for USART6_IRQHandler
    startup_stm32f407xx.o(.text) refers (Special) to heapauxi.o(.text) for __use_two_region_memory
    startup_stm32f407xx.o(.text) refers to system_stm32f4xx.o(i.SystemInit) for SystemInit
    startup_stm32f407xx.o(.text) refers to __main.o(!!!main) for __main
    startup_stm32f407xx.o(.text) refers to startup_stm32f407xx.o(HEAP) for Heap_Mem
    startup_stm32f407xx.o(.text) refers to startup_stm32f407xx.o(STACK) for Stack_Mem
    main.o(i.SystemClock_Config) refers to rt_memclr_w.o(.text) for __aeabi_memclr4
    main.o(i.SystemClock_Config) refers to stm32f4xx_hal_rcc.o(i.HAL_RCC_OscConfig) for HAL_RCC_OscConfig
    main.o(i.SystemClock_Config) refers to stm32f4xx_hal_rcc.o(i.HAL_RCC_ClockConfig) for HAL_RCC_ClockConfig
    main.o(i.main) refers to stm32f4xx_hal.o(i.HAL_Init) for HAL_Init
    main.o(i.main) refers to main.o(i.SystemClock_Config) for SystemClock_Config
    main.o(i.main) refers to gpio.o(i.MX_GPIO_Init) for MX_GPIO_Init
    main.o(i.main) refers to dma.o(i.MX_DMA_Init) for MX_DMA_Init
    main.o(i.main) refers to can.o(i.MX_CAN1_Init) for MX_CAN1_Init
    main.o(i.main) refers to can.o(i.MX_CAN2_Init) for MX_CAN2_Init
    main.o(i.main) refers to usart.o(i.MX_USART3_UART_Init) for MX_USART3_UART_Init
    main.o(i.main) refers to usart.o(i.MX_USART1_UART_Init) for MX_USART1_UART_Init
    main.o(i.main) refers to usart.o(i.MX_USART6_UART_Init) for MX_USART6_UART_Init
    main.o(i.main) refers to cmsis_os2.o(i.osKernelInitialize) for osKernelInitialize
    main.o(i.main) refers to freertos.o(i.MX_FREERTOS_Init) for MX_FREERTOS_Init
    main.o(i.main) refers to cmsis_os2.o(i.osKernelStart) for osKernelStart
    gpio.o(i.MX_GPIO_Init) refers to rt_memclr_w.o(.text) for __aeabi_memclr4
    gpio.o(i.MX_GPIO_Init) refers to stm32f4xx_hal_gpio.o(i.HAL_GPIO_WritePin) for HAL_GPIO_WritePin
    gpio.o(i.MX_GPIO_Init) refers to stm32f4xx_hal_gpio.o(i.HAL_GPIO_Init) for HAL_GPIO_Init
    gpio.o(i.MX_GPIO_Init) refers to stm32f4xx_hal_cortex.o(i.HAL_NVIC_SetPriority) for HAL_NVIC_SetPriority
    gpio.o(i.MX_GPIO_Init) refers to stm32f4xx_hal_cortex.o(i.HAL_NVIC_EnableIRQ) for HAL_NVIC_EnableIRQ
[...]
    $v0                                      0x08004eba   Number         0  dflt_clz.o(x$fpl$dflt)
    x$fpl$dfltu                              0x08004ee8   Section       38  dflt_clz.o(x$fpl$dfltu)
    $v0                                      0x08004ee8   Number         0  dflt_clz.o(x$fpl$dfltu)
    x$fpl$dmul                               0x08004f10   Section      340  dmul.o(x$fpl$dmul)
    $v0                                      0x08004f10   Number         0  dmul.o(x$fpl$dmul)
    x$fpl$dnaninf                            0x08005064   Section      156  dnaninf.o(x$fpl$dnaninf)
    $v0                                      0x08005064   Number         0  dnaninf.o(x$fpl$dnaninf)
    x$fpl$dretinf                            0x08005100   Section       12  dretinf.o(x$fpl$dretinf)
    $v0                                      0x08005100   Number         0  dretinf.o(x$fpl$dretinf)
    x$fpl$drsb                               0x0800510c   Section       22  daddsub_clz.o(x$fpl$drsb)
    $v0                                      0x0800510c   Number         0  daddsub_clz.o(x$fpl$drsb)
    x$fpl$dsub                               0x08005124   Section      468  daddsub_clz.o(x$fpl$dsub)
    $v0                                      0x08005124   Number         0  daddsub_clz.o(x$fpl$dsub)
    _dsub1                                   0x08005135   Thumb Code     0  daddsub_clz.o(x$fpl$dsub)
    x$fpl$f2d                                0x080052f8   Section       86  f2d.o(x$fpl$f2d)
    $v0                                      0x080052f8   Number         0  f2d.o(x$fpl$f2d)
    x$fpl$fnaninf                            0x0800534e   Section      140  fnaninf.o(x$fpl$fnaninf)
    $v0                                      0x0800534e   Number         0  fnaninf.o(x$fpl$fnaninf)
    x$fpl$fpinit                             0x080053da   Section       10  fpinit.o(x$fpl$fpinit)
    $v0                                      0x080053da   Number         0  fpinit.o(x$fpl$fpinit)
    x$fpl$fretinf                            0x080053e4   Section       10  fretinf.o(x$fpl$fretinf)
    $v0                                      0x080053e4   Number         0  fretinf.o(x$fpl$fretinf)
    x$fpl$usenofp                            0x080053ee   Section        0  usenofp.o(x$fpl$usenofp)
    .constdata                               0x080053f0   Section      108  freertos.o(.constdata)
    .constdata                               0x0800545c   Section        8  stm32f4xx_hal_dma.o(.constdata)
    flagBitshiftOffset                       0x0800545c   Data           8  stm32f4xx_hal_dma.o(.constdata)
    .constdata                               0x08005464   Section       16  system_stm32f4xx.o(.constdata)
    .constdata                               0x08005474   Section        8  system_stm32f4xx.o(.constdata)
    .constdata                               0x08005480   Section       48  cos_i.o(.constdata)
    C                                        0x08005480   Data          48  cos_i.o(.constdata)
    .constdata                               0x080054b0   Section      200  rred.o(.constdata)
    pio2s                                    0x080054b0   Data          48  rred.o(.constdata)
    twooverpi                                0x080054e0   Data         152  rred.o(.constdata)
    .constdata                               0x08005578   Section       40  sin_i.o(.constdata)
    S                                        0x08005578   Data          40  sin_i.o(.constdata)
    .conststring                             0x080055a0   Section       33  freertos.o(.conststring)
    .data                                    0x20000000   Section       12  freertos.o(.data)
    .data                                    0x2000000c   Section        4  can.o(.data)
    HAL_RCC_CAN1_CLK_ENABLED                 0x2000000c   Data           4  can.o(.data)
    .data                                    0x20000010   Section       12  stm32f4xx_hal.o(.data)
    .data                                    0x2000001c   Section        4  system_stm32f4xx.o(.data)
    .data                                    0x20000020   Section       60  tasks.o(.data)
    uxDeletedTasksWaitingCleanUp             0x20000024   Data           4  tasks.o(.data)
    uxCurrentNumberOfTasks                   0x20000028   Data           4  tasks.o(.data)
    xTickCount                               0x2000002c   Data           4  tasks.o(.data)
    uxTopReadyPriority                       0x20000030   Data           4  tasks.o(.data)
    xSchedulerRunning                        0x20000034   Data           4  tasks.o(.data)
    xPendedTicks                             0x20000038   Data           4  tasks.o(.data)
    xYieldPending                            0x2000003c   Data           4  tasks.o(.data)
    xNumOfOverflows                          0x20000040   Data           4  tasks.o(.data)
    uxTaskNumber                             0x20000044   Data           4  tasks.o(.data)
    xNextTaskUnblockTime                     0x20000048   Data           4  tasks.o(.data)
    xIdleTaskHandle                          0x2000004c   Data           4  tasks.o(.data)
    uxSchedulerSuspended                     0x20000050   Data           4  tasks.o(.data)
    pxDelayedTaskList                        0x20000054   Data           4  tasks.o(.data)
    pxOverflowDelayedTaskList                0x20000058   Data           4  tasks.o(.data)
    .data                                    0x2000005c   Section       20  timers.o(.data)
    xTimerQueue                              0x2000005c   Data           4  timers.o(.data)
    xTimerTaskHandle                         0x20000060   Data           4  timers.o(.data)
    xLastTime                                0x20000064   Data           4  timers.o(.data)
    pxCurrentTimerList                       0x20000068   Data           4  timers.o(.data)
    pxOverflowTimerList                      0x2000006c   Data           4  timers.o(.data)
    .data                                    0x20000070   Section        4  cmsis_os2.o(.data)
    KernelState                              0x20000070   Data           4  cmsis_os2.o(.data)
    .data                                    0x20000074   Section       32  heap_4.o(.data)
    pxEnd                                    0x20000074   Data           4  heap_4.o(.data)
    xFreeBytesRemaining                      0x20000078   Data           4  heap_4.o(.data)
    xMinimumEverFreeBytesRemaining           0x2000007c   Data           4  heap_4.o(.data)
    xNumberOfSuccessfulAllocations           0x20000080   Data           4  heap_4.o(.data)
    xNumberOfSuccessfulFrees                 0x20000084   Data           4  heap_4.o(.data)
    xBlockAllocatedBit                       0x20000088   Data           4  heap_4.o(.data)
    xStart                                   0x2000008c   Data           8  heap_4.o(.data)
    .data                                    0x20000094   Section       12  port.o(.data)
    ucMaxSysCallPriority                     0x20000094   Data           1  port.o(.data)
    uxCriticalNesting                        0x20000098   Data           4  port.o(.data)
    ulMaxPRIGROUPValue                       0x2000009c   Data           4  port.o(.data)
    .data                                    0x200000a0   Section        9  canbus.o(.data)
    CAN_tx_message                           0x200000a1   Data           8  canbus.o(.data)
    .data                                    0x200000aa   Section        8  infoproc.o(.data)
    .bss                                     0x200000b4   Section       80  can.o(.bss)
    .bss                                     0x20000104   Section      588  usart.o(.bss)
    .bss                                     0x20000350   Section       64  queue.o(.bss)
    .bss                                     0x20000390   Section     1220  tasks.o(.bss)
    pxReadyTasksLists                        0x20000390   Data        1120  tasks.o(.bss)
    xDelayedTaskList1                        0x200007f0   Data          20  tasks.o(.bss)
    xDelayedTaskList2                        0x20000804   Data          20  tasks.o(.bss)
    xPendingReadyList                        0x20000818   Data          20  tasks.o(.bss)
    xTasksWaitingTermination                 0x2000082c   Data          20  tasks.o(.bss)
    xSuspendedTaskList                       0x20000840   Data          20  tasks.o(.bss)
    .bss                                     0x20000854   Section      280  timers.o(.bss)
    xStaticTimerQueue                        0x20000854   Data          80  timers.o(.bss)
    ucStaticTimerQueueStorage                0x200008a4   Data         160  timers.o(.bss)
    xActiveTimerList1                        0x20000944   Data          20  timers.o(.bss)
    xActiveTimerList2                        0x20000958   Data          20  timers.o(.bss)
    .bss                                     0x2000096c   Section     1720  cmsis_os2.o(.bss)
    Idle_TCB                                 0x2000096c   Data          92  cmsis_os2.o(.bss)
    Idle_Stack                               0x200009c8   Data         512  cmsis_os2.o(.bss)
    Timer_TCB                                0x20000bc8   Data          92  cmsis_os2.o(.bss)
    Timer_Stack                              0x20000c24   Data        1024  cmsis_os2.o(.bss)
    .bss                                     0x20001024   Section    15360  heap_4.o(.bss)
    ucHeap                                   0x20001024   Data       15360  heap_4.o(.bss)
    .bss                                     0x20004c24   Section       24  canbus.o(.bss)
    CAN_tx                                   0x20004c24   Data          24  canbus.o(.bss)
    .bss                                     0x20004c3c   Section      150  rc.o(.bss)
    .bss                                     0x20004cd4   Section       32  infoproc.o(.bss)
    .bss                                     0x20004cf4   Section       96  libspace.o(.bss)
    HEAP                                     0x20004d58   Section      512  startup_stm32f407xx.o(HEAP)
    Heap_Mem                                 0x20004d58   Data         512  startup_stm32f407xx.o(HEAP)
    STACK                                    0x20004f58   Section     1024  startup_stm32f407xx.o(STACK)
    Stack_Mem                                0x20004f58   Data        1024  startup_stm32f407xx.o(STACK)
    __initial_sp                             0x20005358   Data           0  startup_stm32f407xx.o(STACK)

    Global Symbols

    Symbol Name                              Value     Ov Type        Size  Object(Section)

    BuildAttributes$$THM_ISAv4$E$P$D$K$B$S$7EM$VFPi3$EXTD16$VFPS$VFMA$PE$A:L22UL41UL21$X:L11$S22US41US21$IEEE1$IW$USESV6$~STKCKD$USESV7$~SHL$OTIME$ROPI$IEEEX$EBA8$UX$STANDARDLIB$REQ8$PRES8$EABIv2 0x00000000   Number         0  anon$$obj.o ABSOLUTE
    __ARM_use_no_argv                        0x00000000   Number         0  main.o ABSOLUTE
    __ARM_exceptions_init                     - Undefined Weak Reference
    __alloca_initialize                       - Undefined Weak Reference
    __arm_fini_                               - Undefined Weak Reference
    __arm_preinit_                            - Undefined Weak Reference
    __cpp_initialize__aeabi_                  - Undefined Weak Reference
    __cxa_finalize                            - Undefined Weak Reference
    __rt_locale                               - Undefined Weak Reference
    __sigvec_lookup                           - Undefined Weak Reference
    __user_heap_extent                        - Undefined Weak Reference
    _atexit_init                              - Undefined Weak Reference
    _call_atexit_fns                          - Undefined Weak Reference
    _clock_init                               - Undefined Weak Reference
    _fp_trap_init                             - Undefined Weak Reference
    _fp_trap_shutdown                         - Undefined Weak Reference
    _get_lc_collate                           - Undefined Weak Reference
    _get_lc_ctype                             - Undefined Weak Reference
    _get_lc_monetary                          - Undefined Weak Reference
    _get_lc_numeric                           - Undefined Weak Reference
    _get_lc_time                              - Undefined Weak Reference
    _getenv_init                              - Undefined Weak Reference
    _handle_redirection                       - Undefined Weak Reference
    _initio                                   - Undefined Weak Reference
    _mutex_acquire                            - Undefined Weak Reference
    _mutex_free                               - Undefined Weak Reference
    _mutex_release                            - Undefined Weak Reference
    _rand_init                                - Undefined Weak Reference
    _signal_finish                            - Undefined Weak Reference
    _signal_init                              - Undefined Weak Reference
    _terminateio                              - Undefined Weak Reference
    __Vectors_Size                           0x00000188   Number         0  startup_stm32f407xx.o ABSOLUTE
    __Vectors                                0x08000000   Data           4  startup_stm32f407xx.o(RESET)
    __Vectors_End                            0x08000188   Data           0  startup_stm32f407xx.o(RESET)
    __main                                   0x08000189   Thumb Code     8  __main.o(!!!main)
    __scatterload                            0x08000191   Thumb Code     0  __scatter.o(!!!scatter)
    __scatterload_rt2                        0x08000191   Thumb Code    44  __scatter.o(!!!scatter)
    __scatterload_rt2_thumb_only             0x08000191   Thumb Code     0  __scatter.o(!!!scatter)
    __scatterload_null                       0x0800019f   Thumb Code     0  __scatter.o(!!!scatter)
    __scatterload_copy                       0x080001c5   Thumb Code    26  __scatter_copy.o(!!handler_copy)
    __scatterload_zeroinit                   0x080001e1   Thumb Code    28  __scatter_zi.o(!!handler_zi)
    __rt_lib_init                            0x080001fd   Thumb Code     0  libinit.o(.ARM.Collect$$libinit$$00000000)
    __rt_lib_init_fp_1                       0x080001ff   Thumb Code     0  libinit2.o(.ARM.Collect$$libinit$$00000001)
    __rt_lib_init_alloca_1                   0x08000203   Thumb Code     0  libinit2.o(.ARM.Collect$$libinit$$0000002E)
    __rt_lib_init_argv_1                     0x08000203   Thumb Code     0  libinit2.o(.ARM.Collect$$libinit$$0000002C)
    __rt_lib_init_atexit_1                   0x08000203   Thumb Code     0  libinit2.o(.ARM.Collect$$libinit$$0000001B)
    __rt_lib_init_clock_1                    0x08000203   Thumb Code     0  libinit2.o(.ARM.Collect$$libinit$$00000021)
    __rt_lib_init_cpp_1                      0x08000203   Thumb Code     0  libinit2.o(.ARM.Collect$$libinit$$00000032)
    __rt_lib_init_exceptions_1               0x08000203   Thumb Code     0  libinit2.o(.ARM.Collect$$libinit$$00000030)
    __rt_lib_init_fp_trap_1                  0x08000203   Thumb Code     0  libinit2.o(.ARM.Collect$$libinit$$0000001F)
    __rt_lib_init_getenv_1                   0x08000203   Thumb Code     0  libinit2.o(.ARM.Collect$$libinit$$00000023)
    __rt_lib_init_heap_1                     0x08000203   Thumb Code     0  libinit2.o(.ARM.Collect$$libinit$$0000000A)
    __rt_lib_init_lc_collate_1               0x08000203   Thumb Code     0  libinit2.o(.ARM.Collect$$libinit$$00000011)
    __rt_lib_init_lc_ctype_1                 0x08000203   Thumb Code     0  libinit2.o(.ARM.Collect$$libinit$$00000013)
    __rt_lib_init_lc_monetary_1              0x08000203   Thumb Code     0  libinit2.o(.ARM.Collect$$libinit$$00000015)
    __rt_lib_init_lc_numeric_1               0x08000203   Thumb Code     0  libinit2.o(.ARM.Collect$$libinit$$00000017)
    __rt_lib_init_lc_time_1                  0x08000203   Thumb Code     0  libinit2.o(.ARM.Collect$$libinit$$00000019)
    __rt_lib_init_preinit_1                  0x08000203   Thumb Code     0  libinit2.o(.ARM.Collect$$libinit$$00000004)
    __rt_lib_init_rand_1                     0x08000203   Thumb Code     0  libinit2.o(.ARM.Collect$$libinit$$0000000E)
    __rt_lib_init_return                     0x08000203   Thumb Code     0  libinit2.o(.ARM.Collect$$libinit$$00000033)
    __rt_lib_init_signal_1                   0x08000203   Thumb Code     0  libinit2.o(.ARM.Collect$$libinit$$0000001D)
    __rt_lib_init_stdio_1                    0x08000203   Thumb Code     0  libinit2.o(.ARM.Collect$$libinit$$00000025)
    __rt_lib_init_user_alloc_1               0x08000203   Thumb Code     0  libinit2.o(.ARM.Collect$$libinit$$0000000C)
    __rt_lib_shutdown                        0x08000205   Thumb Code     0  libshutdown.o(.ARM.Collect$$libshutdown$$00000000)
    __rt_lib_shutdown_cpp_1                  0x08000207   Thumb Code     0  libshutdown2.o(.ARM.Collect$$libshutdown$$00000004)
    __rt_lib_shutdown_fini_1                 0x08000207   Thumb Code     0  libshutdown2.o(.ARM.Collect$$libshutdown$$00000002)
    __rt_lib_shutdown_fp_trap_1              0x08000207   Thumb Code     0  libshutdown2.o(.ARM.Collect$$libshutdown$$00000009)
    __rt_lib_shutdown_heap_1                 0x08000207   Thumb Code     0  libshutdown2.o(.ARM.Collect$$libshutdown$$00000011)
    __rt_lib_shutdown_return                 0x08000207   Thumb Code     0  libshutdown2.o(.ARM.Collect$$libshutdown$$00000012)
    __rt_lib_shutdown_signal_1               0x08000207   Thumb Code     0  libshutdown2.o(.ARM.Collect$$libshutdown$$0000000C)
    __rt_lib_shutdown_stdio_1                0x08000207   Thumb Code     0  libshutdown2.o(.ARM.Collect$$libshutdown$$00000006)
    __rt_lib_shutdown_user_alloc_1           0x08000207   Thumb Code     0  libshutdown2.o(.ARM.Collect$$libshutdown$$0000000E)
    __rt_entry                               0x08000209   Thumb Code     0  __rtentry.o(.ARM.Collect$$rtentry$$00000000)
    __rt_entry_presh_1                       0x08000209   Thumb Code     0  __rtentry2.o(.ARM.Collect$$rtentry$$00000002)
    __rt_entry_sh                            0x08000209   Thumb Code     0  __rtentry4.o(.ARM.Collect$$rtentry$$00000004)
    __rt_entry_li                            0x0800020f   Thumb Code     0  __rtentry2.o(.ARM.Collect$$rtentry$$0000000A)
    __rt_entry_postsh_1                      0x0800020f   Thumb Code     0  __rtentry2.o(.ARM.Collect$$rtentry$$00000009)
    __rt_entry_main                          0x08000213   Thumb Code     0  __rtentry2.o(.ARM.Collect$$rtentry$$0000000D)
    __rt_entry_postli_1                      0x08000213   Thumb Code     0  __rtentry2.o(.ARM.Collect$$rtentry$$0000000C)
    __rt_exit                                0x0800021b   Thumb Code     0  rtexit.o(.ARM.Collect$$rtexit$$00000000)
    __rt_exit_ls                             0x0800021d   Thumb Code     0  rtexit2.o(.ARM.Collect$$rtexit$$00000003)
    __rt_exit_prels_1                        0x0800021d   Thumb Code     0  rtexit2.o(.ARM.Collect$$rtexit$$00000002)
    __rt_exit_exit                           0x08000221   Thumb Code     0  rtexit2.o(.ARM.Collect$$rtexit$$00000004)
    SVC_Handler                              0x08000229   Thumb Code    28  port.o(.emb_text)
    __asm___6_port_c_39a90d8d__prvStartFirstTask 0x08000249   Thumb Code    36  port.o(.emb_text)
    __asm___6_port_c_39a90d8d__prvEnableVFP  0x08000271   Thumb Code    16  port.o(.emb_text)
    PendSV_Handler                           0x08000285   Thumb Code    88  port.o(.emb_text)
    vPortGetIPSR                             0x080002e1   Thumb Code     6  port.o(.emb_text)
    Reset_Handler                            0x080002e9   Thumb Code     8  startup_stm32f407xx.o(.text)
    ADC_IRQHandler                           0x08000303   Thumb Code     0  startup_stm32f407xx.o(.text)
    CAN1_RX1_IRQHandler                      0x08000303   Thumb Code     0  startup_stm32f407xx.o(.text)
    CAN1_SCE_IRQHandler                      0x08000303   Thumb Code     0  startup_stm32f407xx.o(.text)
    CAN2_RX1_IRQHandler                      0x08000303   Thumb Code     0  startup_stm32f407xx.o(.text)
    CAN2_SCE_IRQHandler                      0x08000303   Thumb Code     0  startup_stm32f407xx.o(.text)
    DCMI_IRQHandler                          0x08000303   Thumb Code     0  startup_stm32f407xx.o(.text)
    DMA1_Stream0_IRQHandler                  0x08000303   Thumb Code     0  startup_stm32f407xx.o(.text)
    DMA1_Stream2_IRQHandler                  0x08000303   Thumb Code     0  startup_stm32f407xx.o(.text)
    DMA1_Stream3_IRQHandler                  0x08000303   Thumb Code     0  startup_stm32f407xx.o(.text)
    DMA1_Stream4_IRQHandler                  0x08000303   Thumb Code     0  startup_stm32f407xx.o(.text)
    DMA1_Stream5_IRQHandler                  0x08000303   Thumb Code     0  startup_stm32f407xx.o(.text)
    DMA1_Stream6_IRQHandler                  0x08000303   Thumb Code     0  startup_stm32f407xx.o(.text)
    DMA1_Stream7_IRQHandler                  0x08000303   Thumb Code     0  startup_stm32f407xx.o(.text)
    DMA2_Stream0_IRQHandler                  0x08000303   Thumb Code     0  startup_stm32f407xx.o(.text)
    DMA2_Stream2_IRQHandler                  0x08000303   Thumb Code     0  startup_stm32f407xx.o(.text)
    DMA2_Stream3_IRQHandler                  0x08000303   Thumb Code     0  startup_stm32f407xx.o(.text)
    DMA2_Stream4_IRQHandler                  0x08000303   Thumb Code     0  startup_stm32f407xx.o(.text)
    DMA2_Stream7_IRQHandler                  0x08000303   Thumb Code     0  startup_stm32f407xx.o(.text)
    ETH_IRQHandler                           0x08000303   Thumb Code     0  startup_stm32f407xx.o(.text)
    ETH_WKUP_IRQHandler                      0x08000303   Thumb Code     0  startup_stm32f407xx.o(.text)
    EXTI15_10_IRQHandler                     0x08000303   Thumb Code     0  startup_stm32f407xx.o(.text)
    EXTI1_IRQHandler                         0x08000303   Thumb Code     0  startup_stm32f407xx.o(.text)
    EXTI2_IRQHandler                         0x08000303   Thumb Code     0  startup_stm32f407xx.o(.text)
    FLASH_IRQHandler                         0x08000303   Thumb Code     0  startup_stm32f407xx.o(.text)
    FMC_IRQHandler                           0x08000303   Thumb Code     0  startup_stm32f407xx.o(.text)
    FPU_IRQHandler                           0x08000303   Thumb Code     0  startup_stm32f407xx.o(.text)
    HASH_RNG_IRQHandler                      0x08000303   Thumb Code     0  startup_stm32f407xx.o(.text)
    I2C1_ER_IRQHandler                       0x08000303   Thumb Code     0  startup_stm32f407xx.o(.text)
    I2C1_EV_IRQHandler                       0x08000303   Thumb Code     0  startup_stm32f407xx.o(.text)
    I2C2_ER_IRQHandler                       0x08000303   Thumb Code     0  startup_stm32f407xx.o(.text)
    I2C2_EV_IRQHandler                       0x08000303   Thumb Code     0  startup_stm32f407xx.o(.text)
    I2C3_ER_IRQHandler                       0x08000303   Thumb Code     0  startup_stm32f407xx.o(.text)
    I2C3_EV_IRQHandler                       0x08000303   Thumb Code     0  startup_stm32f407xx.o(.text)
    OTG_FS_IRQHandler                        0x08000303   Thumb Code     0  startup_stm32f407xx.o(.text)
    OTG_FS_WKUP_IRQHandler                   0x08000303   Thumb Code     0  startup_stm32f407xx.o(.text)
    OTG_HS_EP1_IN_IRQHandler                 0x08000303   Thumb Code     0  startup_stm32f407xx.o(.text)
    OTG_HS_EP1_OUT_IRQHandler                0x08000303   Thumb Code     0  startup_stm32f407xx.o(.text)
    OTG_HS_IRQHandler                        0x08000303   Thumb Code     0  startup_stm32f407xx.o(.text)
    OTG_HS_WKUP_IRQHandler                   0x08000303   Thumb Code     0  startup_stm32f407xx.o(.text)
    PVD_IRQHandler                           0x08000303   Thumb Code     0  startup_stm32f407xx.o(.text)
    RCC_IRQHandler                           0x08000303   Thumb Code     0  startup_stm32f407xx.o(.text)
    RTC_Alarm_IRQHandler                     0x08000303   Thumb Code     0  startup_stm32f407xx.o(.text)
    RTC_WKUP_IRQHandler                      0x08000303   Thumb Code     0  startup_stm32f407xx.o(.text)
    SDIO_IRQHandler                          0x08000303   Thumb Code     0  startup_stm32f407xx.o(.text)
    SPI1_IRQHandler                          0x08000303   Thumb Code     0  startup_stm32f407xx.o(.text)
    SPI2_IRQHandler                          0x08000303   Thumb Code     0  startup_stm32f407xx.o(.text)
    SPI3_IRQHandler                          0x08000303   Thumb Code     0  startup_stm32f407xx.o(.text)
    TAMP_STAMP_IRQHandler                    0x08000303   Thumb Code     0  startup_stm32f407xx.o(.text)
    TIM1_BRK_TIM9_IRQHandler                 0x08000303   Thumb Code     0  startup_stm32f407xx.o(.text)
    TIM1_CC_IRQHandler                       0x08000303   Thumb Code     0  startup_stm32f407xx.o(.text)
    TIM1_TRG_COM_TIM11_IRQHandler            0x08000303   Thumb Code     0  startup_stm32f407xx.o(.text)
    TIM1_UP_TIM10_IRQHandler                 0x08000303   Thumb Code     0  startup_stm32f407xx.o(.text)
    TIM2_IRQHandler                          0x08000303   Thumb Code     0  startup_stm32f407xx.o(.text)
    TIM3_IRQHandler                          0x08000303   Thumb Code     0  startup_stm32f407xx.o(.text)
    TIM4_IRQHandler                          0x08000303   Thumb Code     0  startup_stm32f407xx.o(.text)
    TIM5_IRQHandler                          0x08000303   Thumb Code     0  startup_stm32f407xx.o(.text)
    TIM6_DAC_IRQHandler                      0x08000303   Thumb Code     0  startup_stm32f407xx.o(.text)
    TIM7_IRQHandler                          0x08000303   Thumb Code     0  startup_stm32f407xx.o(.text)
    TIM8_BRK_TIM12_IRQHandler                0x08000303   Thumb Code     0  startup_stm32f407xx.o(.text)
    TIM8_CC_IRQHandler                       0x08000303   Thumb Code     0  startup_stm32f407xx.o(.text)
    TIM8_TRG_COM_TIM14_IRQHandler            0x08000303   Thumb Code     0  startup_stm32f407xx.o(.text)
    TIM8_UP_TIM13_IRQHandler                 0x08000303   Thumb Code     0  startup_stm32f407xx.o(.text)
    UART4_IRQHandler                         0x08000303   Thumb Code     0  startup_stm32f407xx.o(.text)
    UART5_IRQHandler                         0x08000303   Thumb Code     0  startup_stm32f407xx.o(.text)
    USART1_IRQHandler                        0x08000303   Thumb Code     0  startup_stm32f407xx.o(.text)
    USART2_IRQHandler                        0x08000303   Thumb Code     0  startup_stm32f407xx.o(.text)
    USART3_IRQHandler                        0x08000303   Thumb Code     0  startup_stm32f407xx.o(.text)
    WWDG_IRQHandler                          0x08000303   Thumb Code     0  startup_stm32f407xx.o(.text)
    __user_initial_stackheap                 0x08000305   Thumb Code     0  startup_stm32f407xx.o(.text)
    __aeabi_uldivmod                         0x08000329   Thumb Code     0  lludivv7m.o(.text)
    _ll_udiv                                 0x08000329   Thumb Code   238  lludivv7m.o(.text)
    __aeabi_memcpy                           0x08000417   Thumb Code     0  rt_memcpy_v6.o(.text)
    __rt_memcpy                              0x08000417   Thumb Code   138  rt_memcpy_v6.o(.text)
    _memcpy_lastbytes                        0x0800047d   Thumb Code     0  rt_memcpy_v6.o(.text)
    __aeabi_memcpy4                          0x080004a1   Thumb Code     0  rt_memcpy_w.o(.text)
    __aeabi_memcpy8                          0x080004a1   Thumb Code     0  rt_memcpy_w.o(.text)
    __rt_memcpy_w                            0x080004a1   Thumb Code   100  rt_memcpy_w.o(.text)
    _memcpy_lastbytes_aligned                0x080004e9   Thumb Code     0  rt_memcpy_w.o(.text)
    __aeabi_memset                           0x08000505   Thumb Code    16  aeabi_memset.o(.text)
    __aeabi_memclr4                          0x08000515   Thumb Code     0  rt_memclr_w.o(.text)
    __aeabi_memclr8                          0x08000515   Thumb Code     0  rt_memclr_w.o(.text)
    __rt_memclr_w                            0x08000515   Thumb Code    78  rt_memclr_w.o(.text)
    _memset_w                                0x08000519   Thumb Code     0  rt_memclr_w.o(.text)
    __use_two_region_memory                  0x08000563   Thumb Code     2  heapauxi.o(.text)
    __rt_heap_escrow                         0x08000565   Thumb Code     2  heapauxi.o(.text)
    __rt_heap_expand                         0x08000567   Thumb Code     2  heapauxi.o(.text)
    __read_errno                             0x08000569   Thumb Code    10  _rserrno.o(.text)
    __set_errno                              0x08000573   Thumb Code    12  _rserrno.o(.text)
    __aeabi_memclr                           0x0800057f   Thumb Code     0  rt_memclr.o(.text)
    __rt_memclr                              0x0800057f   Thumb Code    68  rt_memclr.o(.text)
    _memset                                  0x08000583   Thumb Code     0  rt_memclr.o(.text)
    __user_libspace                          0x080005c5   Thumb Code     8  libspace.o(.text)
    __user_perproc_libspace                  0x080005c5   Thumb Code     0  libspace.o(.text)
    __user_perthread_libspace                0x080005c5   Thumb Code     0  libspace.o(.text)
    __aeabi_errno_addr                       0x080005cd   Thumb Code     8  rt_errno_addr_intlibspace.o(.text)
    __errno$intlibspace                      0x080005cd   Thumb Code     0  rt_errno_addr_intlibspace.o(.text)
    __rt_errno_addr$intlibspace              0x080005cd   Thumb Code     0  rt_errno_addr_intlibspace.o(.text)
    __I$use$semihosting                      0x080005d5   Thumb Code     0  use_no_semi.o(.text)
    __use_no_semihosting_swi                 0x080005d5   Thumb Code     2  use_no_semi.o(.text)
    __semihosting_library_function           0x080005d7   Thumb Code     0  indicate_semi.o(.text)
    __user_setup_stackheap                   0x080005d7   Thumb Code    74  sys_stackheap_outer.o(.text)
    exit                                     0x08000621   Thumb Code    18  exit.o(.text)
    _sys_exit                                0x08000635   Thumb Code     8  sys_exit.o(.text)
    BusFault_Handler                         0x08000641   Thumb Code     2  stm32f4xx_it.o(i.BusFault_Handler)
    CAN1_RX0_IRQHandler                      0x08000645   Thumb Code     6  stm32f4xx_it.o(i.CAN1_RX0_IRQHandler)
    CAN1_TX_IRQHandler                       0x08000651   Thumb Code     6  stm32f4xx_it.o(i.CAN1_TX_IRQHandler)
    CAN2_RX0_IRQHandler                      0x0800065d   Thumb Code     6  stm32f4xx_it.o(i.CAN2_RX0_IRQHandler)
    CAN2_TX_IRQHandler                       0x08000669   Thumb Code     6  stm32f4xx_it.o(i.CAN2_TX_IRQHandler)
    CAN_send                                 0x08000675   Thumb Code    80  canbus.o(i.CAN_send)
    DMA1_Stream1_IRQHandler                  0x080006cd   Thumb Code     6  stm32f4xx_it.o(i.DMA1_Stream1_IRQHandler)
    DMA2_Stream1_IRQHandler                  0x080006d9   Thumb Code     6  stm32f4xx_it.o(i.DMA2_Stream1_IRQHandler)
    DMA2_Stream5_IRQHandler                  0x080006e5   Thumb Code     6  stm32f4xx_it.o(i.DMA2_Stream5_IRQHandler)
    DMA2_Stream6_IRQHandler                  0x080006f1   Thumb Code     6  stm32f4xx_it.o(i.DMA2_Stream6_IRQHandler)
    DebugMon_Handler                         0x08000779   Thumb Code     2  stm32f4xx_it.o(i.DebugMon_Handler)
    EXTI0_IRQHandler                         0x0800077b   Thumb Code     6  stm32f4xx_it.o(i.EXTI0_IRQHandler)
    EXTI3_IRQHandler                         0x08000781   Thumb Code     6  stm32f4xx_it.o(i.EXTI3_IRQHandler)
    EXTI4_IRQHandler                         0x08000787   Thumb Code     6  stm32f4xx_it.o(i.EXTI4_IRQHandler)
    EXTI9_5_IRQHandler                       0x0800078d   Thumb Code     6  stm32f4xx_it.o(i.EXTI9_5_IRQHandler)
    Error_Handler                            0x08000793   Thumb Code     4  main.o(i.Error_Handler)
    HAL_CAN_AddTxMessage                     0x08000797   Thumb Code   220  stm32f4xx_hal_can.o(i.HAL_CAN_AddTxMessage)
    HAL_CAN_ErrorCallback                    0x08000873   Thumb Code     2  stm32f4xx_hal_can.o(i.HAL_CAN_ErrorCallback)
    HAL_CAN_GetRxMessage                     0x08000875   Thumb Code   232  stm32f4xx_hal_can.o(i.HAL_CAN_GetRxMessage)
    HAL_CAN_IRQHandler                       0x0800095d   Thumb Code   508  stm32f4xx_hal_can.o(i.HAL_CAN_IRQHandler)
    HAL_CAN_Init                             0x08000b59   Thumb Code   282  stm32f4xx_hal_can.o(i.HAL_CAN_Init)
    HAL_CAN_MspInit                          0x08000c75   Thumb Code   258  can.o(i.HAL_CAN_MspInit)
    HAL_CAN_RxFifo0FullCallback              0x08000d91   Thumb Code     2  stm32f4xx_hal_can.o(i.HAL_CAN_RxFifo0FullCallback)
    HAL_CAN_RxFifo0MsgPendingCallback        0x08000d95   Thumb Code    34  canbus.o(i.HAL_CAN_RxFifo0MsgPendingCallback)
    HAL_CAN_RxFifo1FullCallback              0x08000dc1   Thumb Code     2  stm32f4xx_hal_can.o(i.HAL_CAN_RxFifo1FullCallback)
    HAL_CAN_RxFifo1MsgPendingCallback        0x08000dc3   Thumb Code     2  stm32f4xx_hal_can.o(i.HAL_CAN_RxFifo1MsgPendingCallback)
    HAL_CAN_SleepCallback                    0x08000dc5   Thumb Code     2  stm32f4xx_hal_can.o(i.HAL_CAN_SleepCallback)
    HAL_CAN_TxMailbox0AbortCallback          0x08000dc7   Thumb Code     2  stm32f4xx_hal_can.o(i.HAL_CAN_TxMailbox0AbortCallback)
    HAL_CAN_TxMailbox0CompleteCallback       0x08000dc9   Thumb Code     2  stm32f4xx_hal_can.o(i.HAL_CAN_TxMailbox0CompleteCallback)
    HAL_CAN_TxMailbox1AbortCallback          0x08000dcb   Thumb Code     2  stm32f4xx_hal_can.o(i.HAL_CAN_TxMailbox1AbortCallback)
    HAL_CAN_TxMailbox1CompleteCallback       0x08000dcd   Thumb Code     2  stm32f4xx_hal_can.o(i.HAL_CAN_TxMailbox1CompleteCallback)
    HAL_CAN_TxMailbox2AbortCallback          0x08000dcf   Thumb Code     2  stm32f4xx_hal_can.o(i.HAL_CAN_TxMailbox2AbortCallback)
    HAL_CAN_TxMailbox2CompleteCallback       0x08000dd1   Thumb Code     2  stm32f4xx_hal_can.o(i.HAL_CAN_TxMailbox2CompleteCallback)
    HAL_CAN_WakeUpFromRxMsgCallback          0x08000dd3   Thumb Code     2  stm32f4xx_hal_can.o(i.HAL_CAN_WakeUpFromRxMsgCallback)
    HAL_DMA_Abort                            0x08000dd5   Thumb Code   146  stm32f4xx_hal_dma.o(i.HAL_DMA_Abort)
    HAL_DMA_Abort_IT                         0x08000e67   Thumb Code    36  stm32f4xx_hal_dma.o(i.HAL_DMA_Abort_IT)
    HAL_DMA_IRQHandler                       0x08000e8d   Thumb Code   412  stm32f4xx_hal_dma.o(i.HAL_DMA_IRQHandler)
    HAL_DMA_Init                             0x0800102d   Thumb Code   206  stm32f4xx_hal_dma.o(i.HAL_DMA_Init)
    HAL_GPIO_EXTI_Callback                   0x08001101   Thumb Code     2  stm32f4xx_hal_gpio.o(i.HAL_GPIO_EXTI_Callback)
    HAL_GPIO_EXTI_IRQHandler                 0x08001105   Thumb Code    18  stm32f4xx_hal_gpio.o(i.HAL_GPIO_EXTI_IRQHandler)
    HAL_GPIO_Init                            0x0800111d   Thumb Code   450  stm32f4xx_hal_gpio.o(i.HAL_GPIO_Init)
    HAL_GPIO_WritePin                        0x0800130d   Thumb Code    10  stm32f4xx_hal_gpio.o(i.HAL_GPIO_WritePin)
    HAL_GetTick                              0x08001319   Thumb Code     6  stm32f4xx_hal.o(i.HAL_GetTick)
    HAL_IncTick                              0x08001325   Thumb Code    12  stm32f4xx_hal.o(i.HAL_IncTick)
    HAL_Init                                 0x08001335   Thumb Code    48  stm32f4xx_hal.o(i.HAL_Init)
    HAL_InitTick                             0x08001369   Thumb Code    54  stm32f4xx_hal.o(i.HAL_InitTick)
    HAL_MspInit                              0x080013a9   Thumb Code    52  stm32f4xx_hal_msp.o(i.HAL_MspInit)
    HAL_NVIC_EnableIRQ                       0x080013e1   Thumb Code    26  stm32f4xx_hal_cortex.o(i.HAL_NVIC_EnableIRQ)
    HAL_NVIC_SetPriority                     0x080013fd   Thumb Code    60  stm32f4xx_hal_cortex.o(i.HAL_NVIC_SetPriority)
    HAL_NVIC_SetPriorityGrouping             0x0800143d   Thumb Code    26  stm32f4xx_hal_cortex.o(i.HAL_NVIC_SetPriorityGrouping)
    HAL_RCC_ClockConfig                      0x08001461   Thumb Code   288  stm32f4xx_hal_rcc.o(i.HAL_RCC_ClockConfig)
    HAL_RCC_GetPCLK1Freq                     0x08001595   Thumb Code    20  stm32f4xx_hal_rcc.o(i.HAL_RCC_GetPCLK1Freq)
    HAL_RCC_GetPCLK2Freq                     0x080015b5   Thumb Code    20  stm32f4xx_hal_rcc.o(i.HAL_RCC_GetPCLK2Freq)
    HAL_RCC_GetSysClockFreq                  0x080015d5   Thumb Code    88  stm32f4xx_hal_rcc.o(i.HAL_RCC_GetSysClockFreq)
    HAL_RCC_OscConfig                        0x08001639   Thumb Code   856  stm32f4xx_hal_rcc.o(i.HAL_RCC_OscConfig)
    HAL_SYSTICK_Config                       0x080019a5   Thumb Code    40  stm32f4xx_hal_cortex.o(i.HAL_SYSTICK_Config)
    HAL_UARTEx_RxEventCallback               0x080019cd   Thumb Code     2  stm32f4xx_hal_uart.o(i.HAL_UARTEx_RxEventCallback)
    HAL_UART_ErrorCallback                   0x080019cf   Thumb Code     2  stm32f4xx_hal_uart.o(i.HAL_UART_ErrorCallback)
    HAL_UART_IRQHandler                      0x080019d1   Thumb Code   610  stm32f4xx_hal_uart.o(i.HAL_UART_IRQHandler)
    HAL_UART_Init                            0x08001c39   Thumb Code    98  stm32f4xx_hal_uart.o(i.HAL_UART_Init)
    HAL_UART_MspInit                         0x08001c9d   Thumb Code   532  usart.o(i.HAL_UART_MspInit)
    HAL_UART_RxCpltCallback                  0x08001ee1   Thumb Code     2  stm32f4xx_hal_uart.o(i.HAL_UART_RxCpltCallback)
    HAL_UART_TxCpltCallback                  0x08001ee3   Thumb Code     2  stm32f4xx_hal_uart.o(i.HAL_UART_TxCpltCallback)
    HardFault_Handler                        0x08001ee5   Thumb Code     2  stm32f4xx_it.o(i.HardFault_Handler)
    MX_CAN1_Init                             0x08001ee9   Thumb Code    60  can.o(i.MX_CAN1_Init)
    MX_CAN2_Init                             0x08001f2d   Thumb Code    60  can.o(i.MX_CAN2_Init)
    MX_DMA_Init                              0x08001f71   Thumb Code   104  dma.o(i.MX_DMA_Init)
    MX_FREERTOS_Init                         0x08001fdd   Thumb Code    46  freertos.o(i.MX_FREERTOS_Init)
    MX_GPIO_Init                             0x08002021   Thumb Code   350  gpio.o(i.MX_GPIO_Init)
    MX_USART1_UART_Init                      0x08002199   Thumb Code    48  usart.o(i.MX_USART1_UART_Init)
    MX_USART3_UART_Init                      0x080021d1   Thumb Code    46  usart.o(i.MX_USART3_UART_Init)
    MX_USART6_UART_Init                      0x0800220d   Thumb Code    48  usart.o(i.MX_USART6_UART_Init)
    MemManage_Handler                        0x08002245   Thumb Code     2  stm32f4xx_it.o(i.MemManage_Handler)
    NMI_Handler                              0x08002247   Thumb Code     2  stm32f4xx_it.o(i.NMI_Handler)
    SysTick_Handler                          0x08002249   Thumb Code    24  stm32f4xx_it.o(i.SysTick_Handler)
    SystemClock_Config                       0x08002261   Thumb Code   140  main.o(i.SystemClock_Config)
    SystemInit                               0x080022f5   Thumb Code    12  system_stm32f4xx.o(i.SystemInit)
    USART6_IRQHandler                        0x08002531   Thumb Code     6  stm32f4xx_it.o(i.USART6_IRQHandler)
    UsageFault_Handler                       0x0800253d   Thumb Code     2  stm32f4xx_it.o(i.UsageFault_Handler)
    __ARM_fpclassify                         0x0800253f   Thumb Code    48  fpclassify.o(i.__ARM_fpclassify)
    __hardfp_cos                             0x08002591   Thumb Code   180  cos.o(i.__hardfp_cos)
    __ieee754_rem_pio2                       0x08002659   Thumb Code   938  rred.o(i.__ieee754_rem_pio2)
    __kernel_cos                             0x08002a91   Thumb Code   322  cos_i.o(i.__kernel_cos)
    __kernel_poly                            0x08002c01   Thumb Code   248  poly.o(i.__kernel_poly)
    __kernel_sin                             0x08002cf9   Thumb Code   280  sin_i.o(i.__kernel_sin)
    __mathlib_dbl_infnan                     0x08002e29   Thumb Code    20  dunder.o(i.__mathlib_dbl_infnan)
    __mathlib_dbl_invalid                    0x08002e41   Thumb Code    24  dunder.o(i.__mathlib_dbl_invalid)
    __mathlib_dbl_underflow                  0x08002e61   Thumb Code    24  dunder.o(i.__mathlib_dbl_underflow)
    anglecircle                              0x08002e81   Thumb Code    36  motorlib.o(i.anglecircle)
    fabs                                     0x08002eb1   Thumb Code    24  fabs.o(i.fabs)
    gimbctrl                                 0x08002ec9   Thumb Code    10  freertos.o(i.gimbctrl)
    infoproc                                 0x08002ed5   Thumb Code   100  infoproc.o(i.infoproc)
    main                                     0x08002f55   Thumb Code    50  main.o(i.main)
    mestochas_pack                           0x08002f87   Thumb Code    48  infoproc.o(i.mestochas_pack)
    osDelay                                  0x08002fb7   Thumb Code    26  cmsis_os2.o(i.osDelay)
    osKernelInitialize                       0x08002fd1   Thumb Code    32  cmsis_os2.o(i.osKernelInitialize)
    osKernelStart                            0x08002ff5   Thumb Code    48  cmsis_os2.o(i.osKernelStart)
    osThreadNew                              0x0800302d   Thumb Code   138  cmsis_os2.o(i.osThreadNew)
    pvPortMalloc                             0x0800384d   Thumb Code   216  heap_4.o(i.pvPortMalloc)
    pxPortInitialiseStack                    0x08003929   Thumb Code    40  port.o(i.pxPortInitialiseStack)
    rc_rbctrl_movedata_compl                 0x08003955   Thumb Code   400  infoproc.o(i.rc_rbctrl_movedata_compl)
    rc_rbctrl_status_compl                   0x08003b19   Thumb Code   146  infoproc.o(i.rc_rbctrl_status_compl)
    uxListRemove                             0x08003bab   Thumb Code    38  list.o(i.uxListRemove)
    vApplicationGetIdleTaskMemory            0x08003bd1   Thumb Code    16  cmsis_os2.o(i.vApplicationGetIdleTaskMemory)
    vApplicationGetTimerTaskMemory           0x08003be5   Thumb Code    18  cmsis_os2.o(i.vApplicationGetTimerTaskMemory)
    vListInitialise                          0x08003bfd   Thumb Code    22  list.o(i.vListInitialise)
    vListInitialiseItem                      0x08003c13   Thumb Code     6  list.o(i.vListInitialiseItem)
    vListInsert                              0x08003c19   Thumb Code    48  list.o(i.vListInsert)
    vListInsertEnd                           0x08003c49   Thumb Code    24  list.o(i.vListInsertEnd)
    vPortEnterCritical                       0x08003c61   Thumb Code    54  port.o(i.vPortEnterCritical)
    vPortExitCritical                        0x08003ca1   Thumb Code    34  port.o(i.vPortExitCritical)
    vPortFree                                0x08003cc9   Thumb Code    94  heap_4.o(i.vPortFree)
    vPortSetupTimerInterrupt                 0x08003d2d   Thumb Code    32  port.o(i.vPortSetupTimerInterrupt)
    vPortValidateInterruptPriority           0x08003d51   Thumb Code    74  port.o(i.vPortValidateInterruptPriority)
    vQueueAddToRegistry                      0x08003da5   Thumb Code    34  queue.o(i.vQueueAddToRegistry)
    vQueueWaitForMessageRestricted           0x08003dcd   Thumb Code    68  queue.o(i.vQueueWaitForMessageRestricted)
    vTaskDelay                               0x08003e11   Thumb Code    66  tasks.o(i.vTaskDelay)
    vTaskInternalSetTimeOutState             0x08003e5d   Thumb Code    12  tasks.o(i.vTaskInternalSetTimeOutState)
    vTaskMissedYield                         0x08003e6d   Thumb Code     8  tasks.o(i.vTaskMissedYield)
    vTaskPlaceOnEventList                    0x08003e79   Thumb Code    44  tasks.o(i.vTaskPlaceOnEventList)
    vTaskPlaceOnEventListRestricted          0x08003ea9   Thumb Code    52  tasks.o(i.vTaskPlaceOnEventListRestricted)
    vTaskStartScheduler                      0x08003ee1   Thumb Code   118  tasks.o(i.vTaskStartScheduler)
    vTaskSuspendAll                          0x08003f69   Thumb Code    10  tasks.o(i.vTaskSuspendAll)
    vTaskSwitchContext                       0x08003f79   Thumb Code    90  tasks.o(i.vTaskSwitchContext)
    weapctrl                                 0x08003fdd   Thumb Code    10  freertos.o(i.weapctrl)
    xPortStartScheduler                      0x08003fe9   Thumb Code   222  port.o(i.xPortStartScheduler)
    xPortSysTickHandler                      0x080040dd   Thumb Code    38  port.o(i.xPortSysTickHandler)
    xQueueGenericCreateStatic                0x08004109   Thumb Code   102  queue.o(i.xQueueGenericCreateStatic)
    xQueueGenericReset                       0x08004171   Thumb Code   132  queue.o(i.xQueueGenericReset)
    xQueueGenericSend                        0x080041f9   Thumb Code   346  queue.o(i.xQueueGenericSend)
    xQueueGenericSendFromISR                 0x08004359   Thumb Code   190  queue.o(i.xQueueGenericSendFromISR)
    xQueueReceive                            0x08004419   Thumb Code   308  queue.o(i.xQueueReceive)
    xTaskCheckForTimeOut                     0x08004551   Thumb Code   112  tasks.o(i.xTaskCheckForTimeOut)
    xTaskCreate                              0x080045c5   Thumb Code    90  tasks.o(i.xTaskCreate)
    xTaskCreateStatic                        0x0800461f   Thumb Code    86  tasks.o(i.xTaskCreateStatic)
    xTaskGetSchedulerState                   0x08004675   Thumb Code    22  tasks.o(i.xTaskGetSchedulerState)
    xTaskGetTickCount                        0x08004691   Thumb Code     6  tasks.o(i.xTaskGetTickCount)
    xTaskIncrementTick                       0x0800469d   Thumb Code   192  tasks.o(i.xTaskIncrementTick)
    xTaskPriorityDisinherit                  0x08004765   Thumb Code   118  tasks.o(i.xTaskPriorityDisinherit)
    xTaskRemoveFromEventList                 0x080047e5   Thumb Code    98  tasks.o(i.xTaskRemoveFromEventList)
    xTaskResumeAll                           0x08004855   Thumb Code   182  tasks.o(i.xTaskResumeAll)
    xTimerCreateTimerTask                    0x08004919   Thumb Code    78  timers.o(i.xTimerCreateTimerTask)
    xTimerGenericCommand                     0x08004979   Thumb Code    98  timers.o(i.xTimerGenericCommand)
    __aeabi_dneg                             0x080049e1   Thumb Code     0  basic.o(x$fpl$basic)
    _dneg                                    0x080049e1   Thumb Code     6  basic.o(x$fpl$basic)
    __aeabi_fneg                             0x080049e7   Thumb Code     0  basic.o(x$fpl$basic)
    _fneg                                    0x080049e7   Thumb Code     6  basic.o(x$fpl$basic)
    _dabs                                    0x080049ed   Thumb Code     6  basic.o(x$fpl$basic)
    _fabs                                    0x080049f3   Thumb Code     6  basic.o(x$fpl$basic)
    __aeabi_d2f                              0x080049f9   Thumb Code     0  d2f.o(x$fpl$d2f)
    _d2f                                     0x080049f9   Thumb Code    98  d2f.o(x$fpl$d2f)
    __aeabi_dadd                             0x08004a5d   Thumb Code     0  daddsub_clz.o(x$fpl$dadd)
    _dadd                                    0x08004a5d   Thumb Code   332  daddsub_clz.o(x$fpl$dadd)
    __aeabi_ddiv                             0x08004bad   Thumb Code     0  ddiv.o(x$fpl$ddiv)
    _ddiv                                    0x08004bad   Thumb Code   552  ddiv.o(x$fpl$ddiv)
    __aeabi_d2iz                             0x08004e5d   Thumb Code     0  dfix.o(x$fpl$dfix)
    _dfix                                    0x08004e5d   Thumb Code    94  dfix.o(x$fpl$dfix)
    __aeabi_i2d                              0x08004ebb   Thumb Code     0  dflt_clz.o(x$fpl$dflt)
    _dflt                                    0x08004ebb   Thumb Code    46  dflt_clz.o(x$fpl$dflt)
    __aeabi_ui2d                             0x08004ee9   Thumb Code     0  dflt_clz.o(x$fpl$dfltu)
    _dfltu                                   0x08004ee9   Thumb Code    38  dflt_clz.o(x$fpl$dfltu)
    __aeabi_dmul                             0x08004f11   Thumb Code     0  dmul.o(x$fpl$dmul)
    _dmul                                    0x08004f11   Thumb Code   332  dmul.o(x$fpl$dmul)
    __fpl_dnaninf                            0x08005065   Thumb Code   156  dnaninf.o(x$fpl$dnaninf)
    __fpl_dretinf                            0x08005101   Thumb Code    12  dretinf.o(x$fpl$dretinf)
    __aeabi_drsub                            0x0800510d   Thumb Code     0  daddsub_clz.o(x$fpl$drsb)
    _drsb                                    0x0800510d   Thumb Code    22  daddsub_clz.o(x$fpl$drsb)
    __aeabi_dsub                             0x08005125   Thumb Code     0  daddsub_clz.o(x$fpl$dsub)
    _dsub                                    0x08005125   Thumb Code   464  daddsub_clz.o(x$fpl$dsub)
    __aeabi_f2d                              0x080052f9   Thumb Code     0  f2d.o(x$fpl$f2d)
    _f2d                                     0x080052f9   Thumb Code    86  f2d.o(x$fpl$f2d)
    __fpl_fnaninf                            0x0800534f   Thumb Code   140  fnaninf.o(x$fpl$fnaninf)
    _fp_init                                 0x080053db   Thumb Code    10  fpinit.o(x$fpl$fpinit)
    __fplib_config_fpu_vfp                   0x080053e3   Thumb Code     0  fpinit.o(x$fpl$fpinit)
    __fplib_config_pureend_doubles           0x080053e3   Thumb Code     0  fpinit.o(x$fpl$fpinit)
    __fpl_fretinf                            0x080053e5   Thumb Code    10  fretinf.o(x$fpl$fretinf)
    __I$use$fp                               0x080053ee   Number         0  usenofp.o(x$fpl$usenofp)
    infotask_attributes                      0x080053f0   Data          36  freertos.o(.constdata)
    gimbaltask_attributes                    0x08005414   Data          36  freertos.o(.constdata)
    weapontask_attributes                    0x08005438   Data          36  freertos.o(.constdata)
    AHBPrescTable                            0x08005464   Data          16  system_stm32f4xx.o(.constdata)
    APBPrescTable                            0x08005474   Data           8  system_stm32f4xx.o(.constdata)
    Region$$Table$$Base                      0x080055c4   Number         0  anon$$obj.o(Region$$Table)
    Region$$Table$$Limit                     0x080055e4   Number         0  anon$$obj.o(Region$$Table)
    infotaskHandle                           0x20000000   Data           4  freertos.o(.data)
    gimbaltaskHandle                         0x20000004   Data           4  freertos.o(.data)
    weapontaskHandle                         0x20000008   Data           4  freertos.o(.data)
    uwTickFreq                               0x20000010   Data           1  stm32f4xx_hal.o(.data)
    uwTickPrio                               0x20000014   Data           4  stm32f4xx_hal.o(.data)
    uwTick                                   0x20000018   Data           4  stm32f4xx_hal.o(.data)
    SystemCoreClock                          0x2000001c   Data           4  system_stm32f4xx.o(.data)
    pxCurrentTCB                             0x20000020   Data           4  tasks.o(.data)
    CAN1_ready                               0x200000a0   Data           1  canbus.o(.data)
    mestochas                                0x200000aa   Data           8  infoproc.o(.data)
    hcan1                                    0x200000b4   Data          40  can.o(.bss)
    hcan2                                    0x200000dc   Data          40  can.o(.bss)
    huart1                                   0x20000104   Data          68  usart.o(.bss)
    huart3                                   0x20000148   Data          68  usart.o(.bss)
    huart6                                   0x2000018c   Data          68  usart.o(.bss)
    hdma_usart1_rx                           0x200001d0   Data          96  usart.o(.bss)
    hdma_usart3_rx                           0x20000230   Data          96  usart.o(.bss)
    hdma_usart6_rx                           0x20000290   Data          96  usart.o(.bss)
    hdma_usart6_tx                           0x200002f0   Data          96  usart.o(.bss)
    xQueueRegistry                           0x20000350   Data          64  queue.o(.bss)
    RC_Data                                  0x20004c3c   Data          22  rc.o(.bss)
    RC_Last_Data                             0x20004c52   Data          22  rc.o(.bss)
    Key                                      0x20004c68   Data          17  rc.o(.bss)
    Last_Key                                 0x20004c79   Data          17  rc.o(.bss)
    sbus_rx_buf                              0x20004c8a   Data          72  rc.o(.bss)
    roboctrlinfo                             0x20004cd4   Data          32  infoproc.o(.bss)
    __libspace_start                         0x20004cf4   Data          96  libspace.o(.bss)
    __temporary_stack_top$libspace           0x20004d54   Data           0  libspace.o(.bss)



==============================================================================

Memory Map of the image

  Image Entry point : 0x08000189

  Load Region LR_IROM1 (Base: 0x08000000, Size: 0x00005698, Max: 0x00100000, ABSOLUTE)

    Execution Region ER_IROM1 (Exec base: 0x08000000, Load base: 0x08000000, Size: 0x000055e4, Max: 0x00100000, ABSOLUTE)

    Exec Addr    Load Addr    Size         Type   Attr      Idx    E Section Name        Object

    0x08000000   0x08000000   0x00000188   Data   RO            3    RESET               startup_stm32f407xx.o
    0x08000188   0x08000188   0x00000008   Code   RO         4582  * !!!main             c_w.l(__main.o)
    0x08000190   0x08000190   0x00000034   Code   RO         4903    !!!scatter          c_w.l(__scatter.o)
    0x080001c4   0x080001c4   0x0000001a   Code   RO         4905    !!handler_copy      c_w.l(__scatter_copy.o)
    0x080001de   0x080001de   0x00000002   PAD
    0x080001e0   0x080001e0   0x0000001c   Code   RO         4907    !!handler_zi        c_w.l(__scatter_zi.o)
    0x080001fc   0x080001fc   0x00000002   Code   RO         4840    .ARM.Collect$$libinit$$00000000  c_w.l(libinit.o)
    0x080001fe   0x080001fe   0x00000004   Code   RO         4658    .ARM.Collect$$libinit$$00000001  c_w.l(libinit2.o)
    0x08000202   0x08000202   0x00000000   Code   RO         4661    .ARM.Collect$$libinit$$00000004  c_w.l(libinit2.o)
    0x08000202   0x08000202   0x00000000   Code   RO         4664    .ARM.Collect$$libinit$$0000000A  c_w.l(libinit2.o)
    0x08000202   0x08000202   0x00000000   Code   RO         4666    .ARM.Collect$$libinit$$0000000C  c_w.l(libinit2.o)
    0x08000202   0x08000202   0x00000000   Code   RO         4668    .ARM.Collect$$libinit$$0000000E  c_w.l(libinit2.o)
    0x08000202   0x08000202   0x00000000   Code   RO         4671    .ARM.Collect$$libinit$$00000011  c_w.l(libinit2.o)
    0x08000202   0x08000202   0x00000000   Code   RO         4673    .ARM.Collect$$libinit$$00000013  c_w.l(libinit2.o)
    0x08000202   0x08000202   0x00000000   Code   RO         4675    .ARM.Collect$$libinit$$00000015  c_w.l(libinit2.o)
    0x08000202   0x08000202   0x00000000   Code   RO         4677    .ARM.Collect$$libinit$$00000017  c_w.l(libinit2.o)
    0x08000202   0x08000202   0x00000000   Code   RO         4679    .ARM.Collect$$libinit$$00000019  c_w.l(libinit2.o)
    0x08000202   0x08000202   0x00000000   Code   RO         4681    .ARM.Collect$$libinit$$0000001B  c_w.l(libinit2.o)
    0x08000202   0x08000202   0x00000000   Code   RO         4683    .ARM.Collect$$libinit$$0000001D  c_w.l(libinit2.o)
    0x08000202   0x08000202   0x00000000   Code   RO         4685    .ARM.Collect$$libinit$$0000001F  c_w.l(libinit2.o)
    0x08000202   0x08000202   0x00000000   Code   RO         4687    .ARM.Collect$$libinit$$00000021  c_w.l(libinit2.o)
    0x08000202   0x08000202   0x00000000   Code   RO         4689    .ARM.Collect$$libinit$$00000023  c_w.l(libinit2.o)
    0x08000202   0x08000202   0x00000000   Code   RO         4691    .ARM.Collect$$libinit$$00000025  c_w.l(libinit2.o)
    0x08000202   0x08000202   0x00000000   Code   RO         4695    .ARM.Collect$$libinit$$0000002C  c_w.l(libinit2.o)
    0x08000202   0x08000202   0x00000000   Code   RO         4697    .ARM.Collect$$libinit$$0000002E  c_w.l(libinit2.o)
    0x08000202   0x08000202   0x00000000   Code   RO         4699    .ARM.Collect$$libinit$$00000030  c_w.l(libinit2.o)
    0x08000202   0x08000202   0x00000000   Code   RO         4701    .ARM.Collect$$libinit$$00000032  c_w.l(libinit2.o)
    0x08000202   0x08000202   0x00000002   Code   RO         4702    .ARM.Collect$$libinit$$00000033  c_w.l(libinit2.o)
    0x08000204   0x08000204   0x00000002   Code   RO         4900    .ARM.Collect$$libshutdown$$00000000  c_w.l(libshutdown.o)
    0x08000206   0x08000206   0x00000000   Code   RO         4856    .ARM.Collect$$libshutdown$$00000002  c_w.l(libshutdown2.o)
    0x08000206   0x08000206   0x00000000   Code   RO         4858    .ARM.Collect$$libshutdown$$00000004  c_w.l(libshutdown2.o)
    0x08000206   0x08000206   0x00000000   Code   RO         4860    .ARM.Collect$$libshutdown$$00000006  c_w.l(libshutdown2.o)
    0x08000206   0x08000206   0x00000000   Code   RO         4863    .ARM.Collect$$libshutdown$$00000009  c_w.l(libshutdown2.o)
    0x08000206   0x08000206   0x00000000   Code   RO         4866    .ARM.Collect$$libshutdown$$0000000C  c_w.l(libshutdown2.o)
    0x08000206   0x08000206   0x00000000   Code   RO         4868    .ARM.Collect$$libshutdown$$0000000E  c_w.l(libshutdown2.o)
    0x08000206   0x08000206   0x00000000   Code   RO         4871    .ARM.Collect$$libshutdown$$00000011  c_w.l(libshutdown2.o)
    0x08000206   0x08000206   0x00000002   Code   RO         4872    .ARM.Collect$$libshutdown$$00000012  c_w.l(libshutdown2.o)
    0x08000208   0x08000208   0x00000000   Code   RO         4622    .ARM.Collect$$rtentry$$00000000  c_w.l(__rtentry.o)
    0x08000208   0x08000208   0x00000000   Code   RO         4748    .ARM.Collect$$rtentry$$00000002  c_w.l(__rtentry2.o)
    0x08000208   0x08000208   0x00000006   Code   RO         4760    .ARM.Collect$$rtentry$$00000004  c_w.l(__rtentry4.o)
    0x0800020e   0x0800020e   0x00000000   Code   RO         4750    .ARM.Collect$$rtentry$$00000009  c_w.l(__rtentry2.o)
    0x0800020e   0x0800020e   0x00000004   Code   RO         4751    .ARM.Collect$$rtentry$$0000000A  c_w.l(__rtentry2.o)
    0x08000212   0x08000212   0x00000000   Code   RO         4753    .ARM.Collect$$rtentry$$0000000C  c_w.l(__rtentry2.o)
    0x08000212   0x08000212   0x00000008   Code   RO         4754    .ARM.Collect$$rtentry$$0000000D  c_w.l(__rtentry2.o)
    0x0800021a   0x0800021a   0x00000002   Code   RO         4843    .ARM.Collect$$rtexit$$00000000  c_w.l(rtexit.o)
    0x0800021c   0x0800021c   0x00000000   Code   RO         4876    .ARM.Collect$$rtexit$$00000002  c_w.l(rtexit2.o)
    0x0800021c   0x0800021c   0x00000004   Code   RO         4877    .ARM.Collect$$rtexit$$00000003  c_w.l(rtexit2.o)
    0x08000220   0x08000220   0x00000006   Code   RO         4878    .ARM.Collect$$rtexit$$00000004  c_w.l(rtexit2.o)
    0x08000226   0x08000226   0x00000002   PAD
    0x08000228   0x08000228   0x000000be   Code   RO         4080    .emb_text           port.o
    0x080002e6   0x080002e6   0x00000002   PAD
    0x080002e8   0x080002e8   0x00000040   Code   RO            4    .text               startup_stm32f407xx.o
    0x08000328   0x08000328   0x000000ee   Code   RO         4566    .text               c_w.l(lludivv7m.o)
    0x08000416   0x08000416   0x0000008a   Code   RO         4570    .text               c_w.l(rt_memcpy_v6.o)
    0x080004a0   0x080004a0   0x00000064   Code   RO         4572    .text               c_w.l(rt_memcpy_w.o)
    0x08000504   0x08000504   0x00000010   Code   RO         4576    .text               c_w.l(aeabi_memset.o)
    0x08000514   0x08000514   0x0000004e   Code   RO         4578    .text               c_w.l(rt_memclr_w.o)
    0x08000562   0x08000562   0x00000006   Code   RO         4580    .text               c_w.l(heapauxi.o)
    0x08000568   0x08000568   0x00000016   Code   RO         4652    .text               c_w.l(_rserrno.o)
    0x0800057e   0x0800057e   0x00000044   Code   RO         4654    .text               c_w.l(rt_memclr.o)
    0x080005c2   0x080005c2   0x00000002   PAD
    0x080005c4   0x080005c4   0x00000008   Code   RO         4744    .text               c_w.l(libspace.o)
    0x080005cc   0x080005cc   0x00000008   Code   RO         4767    .text               c_w.l(rt_errno_addr_intlibspace.o)
    0x080005d4   0x080005d4   0x00000002   Code   RO         4812    .text               c_w.l(use_no_semi.o)
    0x080005d6   0x080005d6   0x00000000   Code   RO         4814    .text               c_w.l(indicate_semi.o)
    0x080005d6   0x080005d6   0x0000004a   Code   RO         4815    .text               c_w.l(sys_stackheap_outer.o)
    0x08000620   0x08000620   0x00000012   Code   RO         4821    .text               c_w.l(exit.o)
    0x08000632   0x08000632   0x00000002   PAD
    0x08000634   0x08000634   0x0000000c   Code   RO         4841    .text               c_w.l(sys_exit.o)
    0x08000640   0x08000640   0x00000002   Code   RO          434    i.BusFault_Handler  stm32f4xx_it.o
    0x08000642   0x08000642   0x00000002   PAD
    0x08000644   0x08000644   0x0000000c   Code   RO          435    i.CAN1_RX0_IRQHandler  stm32f4xx_it.o
    0x08000650   0x08000650   0x0000000c   Code   RO          436    i.CAN1_TX_IRQHandler  stm32f4xx_it.o
    0x0800065c   0x0800065c   0x0000000c   Code   RO          437    i.CAN2_RX0_IRQHandler  stm32f4xx_it.o
    0x08000668   0x08000668   0x0000000c   Code   RO          438    i.CAN2_TX_IRQHandler  stm32f4xx_it.o
    0x08000674   0x08000674   0x00000058   Code   RO         4160    i.CAN_send          canbus.o
    0x080006cc   0x080006cc   0x0000000c   Code   RO          439    i.DMA1_Stream1_IRQHandler  stm32f4xx_it.o
    0x080006d8   0x080006d8   0x0000000c   Code   RO          440    i.DMA2_Stream1_IRQHandler  stm32f4xx_it.o
    0x080006e4   0x080006e4   0x0000000c   Code   RO          441    i.DMA2_Stream5_IRQHandler  stm32f4xx_it.o
    0x080006f0   0x080006f0   0x0000000c   Code   RO          442    i.DMA2_Stream6_IRQHandler  stm32f4xx_it.o
    0x080006fc   0x080006fc   0x00000028   Code   RO         1293    i.DMA_CalcBaseAndBitshift  stm32f4xx_hal_dma.o
    0x08000724   0x08000724   0x00000054   Code   RO         1294    i.DMA_CheckFifoParam  stm32f4xx_hal_dma.o
    0x08000778   0x08000778   0x00000002   Code   RO          443    i.DebugMon_Handler  stm32f4xx_it.o
    0x0800077a   0x0800077a   0x00000006   Code   RO          444    i.EXTI0_IRQHandler  stm32f4xx_it.o
    0x08000780   0x08000780   0x00000006   Code   RO          445    i.EXTI3_IRQHandler  stm32f4xx_it.o
    0x08000786   0x08000786   0x00000006   Code   RO          446    i.EXTI4_IRQHandler  stm32f4xx_it.o
    0x0800078c   0x0800078c   0x00000006   Code   RO          447    i.EXTI9_5_IRQHandler  stm32f4xx_it.o
    0x08000792   0x08000792   0x00000004   Code   RO           13    i.Error_Handler     main.o
    0x08000796   0x08000796   0x000000dc   Code   RO          602    i.HAL_CAN_AddTxMessage  stm32f4xx_hal_can.o
    0x08000872   0x08000872   0x00000002   Code   RO          606    i.HAL_CAN_ErrorCallback  stm32f4xx_hal_can.o
    0x08000874   0x08000874   0x000000e8   Code   RO          609    i.HAL_CAN_GetRxMessage  stm32f4xx_hal_can.o
    0x0800095c   0x0800095c   0x000001fc   Code   RO          613    i.HAL_CAN_IRQHandler  stm32f4xx_hal_can.o
    0x08000b58   0x08000b58   0x0000011a   Code   RO          614    i.HAL_CAN_Init      stm32f4xx_hal_can.o
    0x08000c72   0x08000c72   0x00000002   PAD
    0x08000c74   0x08000c74   0x0000011c   Code   RO          307    i.HAL_CAN_MspInit   can.o
    0x08000d90   0x08000d90   0x00000002   Code   RO          621    i.HAL_CAN_RxFifo0FullCallback  stm32f4xx_hal_can.o
    0x08000d92   0x08000d92   0x00000002   PAD
    0x08000d94   0x08000d94   0x0000002c   Code   RO         4161    i.HAL_CAN_RxFifo0MsgPendingCallback  canbus.o
    0x08000dc0   0x08000dc0   0x00000002   Code   RO          623    i.HAL_CAN_RxFifo1FullCallback  stm32f4xx_hal_can.o
    0x08000dc2   0x08000dc2   0x00000002   Code   RO          624    i.HAL_CAN_RxFifo1MsgPendingCallback  stm32f4xx_hal_can.o
    0x08000dc4   0x08000dc4   0x00000002   Code   RO          625    i.HAL_CAN_SleepCallback  stm32f4xx_hal_can.o
    0x08000dc6   0x08000dc6   0x00000002   Code   RO          628    i.HAL_CAN_TxMailbox0AbortCallback  stm32f4xx_hal_can.o
    0x08000dc8   0x08000dc8   0x00000002   Code   RO          629    i.HAL_CAN_TxMailbox0CompleteCallback  stm32f4xx_hal_can.o
    0x08000dca   0x08000dca   0x00000002   Code   RO          630    i.HAL_CAN_TxMailbox1AbortCallback  stm32f4xx_hal_can.o
    0x08000dcc   0x08000dcc   0x00000002   Code   RO          631    i.HAL_CAN_TxMailbox1CompleteCallback  stm32f4xx_hal_can.o
    0x08000dce   0x08000dce   0x00000002   Code   RO          632    i.HAL_CAN_TxMailbox2AbortCallback  stm32f4xx_hal_can.o
    0x08000dd0   0x08000dd0   0x00000002   Code   RO          633    i.HAL_CAN_TxMailbox2CompleteCallback  stm32f4xx_hal_can.o
    0x08000dd2   0x08000dd2   0x00000002   Code   RO          635    i.HAL_CAN_WakeUpFromRxMsgCallback  stm32f4xx_hal_can.o
    0x08000dd4   0x08000dd4   0x00000092   Code   RO         1296    i.HAL_DMA_Abort     stm32f4xx_hal_dma.o
    0x08000e66   0x08000e66   0x00000024   Code   RO         1297    i.HAL_DMA_Abort_IT  stm32f4xx_hal_dma.o
    0x08000e8a   0x08000e8a   0x00000002   PAD
    0x08000e8c   0x08000e8c   0x000001a0   Code   RO         1301    i.HAL_DMA_IRQHandler  stm32f4xx_hal_dma.o
    0x0800102c   0x0800102c   0x000000d4   Code   RO         1302    i.HAL_DMA_Init      stm32f4xx_hal_dma.o
    0x08001100   0x08001100   0x00000002   Code   RO         1187    i.HAL_GPIO_EXTI_Callback  stm32f4xx_hal_gpio.o
    0x08001102   0x08001102   0x00000002   PAD
    0x08001104   0x08001104   0x00000018   Code   RO         1188    i.HAL_GPIO_EXTI_IRQHandler  stm32f4xx_hal_gpio.o
    0x0800111c   0x0800111c   0x000001f0   Code   RO         1189    i.HAL_GPIO_Init     stm32f4xx_hal_gpio.o
    0x0800130c   0x0800130c   0x0000000a   Code   RO         1193    i.HAL_GPIO_WritePin  stm32f4xx_hal_gpio.o
    0x08001316   0x08001316   0x00000002   PAD
    0x08001318   0x08001318   0x0000000c   Code   RO         1721    i.HAL_GetTick       stm32f4xx_hal.o
    0x08001324   0x08001324   0x00000010   Code   RO         1727    i.HAL_IncTick       stm32f4xx_hal.o
    0x08001334   0x08001334   0x00000034   Code   RO         1728    i.HAL_Init          stm32f4xx_hal.o
    0x08001368   0x08001368   0x00000040   Code   RO         1729    i.HAL_InitTick      stm32f4xx_hal.o
    0x080013a8   0x080013a8   0x00000038   Code   RO          576    i.HAL_MspInit       stm32f4xx_hal_msp.o
    0x080013e0   0x080013e0   0x0000001a   Code   RO         1578    i.HAL_NVIC_EnableIRQ  stm32f4xx_hal_cortex.o
    0x080013fa   0x080013fa   0x00000002   PAD
    0x080013fc   0x080013fc   0x00000040   Code   RO         1584    i.HAL_NVIC_SetPriority  stm32f4xx_hal_cortex.o
    0x0800143c   0x0800143c   0x00000024   Code   RO         1585    i.HAL_NVIC_SetPriorityGrouping  stm32f4xx_hal_cortex.o
    0x08001460   0x08001460   0x00000134   Code   RO          835    i.HAL_RCC_ClockConfig  stm32f4xx_hal_rcc.o
    0x08001594   0x08001594   0x00000020   Code   RO          842    i.HAL_RCC_GetPCLK1Freq  stm32f4xx_hal_rcc.o
    0x080015b4   0x080015b4   0x00000020   Code   RO          843    i.HAL_RCC_GetPCLK2Freq  stm32f4xx_hal_rcc.o
    0x080015d4   0x080015d4   0x00000064   Code   RO          844    i.HAL_RCC_GetSysClockFreq  stm32f4xx_hal_rcc.o
    0x08001638   0x08001638   0x0000036c   Code   RO          847    i.HAL_RCC_OscConfig  stm32f4xx_hal_rcc.o
    0x080019a4   0x080019a4   0x00000028   Code   RO         1589    i.HAL_SYSTICK_Config  stm32f4xx_hal_cortex.o
    0x080019cc   0x080019cc   0x00000002   Code   RO         2013    i.HAL_UARTEx_RxEventCallback  stm32f4xx_hal_uart.o
    0x080019ce   0x080019ce   0x00000002   Code   RO         2027    i.HAL_UART_ErrorCallback  stm32f4xx_hal_uart.o
    0x080019d0   0x080019d0   0x00000268   Code   RO         2030    i.HAL_UART_IRQHandler  stm32f4xx_hal_uart.o
    0x08001c38   0x08001c38   0x00000062   Code   RO         2031    i.HAL_UART_Init     stm32f4xx_hal_uart.o
    0x08001c9a   0x08001c9a   0x00000002   PAD
    0x08001c9c   0x08001c9c   0x00000244   Code   RO          380    i.HAL_UART_MspInit  usart.o
    0x08001ee0   0x08001ee0   0x00000002   Code   RO         2037    i.HAL_UART_RxCpltCallback  stm32f4xx_hal_uart.o
    0x08001ee2   0x08001ee2   0x00000002   Code   RO         2042    i.HAL_UART_TxCpltCallback  stm32f4xx_hal_uart.o
    0x08001ee4   0x08001ee4   0x00000002   Code   RO          448    i.HardFault_Handler  stm32f4xx_it.o
    0x08001ee6   0x08001ee6   0x00000002   PAD
    0x08001ee8   0x08001ee8   0x00000044   Code   RO          308    i.MX_CAN1_Init      can.o
    0x08001f2c   0x08001f2c   0x00000044   Code   RO          309    i.MX_CAN2_Init      can.o
    0x08001f70   0x08001f70   0x0000006c   Code   RO          355    i.MX_DMA_Init       dma.o
    0x08001fdc   0x08001fdc   0x00000044   Code   RO          251    i.MX_FREERTOS_Init  freertos.o
    0x08002020   0x08002020   0x00000178   Code   RO          227    i.MX_GPIO_Init      gpio.o
    0x08002198   0x08002198   0x00000038   Code   RO          381    i.MX_USART1_UART_Init  usart.o
    0x080021d0   0x080021d0   0x0000003c   Code   RO          382    i.MX_USART3_UART_Init  usart.o
    0x0800220c   0x0800220c   0x00000038   Code   RO          383    i.MX_USART6_UART_Init  usart.o
    0x08002244   0x08002244   0x00000002   Code   RO          449    i.MemManage_Handler  stm32f4xx_it.o
    0x08002246   0x08002246   0x00000002   Code   RO          450    i.NMI_Handler       stm32f4xx_it.o
    0x08002248   0x08002248   0x00000018   Code   RO          451    i.SysTick_Handler   stm32f4xx_it.o
    0x08002260   0x08002260   0x00000094   Code   RO           14    i.SystemClock_Config  main.o
    0x080022f4   0x080022f4   0x00000010   Code   RO         2360    i.SystemInit        system_stm32f4xx.o
    0x08002304   0x08002304   0x00000010   Code   RO         2044    i.UART_DMAAbortOnError  stm32f4xx_hal_uart.o
    0x08002314   0x08002314   0x0000004e   Code   RO         2054    i.UART_EndRxTransfer  stm32f4xx_hal_uart.o
    0x08002362   0x08002362   0x000000c0   Code   RO         2056    i.UART_Receive_IT   stm32f4xx_hal_uart.o
    0x08002422   0x08002422   0x00000002   PAD
    0x08002424   0x08002424   0x0000010c   Code   RO         2057    i.UART_SetConfig    stm32f4xx_hal_uart.o
    0x08002530   0x08002530   0x0000000c   Code   RO          452    i.USART6_IRQHandler  stm32f4xx_it.o
    0x0800253c   0x0800253c   0x00000002   Code   RO          453    i.UsageFault_Handler  stm32f4xx_it.o
    0x0800253e   0x0800253e   0x00000030   Code   RO         4808    i.__ARM_fpclassify  m_wm.l(fpclassify.o)
    0x0800256e   0x0800256e   0x00000020   Code   RO         1591    i.__NVIC_SetPriority  stm32f4xx_hal_cortex.o
    0x0800258e   0x0800258e   0x00000002   PAD
    0x08002590   0x08002590   0x000000c8   Code   RO         4596    i.__hardfp_cos      m_wm.l(cos.o)
    0x08002658   0x08002658   0x00000438   Code   RO         4731    i.__ieee754_rem_pio2  m_wm.l(rred.o)
    0x08002a90   0x08002a90   0x00000170   Code   RO         4714    i.__kernel_cos      m_wm.l(cos_i.o)
    0x08002c00   0x08002c00   0x000000f8   Code   RO         4810    i.__kernel_poly     m_wm.l(poly.o)
    0x08002cf8   0x08002cf8   0x00000130   Code   RO         4736    i.__kernel_sin      m_wm.l(sin_i.o)
    0x08002e28   0x08002e28   0x00000014   Code   RO         4718    i.__mathlib_dbl_infnan  m_wm.l(dunder.o)
    0x08002e3c   0x08002e3c   0x00000004   PAD
    0x08002e40   0x08002e40   0x00000020   Code   RO         4720    i.__mathlib_dbl_invalid  m_wm.l(dunder.o)
    0x08002e60   0x08002e60   0x00000020   Code   RO         4723    i.__mathlib_dbl_underflow  m_wm.l(dunder.o)
    0x08002e80   0x08002e80   0x00000030   Code   RO         4387    i.anglecircle       motorlib.o
    0x08002eb0   0x08002eb0   0x00000018   Code   RO         4804    i.fabs              m_wm.l(fabs.o)
    0x08002ec8   0x08002ec8   0x0000000a   Code   RO          252    i.gimbctrl          freertos.o
    0x08002ed2   0x08002ed2   0x00000002   PAD
    0x08002ed4   0x08002ed4   0x00000080   Code   RO         4247    i.infoproc          infoproc.o
    0x08002f54   0x08002f54   0x00000032   Code   RO           15    i.main              main.o
    0x08002f86   0x08002f86   0x00000030   Code   RO         4248    i.mestochas_pack    infoproc.o
    0x08002fb6   0x08002fb6   0x0000001a   Code   RO         3519    i.osDelay           cmsis_os2.o
    0x08002fd0   0x08002fd0   0x00000024   Code   RO         3533    i.osKernelInitialize  cmsis_os2.o
    0x08002ff4   0x08002ff4   0x00000038   Code   RO         3536    i.osKernelStart     cmsis_os2.o
    0x0800302c   0x0800302c   0x0000008a   Code   RO         3578    i.osThreadNew       cmsis_os2.o
    0x080030b6   0x080030b6   0x00000002   PAD
    0x080030b8   0x080030b8   0x0000005c   Code   RO         2968    i.prvAddCurrentTaskToDelayedList  tasks.o
    0x08003114   0x08003114   0x000000d0   Code   RO         2969    i.prvAddNewTaskToReadyList  tasks.o
    0x080031e4   0x080031e4   0x00000058   Code   RO         3344    i.prvCheckForValidListAndQueue  timers.o
    0x0800323c   0x0800323c   0x00000026   Code   RO         2565    i.prvCopyDataFromQueue  queue.o
    0x08003262   0x08003262   0x0000006c   Code   RO         2566    i.prvCopyDataToQueue  queue.o
    0x080032ce   0x080032ce   0x00000034   Code   RO         2970    i.prvDeleteTCB      tasks.o
    0x08003302   0x08003302   0x00000002   PAD
    0x08003304   0x08003304   0x0000004c   Code   RO         4025    i.prvHeapInit       heap_4.o
    0x08003350   0x08003350   0x00000060   Code   RO         2971    i.prvIdleTask       tasks.o
    0x080033b0   0x080033b0   0x00000022   Code   RO         2568    i.prvInitialiseNewQueue  queue.o
    0x080033d2   0x080033d2   0x00000002   PAD
    0x080033d4   0x080033d4   0x000000b0   Code   RO         2972    i.prvInitialiseNewTask  tasks.o
    0x08003484   0x08003484   0x0000004c   Code   RO         4026    i.prvInsertBlockIntoFreeList  heap_4.o
    0x080034d0   0x080034d0   0x00000038   Code   RO         3346    i.prvInsertTimerInActiveList  timers.o
    0x08003508   0x08003508   0x0000001c   Code   RO         2569    i.prvIsQueueEmpty   queue.o
    0x08003524   0x08003524   0x000000fc   Code   RO         3347    i.prvProcessReceivedCommands  timers.o
    0x08003620   0x08003620   0x000000c0   Code   RO         3348    i.prvProcessTimerOrBlockTask  timers.o
    0x080036e0   0x080036e0   0x00000020   Code   RO         2974    i.prvResetNextTaskUnblockTime  tasks.o
    0x08003700   0x08003700   0x00000028   Code   RO         3349    i.prvSampleTimeNow  timers.o
    0x08003728   0x08003728   0x0000006c   Code   RO         3350    i.prvSwitchTimerLists  timers.o
    0x08003794   0x08003794   0x00000028   Code   RO         4081    i.prvTaskExitError  port.o
    0x080037bc   0x080037bc   0x00000024   Code   RO         3351    i.prvTimerTask      timers.o
    0x080037e0   0x080037e0   0x0000006a   Code   RO         2570    i.prvUnlockQueue    queue.o
    0x0800384a   0x0800384a   0x00000002   PAD
    0x0800384c   0x0800384c   0x000000dc   Code   RO         4027    i.pvPortMalloc      heap_4.o
    0x08003928   0x08003928   0x0000002c   Code   RO         4082    i.pxPortInitialiseStack  port.o
    0x08003954   0x08003954   0x000001c4   Code   RO         4250    i.rc_rbctrl_movedata_compl  infoproc.o
    0x08003b18   0x08003b18   0x00000092   Code   RO         4251    i.rc_rbctrl_status_compl  infoproc.o
    0x08003baa   0x08003baa   0x00000026   Code   RO         2525    i.uxListRemove      list.o
    0x08003bd0   0x08003bd0   0x00000014   Code   RO         3590    i.vApplicationGetIdleTaskMemory  cmsis_os2.o
    0x08003be4   0x08003be4   0x00000018   Code   RO         3591    i.vApplicationGetTimerTaskMemory  cmsis_os2.o
    0x08003bfc   0x08003bfc   0x00000016   Code   RO         2526    i.vListInitialise   list.o
    0x08003c12   0x08003c12   0x00000006   Code   RO         2527    i.vListInitialiseItem  list.o
    0x08003c18   0x08003c18   0x00000030   Code   RO         2528    i.vListInsert       list.o
    0x08003c48   0x08003c48   0x00000018   Code   RO         2529    i.vListInsertEnd    list.o
    0x08003c60   0x08003c60   0x00000040   Code   RO         4084    i.vPortEnterCritical  port.o
    0x08003ca0   0x08003ca0   0x00000028   Code   RO         4085    i.vPortExitCritical  port.o
    0x08003cc8   0x08003cc8   0x00000064   Code   RO         4028    i.vPortFree         heap_4.o
    0x08003d2c   0x08003d2c   0x00000024   Code   RO         4086    i.vPortSetupTimerInterrupt  port.o
    0x08003d50   0x08003d50   0x00000054   Code   RO         4087    i.vPortValidateInterruptPriority  port.o
    0x08003da4   0x08003da4   0x00000028   Code   RO         2576    i.vQueueAddToRegistry  queue.o
    0x08003dcc   0x08003dcc   0x00000044   Code   RO         2580    i.vQueueWaitForMessageRestricted  queue.o
    0x08003e10   0x08003e10   0x0000004c   Code   RO         2988    i.vTaskDelay        tasks.o
    0x08003e5c   0x08003e5c   0x00000010   Code   RO         2993    i.vTaskInternalSetTimeOutState  tasks.o
    0x08003e6c   0x08003e6c   0x0000000c   Code   RO         2994    i.vTaskMissedYield  tasks.o
    0x08003e78   0x08003e78   0x00000030   Code   RO         2996    i.vTaskPlaceOnEventList  tasks.o
    0x08003ea8   0x08003ea8   0x00000038   Code   RO         2997    i.vTaskPlaceOnEventListRestricted  tasks.o
    0x08003ee0   0x08003ee0   0x00000088   Code   RO         3005    i.vTaskStartScheduler  tasks.o
    0x08003f68   0x08003f68   0x00000010   Code   RO         3007    i.vTaskSuspendAll   tasks.o
    0x08003f78   0x08003f78   0x00000064   Code   RO         3008    i.vTaskSwitchContext  tasks.o
    0x08003fdc   0x08003fdc   0x0000000a   Code   RO          254    i.weapctrl          freertos.o
    0x08003fe6   0x08003fe6   0x00000002   PAD
    0x08003fe8   0x08003fe8   0x000000f4   Code   RO         4088    i.xPortStartScheduler  port.o
    0x080040dc   0x080040dc   0x0000002c   Code   RO         4089    i.xPortSysTickHandler  port.o
    0x08004108   0x08004108   0x00000066   Code   RO         2586    i.xQueueGenericCreateStatic  queue.o
    0x0800416e   0x0800416e   0x00000002   PAD
    0x08004170   0x08004170   0x00000088   Code   RO         2587    i.xQueueGenericReset  queue.o
    0x080041f8   0x080041f8   0x00000160   Code   RO         2588    i.xQueueGenericSend  queue.o
    0x08004358   0x08004358   0x000000be   Code   RO         2589    i.xQueueGenericSendFromISR  queue.o
    0x08004416   0x08004416   0x00000002   PAD
    0x08004418   0x08004418   0x00000138   Code   RO         2598    i.xQueueReceive     queue.o
    0x08004550   0x08004550   0x00000074   Code   RO         3010    i.xTaskCheckForTimeOut  tasks.o
    0x080045c4   0x080045c4   0x0000005a   Code   RO         3011    i.xTaskCreate       tasks.o
    0x0800461e   0x0800461e   0x00000056   Code   RO         3012    i.xTaskCreateStatic  tasks.o
    0x08004674   0x08004674   0x0000001c   Code   RO         3017    i.xTaskGetSchedulerState  tasks.o
    0x08004690   0x08004690   0x0000000c   Code   RO         3018    i.xTaskGetTickCount  tasks.o
    0x0800469c   0x0800469c   0x000000c8   Code   RO         3020    i.xTaskIncrementTick  tasks.o
    0x08004764   0x08004764   0x00000080   Code   RO         3023    i.xTaskPriorityDisinherit  tasks.o
    0x080047e4   0x080047e4   0x00000070   Code   RO         3025    i.xTaskRemoveFromEventList  tasks.o
    0x08004854   0x08004854   0x000000c4   Code   RO         3026    i.xTaskResumeAll    tasks.o
    0x08004918   0x08004918   0x00000060   Code   RO         3360    i.xTimerCreateTimerTask  timers.o
    0x08004978   0x08004978   0x00000068   Code   RO         3361    i.xTimerGenericCommand  timers.o
    0x080049e0   0x080049e0   0x00000018   Code   RO         4703    x$fpl$basic         fz_wm.l(basic.o)
    0x080049f8   0x080049f8   0x00000062   Code   RO         4584    x$fpl$d2f           fz_wm.l(d2f.o)
    0x08004a5a   0x08004a5a   0x00000002   PAD
    0x08004a5c   0x08004a5c   0x00000150   Code   RO         4586    x$fpl$dadd          fz_wm.l(daddsub_clz.o)
    0x08004bac   0x08004bac   0x000002b0   Code   RO         4787    x$fpl$ddiv          fz_wm.l(ddiv.o)
    0x08004e5c   0x08004e5c   0x0000005e   Code   RO         4790    x$fpl$dfix          fz_wm.l(dfix.o)
    0x08004eba   0x08004eba   0x0000002e   Code   RO         4795    x$fpl$dflt          fz_wm.l(dflt_clz.o)
    0x08004ee8   0x08004ee8   0x00000026   Code   RO         4794    x$fpl$dfltu         fz_wm.l(dflt_clz.o)
    0x08004f0e   0x08004f0e   0x00000002   PAD
    0x08004f10   0x08004f10   0x00000154   Code   RO         4592    x$fpl$dmul          fz_wm.l(dmul.o)
    0x08005064   0x08005064   0x0000009c   Code   RO         4705    x$fpl$dnaninf       fz_wm.l(dnaninf.o)
    0x08005100   0x08005100   0x0000000c   Code   RO         4707    x$fpl$dretinf       fz_wm.l(dretinf.o)
    0x0800510c   0x0800510c   0x00000016   Code   RO         4587    x$fpl$drsb          fz_wm.l(daddsub_clz.o)
    0x08005122   0x08005122   0x00000002   PAD
    0x08005124   0x08005124   0x000001d4   Code   RO         4588    x$fpl$dsub          fz_wm.l(daddsub_clz.o)
    0x080052f8   0x080052f8   0x00000056   Code   RO         4594    x$fpl$f2d           fz_wm.l(f2d.o)
    0x0800534e   0x0800534e   0x0000008c   Code   RO         4709    x$fpl$fnaninf       fz_wm.l(fnaninf.o)
    0x080053da   0x080053da   0x0000000a   Code   RO         4800    x$fpl$fpinit        fz_wm.l(fpinit.o)
    0x080053e4   0x080053e4   0x0000000a   Code   RO         4711    x$fpl$fretinf       fz_wm.l(fretinf.o)
    0x080053ee   0x080053ee   0x00000000   Code   RO         4713    x$fpl$usenofp       fz_wm.l(usenofp.o)
    0x080053ee   0x080053ee   0x00000002   PAD
    0x080053f0   0x080053f0   0x0000006c   Data   RO          255    .constdata          freertos.o
    0x0800545c   0x0800545c   0x00000008   Data   RO         1308    .constdata          stm32f4xx_hal_dma.o
    0x08005464   0x08005464   0x00000010   Data   RO         2361    .constdata          system_stm32f4xx.o
    0x08005474   0x08005474   0x00000008   Data   RO         2362    .constdata          system_stm32f4xx.o
    0x0800547c   0x0800547c   0x00000004   PAD
    0x08005480   0x08005480   0x00000030   Data   RO         4715    .constdata          m_wm.l(cos_i.o)
    0x080054b0   0x080054b0   0x000000c8   Data   RO         4733    .constdata          m_wm.l(rred.o)
    0x08005578   0x08005578   0x00000028   Data   RO         4737    .constdata          m_wm.l(sin_i.o)
    0x080055a0   0x080055a0   0x00000021   Data   RO          256    .conststring        freertos.o
    0x080055c1   0x080055c1   0x00000003   PAD
    0x080055c4   0x080055c4   0x00000020   Data   RO         4901    Region$$Table       anon$$obj.o


    Execution Region RW_IRAM2 (Exec base: 0x10000000, Load base: 0x08005698, Size: 0x00000000, Max: 0x00010000, ABSOLUTE)

    **** No section assigned to this execution region ****


    Execution Region RW_IRAM1 (Exec base: 0x20000000, Load base: 0x080055e4, Size: 0x00005358, Max: 0x00020000, ABSOLUTE)

    Exec Addr    Load Addr    Size         Type   Attr      Idx    E Section Name        Object

    0x20000000   0x080055e4   0x0000000c   Data   RW          257    .data               freertos.o
    0x2000000c   0x080055f0   0x00000004   Data   RW          311    .data               can.o
    0x20000010   0x080055f4   0x0000000c   Data   RW         1735    .data               stm32f4xx_hal.o
    0x2000001c   0x08005600   0x00000004   Data   RW         2363    .data               system_stm32f4xx.o
    0x20000020   0x08005604   0x0000003c   Data   RW         3029    .data               tasks.o
    0x2000005c   0x08005640   0x00000014   Data   RW         3369    .data               timers.o
    0x20000070   0x08005654   0x00000004   Data   RW         3593    .data               cmsis_os2.o
    0x20000074   0x08005658   0x00000020   Data   RW         4034    .data               heap_4.o
    0x20000094   0x08005678   0x0000000c   Data   RW         4090    .data               port.o
    0x200000a0   0x08005684   0x00000009   Data   RW         4164    .data               canbus.o
    0x200000a9   0x0800568d   0x00000001   PAD
    0x200000aa   0x0800568e   0x00000008   Data   RW         4254    .data               infoproc.o
    0x200000b2   0x08005696   0x00000002   PAD
    0x200000b4        -       0x00000050   Zero   RW          310    .bss                can.o
    0x20000104        -       0x0000024c   Zero   RW          384    .bss                usart.o
    0x20000350        -       0x00000040   Zero   RW         2602    .bss                queue.o
    0x20000390        -       0x000004c4   Zero   RW         3028    .bss                tasks.o
    0x20000854        -       0x00000118   Zero   RW         3368    .bss                timers.o
    0x2000096c        -       0x000006b8   Zero   RW         3592    .bss                cmsis_os2.o
    0x20001024        -       0x00003c00   Zero   RW         4033    .bss                heap_4.o
    0x20004c24        -       0x00000018   Zero   RW         4163    .bss                canbus.o
    0x20004c3c        -       0x00000096   Zero   RW         4207    .bss                rc.o
    0x20004cd2   0x08005696   0x00000002   PAD
    0x20004cd4        -       0x00000020   Zero   RW         4252    .bss                infoproc.o
    0x20004cf4        -       0x00000060   Zero   RW         4745    .bss                c_w.l(libspace.o)
    0x20004d54   0x08005696   0x00000004   PAD
    0x20004d58        -       0x00000200   Zero   RW            2    HEAP                startup_stm32f407xx.o
    0x20004f58        -       0x00000400   Zero   RW            1    STACK               startup_stm32f407xx.o


==============================================================================

Image component sizes


      Code (inc. data)   RO Data    RW Data    ZI Data      Debug   Object Name

       420         42          0          4         80       2618   can.o
       132         18          0          9         24       2075   canbus.o
       300         22          0          4       1720      64921   cmsis_os2.o
       108          4          0          0          0        878   dma.o
         0          0          0          0          0      19580   event_groups.o
        88         22        141         12          0       2524   freertos.o
       376         26          0          0          0       1199   gpio.o
       472         24          0         32      15360       5063   heap_4.o
       774         80          0          8         32       3822   infoproc.o
       138          0          0          0          0       3742   list.o
       202          8          0          0          0     683413   main.o
        48         12          0          0          0        654   motorlib.o
       786         82          0         12          0      11897   port.o
      1514         20          0          0         64      17912   queue.o
         0          0          0          0        150       2593   rc.o
        64         26        392          0       1536        876   startup_stm32f407xx.o
       144         24          0         12          0       8997   stm32f4xx_hal.o
      1266          0          0          0          0      12293   stm32f4xx_hal_can.o
       198         14          0          0          0      34143   stm32f4xx_hal_cortex.o
       934         16          8          0          0       5847   stm32f4xx_hal_dma.o
       532         52          0          0          0       3532   stm32f4xx_hal_gpio.o
        56          4          0          0          0        902   stm32f4xx_hal_msp.o
      1348         76          0          0          0       5432   stm32f4xx_hal_rcc.o
      1276         16          0          0          0       8656   stm32f4xx_hal_uart.o
       168         54          0          0          0       9927   stm32f4xx_it.o
         0          0          0          0          0        392   stream_buffer.o
        16          4         24          4          0       1203   system_stm32f4xx.o
      2084        168          0         60       1220      27768   tasks.o
       972         80          0         20        280      32663   timers.o
       752         78          0          0        588       3680   usart.o

    ----------------------------------------------------------------------
     15208        972        604        180      21056     979202   Object Totals
         0          0         32          0          0          0   (incl. Generated)
        40          0          7          3          2          0   (incl. Padding)

    ----------------------------------------------------------------------

      Code (inc. data)   RO Data    RW Data    ZI Data      Debug   Library Member Name

         8          0          0          0          0         68   __main.o
         0          0          0          0          0          0   __rtentry.o
        12          0          0          0          0          0   __rtentry2.o
         6          0          0          0          0          0   __rtentry4.o
        52          8          0          0          0          0   __scatter.o
        26          0          0          0          0          0   __scatter_copy.o
        28          0          0          0          0          0   __scatter_zi.o
        22          0          0          0          0        100   _rserrno.o
        16          0          0          0          0         68   aeabi_memset.o
        18          0          0          0          0         80   exit.o
         6          0          0          0          0        152   heapauxi.o
         0          0          0          0          0          0   indicate_semi.o
         2          0          0          0          0          0   libinit.o
         6          0          0          0          0          0   libinit2.o
         2          0          0          0          0          0   libshutdown.o
         2          0          0          0          0          0   libshutdown2.o
         8          4          0          0         96         68   libspace.o
       238          0          0          0          0        100   lludivv7m.o
         8          4          0          0          0         68   rt_errno_addr_intlibspace.o
        68          0          0          0          0         68   rt_memclr.o
        78          0          0          0          0         80   rt_memclr_w.o
       138          0          0          0          0         68   rt_memcpy_v6.o
       100          0          0          0          0         80   rt_memcpy_w.o
         2          0          0          0          0          0   rtexit.o
        10          0          0          0          0          0   rtexit2.o
        12          4          0          0          0         68   sys_exit.o
        74          0          0          0          0         80   sys_stackheap_outer.o
         2          0          0          0          0         68   use_no_semi.o
        24          0          0          0          0        164   basic.o
        98          4          0          0          0        140   d2f.o
       826         16          0          0          0        492   daddsub_clz.o
       688        140          0          0          0        256   ddiv.o
        94          4          0          0          0        140   dfix.o
        84          0          0          0          0        232   dflt_clz.o
       340         12          0          0          0        152   dmul.o
       156          4          0          0          0        140   dnaninf.o
        12          0          0          0          0        116   dretinf.o
        86          4          0          0          0        132   f2d.o
       140          4          0          0          0        132   fnaninf.o
        10          0          0          0          0        116   fpinit.o
        10          0          0          0          0        116   fretinf.o
         0          0          0          0          0          0   usenofp.o
       200         20          0          0          0        164   cos.o
       368         46         48          0          0        200   cos_i.o
        84         16          0          0          0        372   dunder.o
        24          0          0          0          0        124   fabs.o
        48          0          0          0          0        124   fpclassify.o
       248          0          0          0          0        152   poly.o
      1080        142        200          0          0        188   rred.o
       304         24         40          0          0        208   sin_i.o

    ----------------------------------------------------------------------
      5888        456        288          0        100       5076   Library Totals
        20          0          0          0          4          0   (incl. Padding)

    ----------------------------------------------------------------------

      Code (inc. data)   RO Data    RW Data    ZI Data      Debug   Library Name

       944         20          0          0         96       1216   c_w.l
      2568        188          0          0          0       2328   fz_wm.l
      2356        248        288          0          0       1532   m_wm.l

    ----------------------------------------------------------------------
      5888        456        288          0        100       5076   Library Totals

    ----------------------------------------------------------------------

==============================================================================


      Code (inc. data)   RO Data    RW Data    ZI Data      Debug   

     21096       1428        892        180      21156     965906   Grand Totals
     21096       1428        892        180      21156     965906   ELF Image Totals
     21096       1428        892        180          0          0   ROM Totals

==============================================================================

    Total RO  Size (Code + RO Data)                21988 (  21.47kB)
    Total RW  Size (RW Data + ZI Data)             21336 (  20.84kB)
    Total ROM Size (Code + RO Data + RW Data)      22168 (  21.65kB)

==============================================================================

