Component: ARM Compiler 5.06 update 7 (build 960) Tool: armlink [4d3601]

==============================================================================

Section Cross References

    startup_stm32f427xx.o(STACK) refers (Special) to heapauxi.o(.text) for __use_two_region_memory
    startup_stm32f427xx.o(HEAP) refers (Special) to heapauxi.o(.text) for __use_two_region_memory
    startup_stm32f427xx.o(RESET) refers (Special) to heapauxi.o(.text) for __use_two_region_memory
    startup_stm32f427xx.o(RESET) refers to startup_stm32f427xx.o(STACK) for __initial_sp
    startup_stm32f427xx.o(RESET) refers to startup_stm32f427xx.o(.text) for Reset_Handler
    startup_stm32f427xx.o(RESET) refers to stm32f4xx_it.o(i.NMI_Handler) for NMI_Handler
    startup_stm32f427xx.o(RESET) refers to stm32f4xx_it.o(i.HardFault_Handler) for HardFault_Handler
    startup_stm32f427xx.o(RESET) refers to stm32f4xx_it.o(i.MemManage_Handler) for MemManage_Handler
    startup_stm32f427xx.o(RESET) refers to stm32f4xx_it.o(i.BusFault_Handler) for BusFault_Handler
    startup_stm32f427xx.o(RESET) refers to stm32f4xx_it.o(i.UsageFault_Handler) for UsageFault_Handler
    startup_stm32f427xx.o(RESET) refers to port.o(.emb_text) for SVC_Handler
    startup_stm32f427xx.o(RESET) refers to stm32f4xx_it.o(i.DebugMon_Handler) for DebugMon_Handler
    startup_stm32f427xx.o(RESET) refers to stm32f4xx_it.o(i.SysTick_Handler) for SysTick_Handler
    startup_stm32f427xx.o(RESET) refers to stm32f4xx_it.o(i.DMA1_Stream1_IRQHandler) for DMA1_Stream1_IRQHandler
    startup_stm32f427xx.o(RESET) refers to stm32f4xx_it.o(i.DMA1_Stream3_IRQHandler) for DMA1_Stream3_IRQHandler
    startup_stm32f427xx.o(RESET) refers to stm32f4xx_it.o(i.CAN1_TX_IRQHandler) for CAN1_TX_IRQHandler
    startup_stm32f427xx.o(RESET) refers to stm32f4xx_it.o(i.CAN1_RX0_IRQHandler) for CAN1_RX0_IRQHandler
    startup_stm32f427xx.o(RESET) refers to stm32f4xx_it.o(i.USART1_IRQHandler) for USART1_IRQHandler
    startup_stm32f427xx.o(RESET) refers to stm32f4xx_it.o(i.EXTI15_10_IRQHandler) for EXTI15_10_IRQHandler
    startup_stm32f427xx.o(RESET) refers to stm32f4xx_it.o(i.DMA2_Stream2_IRQHandler) for DMA2_Stream2_IRQHandler
    startup_stm32f427xx.o(RESET) refers to stm32f4xx_it.o(i.CAN2_TX_IRQHandler) for CAN2_TX_IRQHandler
    startup_stm32f427xx.o(RESET) refers to stm32f4xx_it.o(i.CAN2_RX0_IRQHandler) for CAN2_RX0_IRQHandler
    startup_stm32f427xx.o(.text) refers (Special) to heapauxi.o(.text) for __use_two_region_memory
    startup_stm32f427xx.o(.text) refers to system_stm32f4xx.o(i.SystemInit) for SystemInit
    startup_stm32f427xx.o(.text) refers to __main.o(!!!main) for __main
    startup_stm32f427xx.o(.text) refers to startup_stm32f427xx.o(HEAP) for Heap_Mem
    startup_stm32f427xx.o(.text) refers to startup_stm32f427xx.o(STACK) for Stack_Mem
    main.o(i.SystemClock_Config) refers to rt_memclr_w.o(.text) for __aeabi_memclr4
    main.o(i.SystemClock_Config) refers to stm32f4xx_hal_rcc.o(i.HAL_RCC_OscConfig) for HAL_RCC_OscConfig
    main.o(i.SystemClock_Config) refers to stm32f4xx_hal_pwr_ex.o(i.HAL_PWREx_EnableOverDrive) for HAL_PWREx_EnableOverDrive
    main.o(i.SystemClock_Config) refers to stm32f4xx_hal_rcc.o(i.HAL_RCC_ClockConfig) for HAL_RCC_ClockConfig
    main.o(i.main) refers to stm32f4xx_hal.o(i.HAL_Init) for HAL_Init
    main.o(i.main) refers to main.o(i.SystemClock_Config) for SystemClock_Config
    main.o(i.main) refers to gpio.o(i.MX_GPIO_Init) for MX_GPIO_Init
    main.o(i.main) refers to can.o(i.MX_CAN1_Init) for MX_CAN1_Init
    main.o(i.main) refers to can.o(i.MX_CAN2_Init) for MX_CAN2_Init
    main.o(i.main) refers to dma.o(i.MX_DMA_Init) for MX_DMA_Init
    main.o(i.main) refers to usart.o(i.MX_USART1_UART_Init) for MX_USART1_UART_Init
    main.o(i.main) refers to usart.o(i.MX_USART3_UART_Init) for MX_USART3_UART_Init
    main.o(i.main) refers to cmsis_os2.o(i.osKernelInitialize) for osKernelInitialize
    main.o(i.main) refers to freertos.o(i.MX_FREERTOS_Init) for MX_FREERTOS_Init
    main.o(i.main) refers to cmsis_os2.o(i.osKernelStart) for osKernelStart
    gpio.o(i.MX_GPIO_Init) refers to rt_memclr_w.o(.text) for __aeabi_memclr4
    gpio.o(i.MX_GPIO_Init) refers to stm32f4xx_hal_gpio.o(i.HAL_GPIO_Init) for HAL_GPIO_Init
    gpio.o(i.MX_GPIO_Init) refers to stm32f4xx_hal_cortex.o(i.HAL_NVIC_SetPriority) for HAL_NVIC_SetPriority
    gpio.o(i.MX_GPIO_Init) refers to stm32f4xx_hal_cortex.o(i.HAL_NVIC_EnableIRQ) for HAL_NVIC_EnableIRQ
    freertos.o(i.MX_FREERTOS_Init) refers to cmsis_os2.o(i.osThreadNew) for osThreadNew
    freertos.o(i.MX_FREERTOS_Init) refers to freertos.o(.constdata) for .constdata
    freertos.o(i.MX_FREERTOS_Init) refers to infoproc.o(i.infoproc) for infoproc
    freertos.o(i.MX_FREERTOS_Init) refers to freertos.o(.data) for .data
    freertos.o(i.MX_FREERTOS_Init) refers to chasctrl.o(i.chasctrl) for chasctrl
    freertos.o(i.MX_FREERTOS_Init) refers to ui.o(i.UIdraw) for UIdraw
[...]
    __Vectors_Size                           0x000001ac   Number         0  startup_stm32f427xx.o ABSOLUTE
    __Vectors                                0x08000000   Data           4  startup_stm32f427xx.o(RESET)
    __Vectors_End                            0x080001ac   Data           0  startup_stm32f427xx.o(RESET)
    __main                                   0x080001ad   Thumb Code     8  __main.o(!!!main)
    __scatterload                            0x080001b5   Thumb Code     0  __scatter.o(!!!scatter)
    __scatterload_rt2                        0x080001b5   Thumb Code    44  __scatter.o(!!!scatter)
    __scatterload_rt2_thumb_only             0x080001b5   Thumb Code     0  __scatter.o(!!!scatter)
    __scatterload_null                       0x080001c3   Thumb Code     0  __scatter.o(!!!scatter)
    __scatterload_copy                       0x080001e9   Thumb Code    26  __scatter_copy.o(!!handler_copy)
    __scatterload_zeroinit                   0x08000205   Thumb Code    28  __scatter_zi.o(!!handler_zi)
    __rt_lib_init                            0x08000221   Thumb Code     0  libinit.o(.ARM.Collect$$libinit$$00000000)
    __rt_lib_init_fp_1                       0x08000223   Thumb Code     0  libinit2.o(.ARM.Collect$$libinit$$00000001)
    __rt_lib_init_alloca_1                   0x08000227   Thumb Code     0  libinit2.o(.ARM.Collect$$libinit$$0000002E)
    __rt_lib_init_argv_1                     0x08000227   Thumb Code     0  libinit2.o(.ARM.Collect$$libinit$$0000002C)
    __rt_lib_init_atexit_1                   0x08000227   Thumb Code     0  libinit2.o(.ARM.Collect$$libinit$$0000001B)
    __rt_lib_init_clock_1                    0x08000227   Thumb Code     0  libinit2.o(.ARM.Collect$$libinit$$00000021)
    __rt_lib_init_cpp_1                      0x08000227   Thumb Code     0  libinit2.o(.ARM.Collect$$libinit$$00000032)
    __rt_lib_init_exceptions_1               0x08000227   Thumb Code     0  libinit2.o(.ARM.Collect$$libinit$$00000030)
    __rt_lib_init_fp_trap_1                  0x08000227   Thumb Code     0  libinit2.o(.ARM.Collect$$libinit$$0000001F)
    __rt_lib_init_getenv_1                   0x08000227   Thumb Code     0  libinit2.o(.ARM.Collect$$libinit$$00000023)
    __rt_lib_init_heap_1                     0x08000227   Thumb Code     0  libinit2.o(.ARM.Collect$$libinit$$0000000A)
    __rt_lib_init_lc_collate_1               0x08000227   Thumb Code     0  libinit2.o(.ARM.Collect$$libinit$$00000011)
    __rt_lib_init_lc_ctype_1                 0x08000227   Thumb Code     0  libinit2.o(.ARM.Collect$$libinit$$00000013)
    __rt_lib_init_lc_monetary_1              0x08000227   Thumb Code     0  libinit2.o(.ARM.Collect$$libinit$$00000015)
    __rt_lib_init_lc_numeric_1               0x08000227   Thumb Code     0  libinit2.o(.ARM.Collect$$libinit$$00000017)
    __rt_lib_init_lc_time_1                  0x08000227   Thumb Code     0  libinit2.o(.ARM.Collect$$libinit$$00000019)
    __rt_lib_init_preinit_1                  0x08000227   Thumb Code     0  libinit2.o(.ARM.Collect$$libinit$$00000004)
    __rt_lib_init_rand_1                     0x08000227   Thumb Code     0  libinit2.o(.ARM.Collect$$libinit$$0000000E)
    __rt_lib_init_return                     0x08000227   Thumb Code     0  libinit2.o(.ARM.Collect$$libinit$$00000033)
    __rt_lib_init_signal_1                   0x08000227   Thumb Code     0  libinit2.o(.ARM.Collect$$libinit$$0000001D)
    __rt_lib_init_stdio_1                    0x08000227   Thumb Code     0  libinit2.o(.ARM.Collect$$libinit$$00000025)
    __rt_lib_init_user_alloc_1               0x08000227   Thumb Code     0  libinit2.o(.ARM.Collect$$libinit$$0000000C)
    __rt_lib_shutdown                        0x08000229   Thumb Code     0  libshutdown.o(.ARM.Collect$$libshutdown$$00000000)
    __rt_lib_shutdown_cpp_1                  0x0800022b   Thumb Code     0  libshutdown2.o(.ARM.Collect$$libshutdown$$00000004)
    __rt_lib_shutdown_fini_1                 0x0800022b   Thumb Code     0  libshutdown2.o(.ARM.Collect$$libshutdown$$00000002)
    __rt_lib_shutdown_fp_trap_1              0x0800022b   Thumb Code     0  libshutdown2.o(.ARM.Collect$$libshutdown$$00000009)
    __rt_lib_shutdown_heap_1                 0x0800022b   Thumb Code     0  libshutdown2.o(.ARM.Collect$$libshutdown$$00000011)
    __rt_lib_shutdown_return                 0x0800022b   Thumb Code     0  libshutdown2.o(.ARM.Collect$$libshutdown$$00000012)
    __rt_lib_shutdown_signal_1               0x0800022b   Thumb Code     0  libshutdown2.o(.ARM.Collect$$libshutdown$$0000000C)
    __rt_lib_shutdown_stdio_1                0x0800022b   Thumb Code     0  libshutdown2.o(.ARM.Collect$$libshutdown$$00000006)
    __rt_lib_shutdown_user_alloc_1           0x0800022b   Thumb Code     0  libshutdown2.o(.ARM.Collect$$libshutdown$$0000000E)
    __rt_entry                               0x0800022d   Thumb Code     0  __rtentry.o(.ARM.Collect$$rtentry$$00000000)
    __rt_entry_presh_1                       0x0800022d   Thumb Code     0  __rtentry2.o(.ARM.Collect$$rtentry$$00000002)
    __rt_entry_sh                            0x0800022d   Thumb Code     0  __rtentry4.o(.ARM.Collect$$rtentry$$00000004)
    __rt_entry_li                            0x08000233   Thumb Code     0  __rtentry2.o(.ARM.Collect$$rtentry$$0000000A)
    __rt_entry_postsh_1                      0x08000233   Thumb Code     0  __rtentry2.o(.ARM.Collect$$rtentry$$00000009)
    __rt_entry_main                          0x08000237   Thumb Code     0  __rtentry2.o(.ARM.Collect$$rtentry$$0000000D)
    __rt_entry_postli_1                      0x08000237   Thumb Code     0  __rtentry2.o(.ARM.Collect$$rtentry$$0000000C)
    __rt_exit                                0x0800023f   Thumb Code     0  rtexit.o(.ARM.Collect$$rtexit$$00000000)
    __rt_exit_ls                             0x08000241   Thumb Code     0  rtexit2.o(.ARM.Collect$$rtexit$$00000003)
    __rt_exit_prels_1                        0x08000241   Thumb Code     0  rtexit2.o(.ARM.Collect$$rtexit$$00000002)
    __rt_exit_exit                           0x08000245   Thumb Code     0  rtexit2.o(.ARM.Collect$$rtexit$$00000004)
    SVC_Handler                              0x0800024d   Thumb Code    28  port.o(.emb_text)
    __asm___6_port_c_39a90d8d__prvStartFirstTask 0x0800026d   Thumb Code    36  port.o(.emb_text)
    __asm___6_port_c_39a90d8d__prvEnableVFP  0x08000295   Thumb Code    16  port.o(.emb_text)
    PendSV_Handler                           0x080002a9   Thumb Code    88  port.o(.emb_text)
    vPortGetIPSR                             0x08000305   Thumb Code     6  port.o(.emb_text)
    Reset_Handler                            0x0800030d   Thumb Code     8  startup_stm32f427xx.o(.text)
    ADC_IRQHandler                           0x08000327   Thumb Code     0  startup_stm32f427xx.o(.text)
    CAN1_RX1_IRQHandler                      0x08000327   Thumb Code     0  startup_stm32f427xx.o(.text)
    CAN1_SCE_IRQHandler                      0x08000327   Thumb Code     0  startup_stm32f427xx.o(.text)
    CAN2_RX1_IRQHandler                      0x08000327   Thumb Code     0  startup_stm32f427xx.o(.text)
    CAN2_SCE_IRQHandler                      0x08000327   Thumb Code     0  startup_stm32f427xx.o(.text)
    DCMI_IRQHandler                          0x08000327   Thumb Code     0  startup_stm32f427xx.o(.text)
    DMA1_Stream0_IRQHandler                  0x08000327   Thumb Code     0  startup_stm32f427xx.o(.text)
    DMA1_Stream2_IRQHandler                  0x08000327   Thumb Code     0  startup_stm32f427xx.o(.text)
    DMA1_Stream4_IRQHandler                  0x08000327   Thumb Code     0  startup_stm32f427xx.o(.text)
    DMA1_Stream5_IRQHandler                  0x08000327   Thumb Code     0  startup_stm32f427xx.o(.text)
    DMA1_Stream6_IRQHandler                  0x08000327   Thumb Code     0  startup_stm32f427xx.o(.text)
    DMA1_Stream7_IRQHandler                  0x08000327   Thumb Code     0  startup_stm32f427xx.o(.text)
    DMA2D_IRQHandler                         0x08000327   Thumb Code     0  startup_stm32f427xx.o(.text)
    DMA2_Stream0_IRQHandler                  0x08000327   Thumb Code     0  startup_stm32f427xx.o(.text)
    DMA2_Stream1_IRQHandler                  0x08000327   Thumb Code     0  startup_stm32f427xx.o(.text)
    DMA2_Stream3_IRQHandler                  0x08000327   Thumb Code     0  startup_stm32f427xx.o(.text)
    DMA2_Stream4_IRQHandler                  0x08000327   Thumb Code     0  startup_stm32f427xx.o(.text)
    DMA2_Stream5_IRQHandler                  0x08000327   Thumb Code     0  startup_stm32f427xx.o(.text)
    DMA2_Stream6_IRQHandler                  0x08000327   Thumb Code     0  startup_stm32f427xx.o(.text)
    DMA2_Stream7_IRQHandler                  0x08000327   Thumb Code     0  startup_stm32f427xx.o(.text)
    ETH_IRQHandler                           0x08000327   Thumb Code     0  startup_stm32f427xx.o(.text)
    ETH_WKUP_IRQHandler                      0x08000327   Thumb Code     0  startup_stm32f427xx.o(.text)
    EXTI0_IRQHandler                         0x08000327   Thumb Code     0  startup_stm32f427xx.o(.text)
    EXTI1_IRQHandler                         0x08000327   Thumb Code     0  startup_stm32f427xx.o(.text)
    EXTI2_IRQHandler                         0x08000327   Thumb Code     0  startup_stm32f427xx.o(.text)
    EXTI3_IRQHandler                         0x08000327   Thumb Code     0  startup_stm32f427xx.o(.text)
    EXTI4_IRQHandler                         0x08000327   Thumb Code     0  startup_stm32f427xx.o(.text)
    EXTI9_5_IRQHandler                       0x08000327   Thumb Code     0  startup_stm32f427xx.o(.text)
    FLASH_IRQHandler                         0x08000327   Thumb Code     0  startup_stm32f427xx.o(.text)
    FMC_IRQHandler                           0x08000327   Thumb Code     0  startup_stm32f427xx.o(.text)
    FPU_IRQHandler                           0x08000327   Thumb Code     0  startup_stm32f427xx.o(.text)
    HASH_RNG_IRQHandler                      0x08000327   Thumb Code     0  startup_stm32f427xx.o(.text)
    I2C1_ER_IRQHandler                       0x08000327   Thumb Code     0  startup_stm32f427xx.o(.text)
    I2C1_EV_IRQHandler                       0x08000327   Thumb Code     0  startup_stm32f427xx.o(.text)
    I2C2_ER_IRQHandler                       0x08000327   Thumb Code     0  startup_stm32f427xx.o(.text)
    I2C2_EV_IRQHandler                       0x08000327   Thumb Code     0  startup_stm32f427xx.o(.text)
    I2C3_ER_IRQHandler                       0x08000327   Thumb Code     0  startup_stm32f427xx.o(.text)
    I2C3_EV_IRQHandler                       0x08000327   Thumb Code     0  startup_stm32f427xx.o(.text)
    OTG_FS_IRQHandler                        0x08000327   Thumb Code     0  startup_stm32f427xx.o(.text)
    OTG_FS_WKUP_IRQHandler                   0x08000327   Thumb Code     0  startup_stm32f427xx.o(.text)
    OTG_HS_EP1_IN_IRQHandler                 0x08000327   Thumb Code     0  startup_stm32f427xx.o(.text)
    OTG_HS_EP1_OUT_IRQHandler                0x08000327   Thumb Code     0  startup_stm32f427xx.o(.text)
    OTG_HS_IRQHandler                        0x08000327   Thumb Code     0  startup_stm32f427xx.o(.text)
    OTG_HS_WKUP_IRQHandler                   0x08000327   Thumb Code     0  startup_stm32f427xx.o(.text)
    PVD_IRQHandler                           0x08000327   Thumb Code     0  startup_stm32f427xx.o(.text)
    RCC_IRQHandler                           0x08000327   Thumb Code     0  startup_stm32f427xx.o(.text)
    RTC_Alarm_IRQHandler                     0x08000327   Thumb Code     0  startup_stm32f427xx.o(.text)
    RTC_WKUP_IRQHandler                      0x08000327   Thumb Code     0  startup_stm32f427xx.o(.text)
    SAI1_IRQHandler                          0x08000327   Thumb Code     0  startup_stm32f427xx.o(.text)
    SDIO_IRQHandler                          0x08000327   Thumb Code     0  startup_stm32f427xx.o(.text)
    SPI1_IRQHandler                          0x08000327   Thumb Code     0  startup_stm32f427xx.o(.text)
    SPI2_IRQHandler                          0x08000327   Thumb Code     0  startup_stm32f427xx.o(.text)
    SPI3_IRQHandler                          0x08000327   Thumb Code     0  startup_stm32f427xx.o(.text)
    SPI4_IRQHandler                          0x08000327   Thumb Code     0  startup_stm32f427xx.o(.text)
    SPI5_IRQHandler                          0x08000327   Thumb Code     0  startup_stm32f427xx.o(.text)
    SPI6_IRQHandler                          0x08000327   Thumb Code     0  startup_stm32f427xx.o(.text)
    TAMP_STAMP_IRQHandler                    0x08000327   Thumb Code     0  startup_stm32f427xx.o(.text)
    TIM1_BRK_TIM9_IRQHandler                 0x08000327   Thumb Code     0  startup_stm32f427xx.o(.text)
    TIM1_CC_IRQHandler                       0x08000327   Thumb Code     0  startup_stm32f427xx.o(.text)
    TIM1_TRG_COM_TIM11_IRQHandler            0x08000327   Thumb Code     0  startup_stm32f427xx.o(.text)
    TIM1_UP_TIM10_IRQHandler                 0x08000327   Thumb Code     0  startup_stm32f427xx.o(.text)
    TIM2_IRQHandler                          0x08000327   Thumb Code     0  startup_stm32f427xx.o(.text)
    TIM3_IRQHandler                          0x08000327   Thumb Code     0  startup_stm32f427xx.o(.text)
    TIM4_IRQHandler                          0x08000327   Thumb Code     0  startup_stm32f427xx.o(.text)
    TIM5_IRQHandler                          0x08000327   Thumb Code     0  startup_stm32f427xx.o(.text)
    TIM6_DAC_IRQHandler                      0x08000327   Thumb Code     0  startup_stm32f427xx.o(.text)
    TIM7_IRQHandler                          0x08000327   Thumb Code     0  startup_stm32f427xx.o(.text)
    TIM8_BRK_TIM12_IRQHandler                0x08000327   Thumb Code     0  startup_stm32f427xx.o(.text)
    TIM8_CC_IRQHandler                       0x08000327   Thumb Code     0  startup_stm32f427xx.o(.text)
    TIM8_TRG_COM_TIM14_IRQHandler            0x08000327   Thumb Code     0  startup_stm32f427xx.o(.text)
    TIM8_UP_TIM13_IRQHandler                 0x08000327   Thumb Code     0  startup_stm32f427xx.o(.text)
    UART4_IRQHandler                         0x08000327   Thumb Code     0  startup_stm32f427xx.o(.text)
    UART5_IRQHandler                         0x08000327   Thumb Code     0  startup_stm32f427xx.o(.text)
    UART7_IRQHandler                         0x08000327   Thumb Code     0  startup_stm32f427xx.o(.text)
    UART8_IRQHandler                         0x08000327   Thumb Code     0  startup_stm32f427xx.o(.text)
    USART2_IRQHandler                        0x08000327   Thumb Code     0  startup_stm32f427xx.o(.text)
    USART3_IRQHandler                        0x08000327   Thumb Code     0  startup_stm32f427xx.o(.text)
    USART6_IRQHandler                        0x08000327   Thumb Code     0  startup_stm32f427xx.o(.text)
    WWDG_IRQHandler                          0x08000327   Thumb Code     0  startup_stm32f427xx.o(.text)
    __user_initial_stackheap                 0x08000329   Thumb Code     0  startup_stm32f427xx.o(.text)
    __aeabi_uldivmod                         0x0800034d   Thumb Code     0  lludivv7m.o(.text)
    _ll_udiv                                 0x0800034d   Thumb Code   238  lludivv7m.o(.text)
    __aeabi_memcpy                           0x0800043b   Thumb Code     0  rt_memcpy_v6.o(.text)
    __rt_memcpy                              0x0800043b   Thumb Code   138  rt_memcpy_v6.o(.text)
    _memcpy_lastbytes                        0x080004a1   Thumb Code     0  rt_memcpy_v6.o(.text)
    __aeabi_memcpy4                          0x080004c5   Thumb Code     0  rt_memcpy_w.o(.text)
    __aeabi_memcpy8                          0x080004c5   Thumb Code     0  rt_memcpy_w.o(.text)
    __rt_memcpy_w                            0x080004c5   Thumb Code   100  rt_memcpy_w.o(.text)
    _memcpy_lastbytes_aligned                0x0800050d   Thumb Code     0  rt_memcpy_w.o(.text)
    __aeabi_memset                           0x08000529   Thumb Code    16  aeabi_memset.o(.text)
    __aeabi_memclr                           0x08000539   Thumb Code     0  rt_memclr.o(.text)
    __rt_memclr                              0x08000539   Thumb Code    68  rt_memclr.o(.text)
    _memset                                  0x0800053d   Thumb Code     0  rt_memclr.o(.text)
    __aeabi_memclr4                          0x0800057d   Thumb Code     0  rt_memclr_w.o(.text)
    __aeabi_memclr8                          0x0800057d   Thumb Code     0  rt_memclr_w.o(.text)
    __rt_memclr_w                            0x0800057d   Thumb Code    78  rt_memclr_w.o(.text)
    _memset_w                                0x08000581   Thumb Code     0  rt_memclr_w.o(.text)
    __use_two_region_memory                  0x080005cb   Thumb Code     2  heapauxi.o(.text)
    __rt_heap_escrow                         0x080005cd   Thumb Code     2  heapauxi.o(.text)
    __rt_heap_expand                         0x080005cf   Thumb Code     2  heapauxi.o(.text)
    __read_errno                             0x080005d1   Thumb Code    10  _rserrno.o(.text)
    __set_errno                              0x080005db   Thumb Code    12  _rserrno.o(.text)
    __user_libspace                          0x080005e9   Thumb Code     8  libspace.o(.text)
    __user_perproc_libspace                  0x080005e9   Thumb Code     0  libspace.o(.text)
    __user_perthread_libspace                0x080005e9   Thumb Code     0  libspace.o(.text)
    __aeabi_errno_addr                       0x080005f1   Thumb Code     8  rt_errno_addr_intlibspace.o(.text)
    __errno$intlibspace                      0x080005f1   Thumb Code     0  rt_errno_addr_intlibspace.o(.text)
    __rt_errno_addr$intlibspace              0x080005f1   Thumb Code     0  rt_errno_addr_intlibspace.o(.text)
    __I$use$semihosting                      0x080005f9   Thumb Code     0  use_no_semi.o(.text)
    __use_no_semihosting_swi                 0x080005f9   Thumb Code     2  use_no_semi.o(.text)
    __semihosting_library_function           0x080005fb   Thumb Code     0  indicate_semi.o(.text)
    __user_setup_stackheap                   0x080005fb   Thumb Code    74  sys_stackheap_outer.o(.text)
    exit                                     0x08000645   Thumb Code    18  exit.o(.text)
    _sys_exit                                0x08000659   Thumb Code     8  sys_exit.o(.text)
    BusFault_Handler                         0x08000665   Thumb Code     2  stm32f4xx_it.o(i.BusFault_Handler)
    CAN1_RX0_IRQHandler                      0x08000669   Thumb Code     6  stm32f4xx_it.o(i.CAN1_RX0_IRQHandler)
    CAN1_TX_IRQHandler                       0x08000675   Thumb Code     6  stm32f4xx_it.o(i.CAN1_TX_IRQHandler)
    CAN2_RX0_IRQHandler                      0x08000681   Thumb Code     6  stm32f4xx_it.o(i.CAN2_RX0_IRQHandler)
    CAN2_TX_IRQHandler                       0x0800068d   Thumb Code     6  stm32f4xx_it.o(i.CAN2_TX_IRQHandler)
    CAN_send                                 0x08000699   Thumb Code    80  canbus.o(i.CAN_send)
    DMA1_Stream1_IRQHandler                  0x080006f1   Thumb Code     6  stm32f4xx_it.o(i.DMA1_Stream1_IRQHandler)
    DMA1_Stream3_IRQHandler                  0x080006fd   Thumb Code     6  stm32f4xx_it.o(i.DMA1_Stream3_IRQHandler)
    DMA2_Stream2_IRQHandler                  0x08000709   Thumb Code     6  stm32f4xx_it.o(i.DMA2_Stream2_IRQHandler)
    DMA_RX_INIT                              0x08000791   Thumb Code    88  dma_bsp.o(i.DMA_RX_INIT)
    DebugMon_Handler                         0x08000811   Thumb Code     2  stm32f4xx_it.o(i.DebugMon_Handler)
    EXTI15_10_IRQHandler                     0x08000815   Thumb Code    24  stm32f4xx_it.o(i.EXTI15_10_IRQHandler)
    Error_Handler                            0x08000839   Thumb Code     4  main.o(i.Error_Handler)
    HAL_CAN_AddTxMessage                     0x0800083d   Thumb Code   220  stm32f4xx_hal_can.o(i.HAL_CAN_AddTxMessage)
    HAL_CAN_ErrorCallback                    0x08000919   Thumb Code     2  stm32f4xx_hal_can.o(i.HAL_CAN_ErrorCallback)
    HAL_CAN_GetRxMessage                     0x0800091b   Thumb Code   232  stm32f4xx_hal_can.o(i.HAL_CAN_GetRxMessage)
    HAL_CAN_IRQHandler                       0x08000a03   Thumb Code   508  stm32f4xx_hal_can.o(i.HAL_CAN_IRQHandler)
    HAL_CAN_Init                             0x08000bff   Thumb Code   282  stm32f4xx_hal_can.o(i.HAL_CAN_Init)
    HAL_CAN_MspInit                          0x08000d19   Thumb Code   260  can.o(i.HAL_CAN_MspInit)
    HAL_CAN_RxFifo0FullCallback              0x08000e35   Thumb Code     2  stm32f4xx_hal_can.o(i.HAL_CAN_RxFifo0FullCallback)
    HAL_CAN_RxFifo0MsgPendingCallback        0x08000e39   Thumb Code   172  canbus.o(i.HAL_CAN_RxFifo0MsgPendingCallback)
    HAL_CAN_RxFifo1FullCallback              0x08000f01   Thumb Code     2  stm32f4xx_hal_can.o(i.HAL_CAN_RxFifo1FullCallback)
    HAL_CAN_RxFifo1MsgPendingCallback        0x08000f03   Thumb Code     2  stm32f4xx_hal_can.o(i.HAL_CAN_RxFifo1MsgPendingCallback)
    HAL_CAN_SleepCallback                    0x08000f05   Thumb Code     2  stm32f4xx_hal_can.o(i.HAL_CAN_SleepCallback)
    HAL_CAN_TxMailbox0AbortCallback          0x08000f07   Thumb Code     2  stm32f4xx_hal_can.o(i.HAL_CAN_TxMailbox0AbortCallback)
    HAL_CAN_TxMailbox0CompleteCallback       0x08000f09   Thumb Code     2  stm32f4xx_hal_can.o(i.HAL_CAN_TxMailbox0CompleteCallback)
    HAL_CAN_TxMailbox1AbortCallback          0x08000f0b   Thumb Code     2  stm32f4xx_hal_can.o(i.HAL_CAN_TxMailbox1AbortCallback)
    HAL_CAN_TxMailbox1CompleteCallback       0x08000f0d   Thumb Code     2  stm32f4xx_hal_can.o(i.HAL_CAN_TxMailbox1CompleteCallback)
    HAL_CAN_TxMailbox2AbortCallback          0x08000f0f   Thumb Code     2  stm32f4xx_hal_can.o(i.HAL_CAN_TxMailbox2AbortCallback)
    HAL_CAN_TxMailbox2CompleteCallback       0x08000f11   Thumb Code     2  stm32f4xx_hal_can.o(i.HAL_CAN_TxMailbox2CompleteCallback)
    HAL_CAN_WakeUpFromRxMsgCallback          0x08000f13   Thumb Code     2  stm32f4xx_hal_can.o(i.HAL_CAN_WakeUpFromRxMsgCallback)
    HAL_DMA_Abort                            0x08000f15   Thumb Code   146  stm32f4xx_hal_dma.o(i.HAL_DMA_Abort)
    HAL_DMA_Abort_IT                         0x08000fa7   Thumb Code    36  stm32f4xx_hal_dma.o(i.HAL_DMA_Abort_IT)
    HAL_DMA_IRQHandler                       0x08000fcd   Thumb Code   412  stm32f4xx_hal_dma.o(i.HAL_DMA_IRQHandler)
    HAL_DMA_Init                             0x0800116d   Thumb Code   206  stm32f4xx_hal_dma.o(i.HAL_DMA_Init)
    HAL_DMA_Start_IT                         0x08001241   Thumb Code   110  stm32f4xx_hal_dma.o(i.HAL_DMA_Start_IT)
    HAL_GPIO_EXTI_Callback                   0x080012af   Thumb Code     2  stm32f4xx_hal_gpio.o(i.HAL_GPIO_EXTI_Callback)
    HAL_GPIO_EXTI_IRQHandler                 0x080012b1   Thumb Code    18  stm32f4xx_hal_gpio.o(i.HAL_GPIO_EXTI_IRQHandler)
    HAL_GPIO_Init                            0x080012c9   Thumb Code   510  stm32f4xx_hal_gpio.o(i.HAL_GPIO_Init)
    HAL_GPIO_ReadPin                         0x080014fd   Thumb Code    10  stm32f4xx_hal_gpio.o(i.HAL_GPIO_ReadPin)
    HAL_GetTick                              0x08001509   Thumb Code     6  stm32f4xx_hal.o(i.HAL_GetTick)
    HAL_IncTick                              0x08001515   Thumb Code    12  stm32f4xx_hal.o(i.HAL_IncTick)
    HAL_Init                                 0x08001525   Thumb Code    48  stm32f4xx_hal.o(i.HAL_Init)
    HAL_InitTick                             0x08001559   Thumb Code    54  stm32f4xx_hal.o(i.HAL_InitTick)
    HAL_MspInit                              0x08001599   Thumb Code    52  stm32f4xx_hal_msp.o(i.HAL_MspInit)
    HAL_NVIC_EnableIRQ                       0x080015d1   Thumb Code    26  stm32f4xx_hal_cortex.o(i.HAL_NVIC_EnableIRQ)
    HAL_NVIC_SetPriority                     0x080015ed   Thumb Code    60  stm32f4xx_hal_cortex.o(i.HAL_NVIC_SetPriority)
    HAL_NVIC_SetPriorityGrouping             0x0800162d   Thumb Code    26  stm32f4xx_hal_cortex.o(i.HAL_NVIC_SetPriorityGrouping)
    HAL_PWREx_EnableOverDrive                0x08001651   Thumb Code    98  stm32f4xx_hal_pwr_ex.o(i.HAL_PWREx_EnableOverDrive)
    HAL_RCC_ClockConfig                      0x080016c1   Thumb Code   288  stm32f4xx_hal_rcc.o(i.HAL_RCC_ClockConfig)
    HAL_RCC_GetPCLK1Freq                     0x080017f5   Thumb Code    20  stm32f4xx_hal_rcc.o(i.HAL_RCC_GetPCLK1Freq)
    HAL_RCC_GetPCLK2Freq                     0x08001815   Thumb Code    20  stm32f4xx_hal_rcc.o(i.HAL_RCC_GetPCLK2Freq)
    HAL_RCC_GetSysClockFreq                  0x08001835   Thumb Code    88  stm32f4xx_hal_rcc.o(i.HAL_RCC_GetSysClockFreq)
    HAL_RCC_OscConfig                        0x08001899   Thumb Code   856  stm32f4xx_hal_rcc.o(i.HAL_RCC_OscConfig)
    HAL_SYSTICK_Config                       0x08001c05   Thumb Code    40  stm32f4xx_hal_cortex.o(i.HAL_SYSTICK_Config)
    HAL_UARTEx_RxEventCallback               0x08001c2d   Thumb Code     2  stm32f4xx_hal_uart.o(i.HAL_UARTEx_RxEventCallback)
    HAL_UART_ErrorCallback                   0x08001c2f   Thumb Code     2  stm32f4xx_hal_uart.o(i.HAL_UART_ErrorCallback)
    HAL_UART_IRQHandler                      0x08001c31   Thumb Code   610  stm32f4xx_hal_uart.o(i.HAL_UART_IRQHandler)
    HAL_UART_Init                            0x08001e99   Thumb Code    98  stm32f4xx_hal_uart.o(i.HAL_UART_Init)
    HAL_UART_MspInit                         0x08001efd   Thumb Code   342  usart.o(i.HAL_UART_MspInit)
    HAL_UART_RxCpltCallback                  0x08002075   Thumb Code     2  stm32f4xx_hal_uart.o(i.HAL_UART_RxCpltCallback)
    HAL_UART_Transmit_DMA                    0x08002079   Thumb Code   126  stm32f4xx_hal_uart.o(i.HAL_UART_Transmit_DMA)
    HAL_UART_TxCpltCallback                  0x08002105   Thumb Code     2  stm32f4xx_hal_uart.o(i.HAL_UART_TxCpltCallback)
    HAL_UART_TxHalfCpltCallback              0x08002107   Thumb Code     2  stm32f4xx_hal_uart.o(i.HAL_UART_TxHalfCpltCallback)
    HardFault_Handler                        0x08002109   Thumb Code     2  stm32f4xx_it.o(i.HardFault_Handler)
    MX_CAN1_Init                             0x0800210d   Thumb Code    58  can.o(i.MX_CAN1_Init)
    MX_CAN2_Init                             0x08002151   Thumb Code    58  can.o(i.MX_CAN2_Init)
    MX_DMA_Init                              0x08002195   Thumb Code    88  dma.o(i.MX_DMA_Init)
    MX_FREERTOS_Init                         0x080021f1   Thumb Code    74  freertos.o(i.MX_FREERTOS_Init)
    MX_GPIO_Init                             0x08002259   Thumb Code   166  gpio.o(i.MX_GPIO_Init)
    MX_USART1_UART_Init                      0x0800230d   Thumb Code    46  usart.o(i.MX_USART1_UART_Init)
    MX_USART3_UART_Init                      0x08002349   Thumb Code    48  usart.o(i.MX_USART3_UART_Init)
    MemManage_Handler                        0x08002381   Thumb Code     2  stm32f4xx_it.o(i.MemManage_Handler)
    NMI_Handler                              0x08002383   Thumb Code     2  stm32f4xx_it.o(i.NMI_Handler)
    PID_angle_calc                           0x08002385   Thumb Code   300  pid.o(i.PID_angle_calc)
    PID_calc                                 0x080024b5   Thumb Code   254  pid.o(i.PID_calc)
    REF_INIT                                 0x080025b5   Thumb Code    24  refread.o(i.REF_INIT)
    SysTick_Handler                          0x080025d9   Thumb Code    24  stm32f4xx_it.o(i.SysTick_Handler)
    SystemClock_Config                       0x080025f1   Thumb Code   150  main.o(i.SystemClock_Config)
    SystemInit                               0x08002691   Thumb Code    12  system_stm32f4xx.o(i.SystemInit)
    UIdraw                                   0x0800297d   Thumb Code    50  ui.o(i.UIdraw)
    USART1_IRQHandler                        0x080029bd   Thumb Code     6  stm32f4xx_it.o(i.USART1_IRQHandler)
    UsageFault_Handler                       0x080029c9   Thumb Code     2  stm32f4xx_it.o(i.UsageFault_Handler)
    __ARM_fpclassify                         0x080029cb   Thumb Code    48  fpclassify.o(i.__ARM_fpclassify)
    __hardfp_cos                             0x08002a21   Thumb Code   180  cos.o(i.__hardfp_cos)
    __hardfp_sin                             0x08002ae9   Thumb Code   180  sin.o(i.__hardfp_sin)
    __ieee754_rem_pio2                       0x08002bb1   Thumb Code   938  rred.o(i.__ieee754_rem_pio2)
    __kernel_cos                             0x08002fe9   Thumb Code   322  cos_i.o(i.__kernel_cos)
    __kernel_poly                            0x08003159   Thumb Code   248  poly.o(i.__kernel_poly)
    __kernel_sin                             0x08003251   Thumb Code   280  sin_i.o(i.__kernel_sin)
    __mathlib_dbl_infnan                     0x08003381   Thumb Code    20  dunder.o(i.__mathlib_dbl_infnan)
    __mathlib_dbl_invalid                    0x08003399   Thumb Code    24  dunder.o(i.__mathlib_dbl_invalid)
    __mathlib_dbl_underflow                  0x080033b9   Thumb Code    24  dunder.o(i.__mathlib_dbl_underflow)
    canrxtomotinfo                           0x080033d9   Thumb Code   108  motorlib.o(i.canrxtomotinfo)
    capsctrl                                 0x08003455   Thumb Code    10  freertos.o(i.capsctrl)
    capsinfo_unpack                          0x0800345f   Thumb Code    58  scaps.o(i.capsinfo_unpack)
    capsui                                   0x08003499   Thumb Code    28  ui.o(i.capsui)
    chasctrl                                 0x080034b5   Thumb Code    54  chasctrl.o(i.chasctrl)
    chasinfo_compl                           0x080034f9   Thumb Code    90  infoproc.o(i.chasinfo_compl)
    chasui                                   0x08003555   Thumb Code    82  ui.o(i.chasui)
    ctrlmestochas_unpack                     0x080035b1   Thumb Code    54  infoproc.o(i.ctrlmestochas_unpack)
    curmestochas_unpack                      0x080035e7   Thumb Code    34  infoproc.o(i.curmestochas_unpack)
    fabs                                     0x08003609   Thumb Code    24  fabs.o(i.fabs)
    fifo_s_get                               0x08003621   Thumb Code    44  fifo.o(i.fifo_s_get)
    fifo_s_init                              0x0800364d   Thumb Code    22  fifo.o(i.fifo_s_init)
    fifo_s_used                              0x08003663   Thumb Code     4  fifo.o(i.fifo_s_used)
    get_CRC16_check_sum                      0x08003669   Thumb Code    38  crc8_crc16.o(i.get_CRC16_check_sum)
    get_CRC8_check_sum                       0x08003695   Thumb Code    24  crc8_crc16.o(i.get_CRC8_check_sum)
    get_chassis_power_and_buffer             0x080036b1   Thumb Code    42  ref.o(i.get_chassis_power_and_buffer)
    get_robot_id                             0x080036e1   Thumb Code     6  ref.o(i.get_robot_id)
    gr_draw                                  0x080036ed   Thumb Code   452  ui.o(i.gr_draw)
    infoproc                                 0x080038b5   Thumb Code   284  infoproc.o(i.infoproc)
    init_referee_struct_data                 0x080039e5   Thumb Code   102  ref.o(i.init_referee_struct_data)
    main                                     0x08003a55   Thumb Code    46  main.o(i.main)
    mestocan1_0x1ff_pack                     0x08003a83   Thumb Code    12  infoproc.o(i.mestocan1_0x1ff_pack)
    mestocan1_0x200_pack                     0x08003a8f   Thumb Code    12  infoproc.o(i.mestocan1_0x200_pack)
    mestocan2_0x1ff_pack                     0x08003a9b   Thumb Code    12  infoproc.o(i.mestocan2_0x1ff_pack)
    mestocan2_0x200_pack                     0x08003aa7   Thumb Code    12  infoproc.o(i.mestocan2_0x200_pack)
    motcurrentsensor                         0x08003ab5   Thumb Code   112  motorlib.o(i.motcurrentsensor)
    osDelay                                  0x08003b25   Thumb Code    26  cmsis_os2.o(i.osDelay)
    osKernelInitialize                       0x08003b41   Thumb Code    32  cmsis_os2.o(i.osKernelInitialize)
    osKernelStart                            0x08003b65   Thumb Code    48  cmsis_os2.o(i.osKernelStart)
    osThreadNew                              0x08003b9d   Thumb Code   138  cmsis_os2.o(i.osThreadNew)
    powerlimit                               0x08003c29   Thumb Code   194  chasctrl.o(i.powerlimit)
    pvPortMalloc                             0x08004489   Thumb Code   216  heap_4.o(i.pvPortMalloc)
    pxPortInitialiseStack                    0x08004565   Thumb Code    40  port.o(i.pxPortInitialiseStack)
    referee_data_solve                       0x08004591   Thumb Code   282  ref.o(i.referee_data_solve)
    refread                                  0x080047b9   Thumb Code    36  refread.o(i.refread)
    uxListRemove                             0x080047e1   Thumb Code    38  list.o(i.uxListRemove)
    vApplicationGetIdleTaskMemory            0x08004809   Thumb Code    16  cmsis_os2.o(i.vApplicationGetIdleTaskMemory)
    vApplicationGetTimerTaskMemory           0x0800481d   Thumb Code    18  cmsis_os2.o(i.vApplicationGetTimerTaskMemory)
    vListInitialise                          0x08004835   Thumb Code    22  list.o(i.vListInitialise)
    vListInitialiseItem                      0x0800484b   Thumb Code     6  list.o(i.vListInitialiseItem)
    vListInsert                              0x08004851   Thumb Code    48  list.o(i.vListInsert)
    vListInsertEnd                           0x08004881   Thumb Code    24  list.o(i.vListInsertEnd)
    vPortEnterCritical                       0x08004899   Thumb Code    54  port.o(i.vPortEnterCritical)
    vPortExitCritical                        0x080048d9   Thumb Code    34  port.o(i.vPortExitCritical)
    vPortFree                                0x08004901   Thumb Code    94  heap_4.o(i.vPortFree)
    vPortSetupTimerInterrupt                 0x08004965   Thumb Code    32  port.o(i.vPortSetupTimerInterrupt)
    vPortValidateInterruptPriority           0x08004989   Thumb Code    74  port.o(i.vPortValidateInterruptPriority)
    vQueueAddToRegistry                      0x080049dd   Thumb Code    34  queue.o(i.vQueueAddToRegistry)
    vQueueWaitForMessageRestricted           0x08004a05   Thumb Code    68  queue.o(i.vQueueWaitForMessageRestricted)
    vTaskDelay                               0x08004a49   Thumb Code    66  tasks.o(i.vTaskDelay)
    vTaskInternalSetTimeOutState             0x08004a95   Thumb Code    12  tasks.o(i.vTaskInternalSetTimeOutState)
    vTaskMissedYield                         0x08004aa5   Thumb Code     8  tasks.o(i.vTaskMissedYield)
    vTaskPlaceOnEventList                    0x08004ab1   Thumb Code    44  tasks.o(i.vTaskPlaceOnEventList)
    vTaskPlaceOnEventListRestricted          0x08004ae1   Thumb Code    52  tasks.o(i.vTaskPlaceOnEventListRestricted)
    vTaskStartScheduler                      0x08004b19   Thumb Code   118  tasks.o(i.vTaskStartScheduler)
    vTaskSuspendAll                          0x08004ba1   Thumb Code    10  tasks.o(i.vTaskSuspendAll)
    vTaskSwitchContext                       0x08004bb1   Thumb Code    90  tasks.o(i.vTaskSwitchContext)
    verify_CRC16_check_sum                   0x08004c15   Thumb Code    54  crc8_crc16.o(i.verify_CRC16_check_sum)
    verify_CRC8_check_sum                    0x08004c51   Thumb Code    38  crc8_crc16.o(i.verify_CRC8_check_sum)
    wheelspeedpid_calc                       0x08004c77   Thumb Code    62  chasctrl.o(i.wheelspeedpid_calc)
    xPortStartScheduler                      0x08004cb5   Thumb Code   222  port.o(i.xPortStartScheduler)
    xPortSysTickHandler                      0x08004da9   Thumb Code    38  port.o(i.xPortSysTickHandler)
    xQueueGenericCreateStatic                0x08004dd5   Thumb Code   102  queue.o(i.xQueueGenericCreateStatic)
    xQueueGenericReset                       0x08004e3d   Thumb Code   132  queue.o(i.xQueueGenericReset)
    xQueueGenericSend                        0x08004ec5   Thumb Code   346  queue.o(i.xQueueGenericSend)
    xQueueGenericSendFromISR                 0x08005025   Thumb Code   190  queue.o(i.xQueueGenericSendFromISR)
    xQueueReceive                            0x080050e5   Thumb Code   308  queue.o(i.xQueueReceive)
    xTaskCheckForTimeOut                     0x0800521d   Thumb Code   112  tasks.o(i.xTaskCheckForTimeOut)
    xTaskCreate                              0x08005291   Thumb Code    90  tasks.o(i.xTaskCreate)
    xTaskCreateStatic                        0x080052eb   Thumb Code    86  tasks.o(i.xTaskCreateStatic)
    xTaskGetSchedulerState                   0x08005341   Thumb Code    22  tasks.o(i.xTaskGetSchedulerState)
    xTaskGetTickCount                        0x0800535d   Thumb Code     6  tasks.o(i.xTaskGetTickCount)
    xTaskIncrementTick                       0x08005369   Thumb Code   192  tasks.o(i.xTaskIncrementTick)
    xTaskPriorityDisinherit                  0x08005431   Thumb Code   118  tasks.o(i.xTaskPriorityDisinherit)
    xTaskRemoveFromEventList                 0x080054b1   Thumb Code    98  tasks.o(i.xTaskRemoveFromEventList)
    xTaskResumeAll                           0x08005521   Thumb Code   182  tasks.o(i.xTaskResumeAll)
    xTimerCreateTimerTask                    0x080055e5   Thumb Code    78  timers.o(i.xTimerCreateTimerTask)
    xTimerGenericCommand                     0x08005645   Thumb Code    98  timers.o(i.xTimerGenericCommand)
    xyztowheelspeed_calc                     0x080056ad   Thumb Code   296  chasctrl.o(i.xyztowheelspeed_calc)
    yawzero_clac                             0x080057dd   Thumb Code   116  chasctrl.o(i.yawzero_clac)
    zangletozspeed_calc                      0x08005859   Thumb Code    54  chasctrl.o(i.zangletozspeed_calc)
    __aeabi_dneg                             0x08005899   Thumb Code     0  basic.o(x$fpl$basic)
    _dneg                                    0x08005899   Thumb Code     6  basic.o(x$fpl$basic)
    __aeabi_fneg                             0x0800589f   Thumb Code     0  basic.o(x$fpl$basic)
    _fneg                                    0x0800589f   Thumb Code     6  basic.o(x$fpl$basic)
    _dabs                                    0x080058a5   Thumb Code     6  basic.o(x$fpl$basic)
    _fabs                                    0x080058ab   Thumb Code     6  basic.o(x$fpl$basic)
    __aeabi_d2f                              0x080058b1   Thumb Code     0  d2f.o(x$fpl$d2f)
    _d2f                                     0x080058b1   Thumb Code    98  d2f.o(x$fpl$d2f)
    __aeabi_dadd                             0x08005915   Thumb Code     0  daddsub_clz.o(x$fpl$dadd)
    _dadd                                    0x08005915   Thumb Code   332  daddsub_clz.o(x$fpl$dadd)
    __aeabi_ddiv                             0x08005a65   Thumb Code     0  ddiv.o(x$fpl$ddiv)
    _ddiv                                    0x08005a65   Thumb Code   552  ddiv.o(x$fpl$ddiv)
    __aeabi_d2iz                             0x08005d15   Thumb Code     0  dfix.o(x$fpl$dfix)
    _dfix                                    0x08005d15   Thumb Code    94  dfix.o(x$fpl$dfix)
    __aeabi_i2d                              0x08005d73   Thumb Code     0  dflt_clz.o(x$fpl$dflt)
    _dflt                                    0x08005d73   Thumb Code    46  dflt_clz.o(x$fpl$dflt)
    __aeabi_ui2d                             0x08005da1   Thumb Code     0  dflt_clz.o(x$fpl$dfltu)
    _dfltu                                   0x08005da1   Thumb Code    38  dflt_clz.o(x$fpl$dfltu)
    __aeabi_dmul                             0x08005dc9   Thumb Code     0  dmul.o(x$fpl$dmul)
    _dmul                                    0x08005dc9   Thumb Code   332  dmul.o(x$fpl$dmul)
    __fpl_dnaninf                            0x08005f1d   Thumb Code   156  dnaninf.o(x$fpl$dnaninf)
    __fpl_dretinf                            0x08005fb9   Thumb Code    12  dretinf.o(x$fpl$dretinf)
    __aeabi_drsub                            0x08005fc5   Thumb Code     0  daddsub_clz.o(x$fpl$drsb)
    _drsb                                    0x08005fc5   Thumb Code    22  daddsub_clz.o(x$fpl$drsb)
    __aeabi_dsub                             0x08005fdd   Thumb Code     0  daddsub_clz.o(x$fpl$dsub)
    _dsub                                    0x08005fdd   Thumb Code   464  daddsub_clz.o(x$fpl$dsub)
    __aeabi_f2d                              0x080061b1   Thumb Code     0  f2d.o(x$fpl$f2d)
    _f2d                                     0x080061b1   Thumb Code    86  f2d.o(x$fpl$f2d)
    __fpl_fnaninf                            0x08006207   Thumb Code   140  fnaninf.o(x$fpl$fnaninf)
    _fp_init                                 0x08006293   Thumb Code    10  fpinit.o(x$fpl$fpinit)
    __fplib_config_fpu_vfp                   0x0800629b   Thumb Code     0  fpinit.o(x$fpl$fpinit)
    __fplib_config_pureend_doubles           0x0800629b   Thumb Code     0  fpinit.o(x$fpl$fpinit)
    __fpl_fretinf                            0x0800629d   Thumb Code    10  fretinf.o(x$fpl$fretinf)
    __I$use$fp                               0x080062a6   Number         0  usenofp.o(x$fpl$usenofp)
    infotask_attributes                      0x080062a8   Data          36  freertos.o(.constdata)
    chassistask_attributes                   0x080062cc   Data          36  freertos.o(.constdata)
    UIdrawer_attributes                      0x080062f0   Data          36  freertos.o(.constdata)
    refereetask_attributes                   0x08006314   Data          36  freertos.o(.constdata)
    capstask_attributes                      0x08006338   Data          36  freertos.o(.constdata)
    AHBPrescTable                            0x08006364   Data          16  system_stm32f4xx.o(.constdata)
    APBPrescTable                            0x08006374   Data           8  system_stm32f4xx.o(.constdata)
    CRC8_table                               0x0800637c   Data         256  crc8_crc16.o(.constdata)
    wCRC_table                               0x0800647c   Data         512  crc8_crc16.o(.constdata)
    Region$$Table$$Base                      0x080067dc   Number         0  anon$$obj.o(Region$$Table)
    Region$$Table$$Limit                     0x080067fc   Number         0  anon$$obj.o(Region$$Table)
    infotaskHandle                           0x20000000   Data           4  freertos.o(.data)
    chassistaskHandle                        0x20000004   Data           4  freertos.o(.data)
    UIdrawerHandle                           0x20000008   Data           4  freertos.o(.data)
    refereetaskHandle                        0x2000000c   Data           4  freertos.o(.data)
    capstaskHandle                           0x20000010   Data           4  freertos.o(.data)
    uwTickFreq                               0x20000018   Data           1  stm32f4xx_hal.o(.data)
    uwTickPrio                               0x2000001c   Data           4  stm32f4xx_hal.o(.data)
    uwTick                                   0x20000020   Data           4  stm32f4xx_hal.o(.data)
    SystemCoreClock                          0x20000024   Data           4  system_stm32f4xx.o(.data)
    pxCurrentTCB                             0x20000028   Data           4  tasks.o(.data)
    CAN1_ready                               0x200000a8   Data           1  canbus.o(.data)
    game_result                              0x200000b1   Data           1  ref.o(.data)
    buff_musk_t                              0x200000b2   Data           1  ref.o(.data)
    robot_hurt_t                             0x200000b3   Data           1  ref.o(.data)
    bullet_remaining_t                       0x200000b4   Data           1  ref.o(.data)
    referee_warning_t                        0x200000b5   Data           2  ref.o(.data)
    robot_energy_t                           0x200000b7   Data           2  ref.o(.data)
    game_state                               0x200000b9   Data           3  ref.o(.data)
    supply_projectile_booking_t              0x200000bc   Data           3  ref.o(.data)
    field_event                              0x200000bf   Data           4  ref.o(.data)
    supply_projectile_action_t               0x200000c3   Data           4  ref.o(.data)
    referee_receive_header                   0x200000c7   Data           5  ref.o(.data)
    referee_send_header                      0x200000cc   Data           5  ref.o(.data)
    shoot_data_t                             0x200000d1   Data           6  ref.o(.data)
    CRC16_INIT                               0x200000d8   Data           2  crc8_crc16.o(.data)
    mestocan1_0x1ff                          0x200000da   Data           8  infoproc.o(.data)
    mestocan2_0x1ff                          0x200000e2   Data           8  infoproc.o(.data)
    mestocan1_0x200                          0x200000ea   Data           8  infoproc.o(.data)
    mestocan2_0x200                          0x200000f2   Data           8  infoproc.o(.data)
    yawzeroangle                             0x200000fc   Data           8  chasctrl.o(.data)
    hcan1                                    0x20000104   Data          40  can.o(.bss)
    hcan2                                    0x2000012c   Data          40  can.o(.bss)
    huart1                                   0x20000154   Data          68  usart.o(.bss)
    huart3                                   0x20000198   Data          68  usart.o(.bss)
    hdma_usart1_rx                           0x200001dc   Data          96  usart.o(.bss)
    hdma_usart3_rx                           0x2000023c   Data          96  usart.o(.bss)
    hdma_usart3_tx                           0x2000029c   Data          96  usart.o(.bss)
    xQueueRegistry                           0x200002fc   Data          64  queue.o(.bss)
    game_robot_HP_t                          0x20004be8   Data          28  ref.o(.bss)
    robot_state                              0x20004c04   Data          27  ref.o(.bss)
    power_heat_data_t                        0x20004c1f   Data          16  ref.o(.bss)
    game_robot_pos_t                         0x20004c2f   Data          16  ref.o(.bss)
    student_interactive_data_t               0x20004c3f   Data          12  ref.o(.bss)
    chasinfo                                 0x20004c4c   Data          52  chasctrl.o(.bss)
    wheelinfo                                0x20004c80   Data         432  chasctrl.o(.bss)
    wheelspeedpid                            0x20004e30   Data         240  chasctrl.o(.bss)
    spinpid                                  0x20004f20   Data          60  chasctrl.o(.bss)
    yawinfo                                  0x20004f5c   Data         108  chasctrl.o(.bss)
    ref_buf                                  0x20004fc8   Data        1024  refread.o(.bss)
    referee_fifo                             0x200053c8   Data          24  refread.o(.bss)
    referee_fifo_buf                         0x200053e0   Data        1024  refread.o(.bss)
    referee_unpack_obj                       0x200057e0   Data         137  refread.o(.bss)
    capsinfo                                 0x2000586c   Data          16  scaps.o(.bss)
    capsbase                                 0x2000587c   Data          15  ui.o(.bss)
    caps                                     0x2000588b   Data          15  ui.o(.bss)
    chasbase                                 0x2000589a   Data          15  ui.o(.bss)
    chas                                     0x200058a9   Data          15  ui.o(.bss)
    __libspace_start                         0x200058b8   Data          96  libspace.o(.bss)
    __temporary_stack_top$libspace           0x20005918   Data           0  libspace.o(.bss)



==============================================================================

Memory Map of the image

  Image Entry point : 0x080001ad

  Load Region LR_IROM1 (Base: 0x08000000, Size: 0x00006900, Max: 0x00200000, ABSOLUTE)

    Execution Region ER_IROM1 (Exec base: 0x08000000, Load base: 0x08000000, Size: 0x000067fc, Max: 0x00200000, ABSOLUTE)

    Exec Addr    Load Addr    Size         Type   Attr      Idx    E Section Name        Object

    0x08000000   0x08000000   0x000001ac   Data   RO            3    RESET               startup_stm32f427xx.o
    0x080001ac   0x080001ac   0x00000008   Code   RO         5187  * !!!main             c_w.l(__main.o)
    0x080001b4   0x080001b4   0x00000034   Code   RO         5506    !!!scatter          c_w.l(__scatter.o)
    0x080001e8   0x080001e8   0x0000001a   Code   RO         5508    !!handler_copy      c_w.l(__scatter_copy.o)
    0x08000202   0x08000202   0x00000002   PAD
    0x08000204   0x08000204   0x0000001c   Code   RO         5510    !!handler_zi        c_w.l(__scatter_zi.o)
    0x08000220   0x08000220   0x00000002   Code   RO         5443    .ARM.Collect$$libinit$$00000000  c_w.l(libinit.o)
    0x08000222   0x08000222   0x00000004   Code   RO         5255    .ARM.Collect$$libinit$$00000001  c_w.l(libinit2.o)
    0x08000226   0x08000226   0x00000000   Code   RO         5258    .ARM.Collect$$libinit$$00000004  c_w.l(libinit2.o)
    0x08000226   0x08000226   0x00000000   Code   RO         5261    .ARM.Collect$$libinit$$0000000A  c_w.l(libinit2.o)
    0x08000226   0x08000226   0x00000000   Code   RO         5263    .ARM.Collect$$libinit$$0000000C  c_w.l(libinit2.o)
    0x08000226   0x08000226   0x00000000   Code   RO         5265    .ARM.Collect$$libinit$$0000000E  c_w.l(libinit2.o)
    0x08000226   0x08000226   0x00000000   Code   RO         5268    .ARM.Collect$$libinit$$00000011  c_w.l(libinit2.o)
    0x08000226   0x08000226   0x00000000   Code   RO         5270    .ARM.Collect$$libinit$$00000013  c_w.l(libinit2.o)
    0x08000226   0x08000226   0x00000000   Code   RO         5272    .ARM.Collect$$libinit$$00000015  c_w.l(libinit2.o)
    0x08000226   0x08000226   0x00000000   Code   RO         5274    .ARM.Collect$$libinit$$00000017  c_w.l(libinit2.o)
    0x08000226   0x08000226   0x00000000   Code   RO         5276    .ARM.Collect$$libinit$$00000019  c_w.l(libinit2.o)
    0x08000226   0x08000226   0x00000000   Code   RO         5278    .ARM.Collect$$libinit$$0000001B  c_w.l(libinit2.o)
    0x08000226   0x08000226   0x00000000   Code   RO         5280    .ARM.Collect$$libinit$$0000001D  c_w.l(libinit2.o)
    0x08000226   0x08000226   0x00000000   Code   RO         5282    .ARM.Collect$$libinit$$0000001F  c_w.l(libinit2.o)
    0x08000226   0x08000226   0x00000000   Code   RO         5284    .ARM.Collect$$libinit$$00000021  c_w.l(libinit2.o)
    0x08000226   0x08000226   0x00000000   Code   RO         5286    .ARM.Collect$$libinit$$00000023  c_w.l(libinit2.o)
    0x08000226   0x08000226   0x00000000   Code   RO         5288    .ARM.Collect$$libinit$$00000025  c_w.l(libinit2.o)
    0x08000226   0x08000226   0x00000000   Code   RO         5292    .ARM.Collect$$libinit$$0000002C  c_w.l(libinit2.o)
    0x08000226   0x08000226   0x00000000   Code   RO         5294    .ARM.Collect$$libinit$$0000002E  c_w.l(libinit2.o)
    0x08000226   0x08000226   0x00000000   Code   RO         5296    .ARM.Collect$$libinit$$00000030  c_w.l(libinit2.o)
    0x08000226   0x08000226   0x00000000   Code   RO         5298    .ARM.Collect$$libinit$$00000032  c_w.l(libinit2.o)
    0x08000226   0x08000226   0x00000002   Code   RO         5299    .ARM.Collect$$libinit$$00000033  c_w.l(libinit2.o)
    0x08000228   0x08000228   0x00000002   Code   RO         5503    .ARM.Collect$$libshutdown$$00000000  c_w.l(libshutdown.o)
    0x0800022a   0x0800022a   0x00000000   Code   RO         5459    .ARM.Collect$$libshutdown$$00000002  c_w.l(libshutdown2.o)
    0x0800022a   0x0800022a   0x00000000   Code   RO         5461    .ARM.Collect$$libshutdown$$00000004  c_w.l(libshutdown2.o)
    0x0800022a   0x0800022a   0x00000000   Code   RO         5463    .ARM.Collect$$libshutdown$$00000006  c_w.l(libshutdown2.o)
    0x0800022a   0x0800022a   0x00000000   Code   RO         5466    .ARM.Collect$$libshutdown$$00000009  c_w.l(libshutdown2.o)
    0x0800022a   0x0800022a   0x00000000   Code   RO         5469    .ARM.Collect$$libshutdown$$0000000C  c_w.l(libshutdown2.o)
    0x0800022a   0x0800022a   0x00000000   Code   RO         5471    .ARM.Collect$$libshutdown$$0000000E  c_w.l(libshutdown2.o)
    0x0800022a   0x0800022a   0x00000000   Code   RO         5474    .ARM.Collect$$libshutdown$$00000011  c_w.l(libshutdown2.o)
    0x0800022a   0x0800022a   0x00000002   Code   RO         5475    .ARM.Collect$$libshutdown$$00000012  c_w.l(libshutdown2.o)
    0x0800022c   0x0800022c   0x00000000   Code   RO         5221    .ARM.Collect$$rtentry$$00000000  c_w.l(__rtentry.o)
    0x0800022c   0x0800022c   0x00000000   Code   RO         5345    .ARM.Collect$$rtentry$$00000002  c_w.l(__rtentry2.o)
    0x0800022c   0x0800022c   0x00000006   Code   RO         5357    .ARM.Collect$$rtentry$$00000004  c_w.l(__rtentry4.o)
    0x08000232   0x08000232   0x00000000   Code   RO         5347    .ARM.Collect$$rtentry$$00000009  c_w.l(__rtentry2.o)
    0x08000232   0x08000232   0x00000004   Code   RO         5348    .ARM.Collect$$rtentry$$0000000A  c_w.l(__rtentry2.o)
    0x08000236   0x08000236   0x00000000   Code   RO         5350    .ARM.Collect$$rtentry$$0000000C  c_w.l(__rtentry2.o)
    0x08000236   0x08000236   0x00000008   Code   RO         5351    .ARM.Collect$$rtentry$$0000000D  c_w.l(__rtentry2.o)
    0x0800023e   0x0800023e   0x00000002   Code   RO         5446    .ARM.Collect$$rtexit$$00000000  c_w.l(rtexit.o)
    0x08000240   0x08000240   0x00000000   Code   RO         5479    .ARM.Collect$$rtexit$$00000002  c_w.l(rtexit2.o)
    0x08000240   0x08000240   0x00000004   Code   RO         5480    .ARM.Collect$$rtexit$$00000003  c_w.l(rtexit2.o)
    0x08000244   0x08000244   0x00000006   Code   RO         5481    .ARM.Collect$$rtexit$$00000004  c_w.l(rtexit2.o)
    0x0800024a   0x0800024a   0x00000002   PAD
    0x0800024c   0x0800024c   0x000000be   Code   RO         4144    .emb_text           port.o
    0x0800030a   0x0800030a   0x00000002   PAD
    0x0800030c   0x0800030c   0x00000040   Code   RO            4    .text               startup_stm32f427xx.o
    0x0800034c   0x0800034c   0x000000ee   Code   RO         5171    .text               c_w.l(lludivv7m.o)
    0x0800043a   0x0800043a   0x0000008a   Code   RO         5173    .text               c_w.l(rt_memcpy_v6.o)
    0x080004c4   0x080004c4   0x00000064   Code   RO         5175    .text               c_w.l(rt_memcpy_w.o)
    0x08000528   0x08000528   0x00000010   Code   RO         5179    .text               c_w.l(aeabi_memset.o)
    0x08000538   0x08000538   0x00000044   Code   RO         5181    .text               c_w.l(rt_memclr.o)
    0x0800057c   0x0800057c   0x0000004e   Code   RO         5183    .text               c_w.l(rt_memclr_w.o)
    0x080005ca   0x080005ca   0x00000006   Code   RO         5185    .text               c_w.l(heapauxi.o)
    0x080005d0   0x080005d0   0x00000016   Code   RO         5251    .text               c_w.l(_rserrno.o)
    0x080005e6   0x080005e6   0x00000002   PAD
    0x080005e8   0x080005e8   0x00000008   Code   RO         5341    .text               c_w.l(libspace.o)
    0x080005f0   0x080005f0   0x00000008   Code   RO         5364    .text               c_w.l(rt_errno_addr_intlibspace.o)
    0x080005f8   0x080005f8   0x00000002   Code   RO         5415    .text               c_w.l(use_no_semi.o)
    0x080005fa   0x080005fa   0x00000000   Code   RO         5417    .text               c_w.l(indicate_semi.o)
    0x080005fa   0x080005fa   0x0000004a   Code   RO         5418    .text               c_w.l(sys_stackheap_outer.o)
    0x08000644   0x08000644   0x00000012   Code   RO         5424    .text               c_w.l(exit.o)
    0x08000656   0x08000656   0x00000002   PAD
    0x08000658   0x08000658   0x0000000c   Code   RO         5444    .text               c_w.l(sys_exit.o)
    0x08000664   0x08000664   0x00000002   Code   RO          452    i.BusFault_Handler  stm32f4xx_it.o
    0x08000666   0x08000666   0x00000002   PAD
    0x08000668   0x08000668   0x0000000c   Code   RO          453    i.CAN1_RX0_IRQHandler  stm32f4xx_it.o
    0x08000674   0x08000674   0x0000000c   Code   RO          454    i.CAN1_TX_IRQHandler  stm32f4xx_it.o
    0x08000680   0x08000680   0x0000000c   Code   RO          455    i.CAN2_RX0_IRQHandler  stm32f4xx_it.o
    0x0800068c   0x0800068c   0x0000000c   Code   RO          456    i.CAN2_TX_IRQHandler  stm32f4xx_it.o
    0x08000698   0x08000698   0x00000058   Code   RO         4224    i.CAN_send          canbus.o
    0x080006f0   0x080006f0   0x0000000c   Code   RO          457    i.DMA1_Stream1_IRQHandler  stm32f4xx_it.o
    0x080006fc   0x080006fc   0x0000000c   Code   RO          458    i.DMA1_Stream3_IRQHandler  stm32f4xx_it.o
    0x08000708   0x08000708   0x0000000c   Code   RO          459    i.DMA2_Stream2_IRQHandler  stm32f4xx_it.o
    0x08000714   0x08000714   0x00000028   Code   RO         1338    i.DMA_CalcBaseAndBitshift  stm32f4xx_hal_dma.o
    0x0800073c   0x0800073c   0x00000054   Code   RO         1339    i.DMA_CheckFifoParam  stm32f4xx_hal_dma.o
    0x08000790   0x08000790   0x00000058   Code   RO         4529    i.DMA_RX_INIT       dma_bsp.o
    0x080007e8   0x080007e8   0x00000028   Code   RO         1340    i.DMA_SetConfig     stm32f4xx_hal_dma.o
    0x08000810   0x08000810   0x00000002   Code   RO          460    i.DebugMon_Handler  stm32f4xx_it.o
    0x08000812   0x08000812   0x00000002   PAD
    0x08000814   0x08000814   0x00000024   Code   RO          461    i.EXTI15_10_IRQHandler  stm32f4xx_it.o
    0x08000838   0x08000838   0x00000004   Code   RO           13    i.Error_Handler     main.o
    0x0800083c   0x0800083c   0x000000dc   Code   RO          595    i.HAL_CAN_AddTxMessage  stm32f4xx_hal_can.o
    0x08000918   0x08000918   0x00000002   Code   RO          599    i.HAL_CAN_ErrorCallback  stm32f4xx_hal_can.o
    0x0800091a   0x0800091a   0x000000e8   Code   RO          602    i.HAL_CAN_GetRxMessage  stm32f4xx_hal_can.o
    0x08000a02   0x08000a02   0x000001fc   Code   RO          606    i.HAL_CAN_IRQHandler  stm32f4xx_hal_can.o
    0x08000bfe   0x08000bfe   0x0000011a   Code   RO          607    i.HAL_CAN_Init      stm32f4xx_hal_can.o
    0x08000d18   0x08000d18   0x0000011c   Code   RO          332    i.HAL_CAN_MspInit   can.o
    0x08000e34   0x08000e34   0x00000002   Code   RO          614    i.HAL_CAN_RxFifo0FullCallback  stm32f4xx_hal_can.o
    0x08000e36   0x08000e36   0x00000002   PAD
    0x08000e38   0x08000e38   0x000000c8   Code   RO         4225    i.HAL_CAN_RxFifo0MsgPendingCallback  canbus.o
    0x08000f00   0x08000f00   0x00000002   Code   RO          616    i.HAL_CAN_RxFifo1FullCallback  stm32f4xx_hal_can.o
    0x08000f02   0x08000f02   0x00000002   Code   RO          617    i.HAL_CAN_RxFifo1MsgPendingCallback  stm32f4xx_hal_can.o
    0x08000f04   0x08000f04   0x00000002   Code   RO          618    i.HAL_CAN_SleepCallback  stm32f4xx_hal_can.o
    0x08000f06   0x08000f06   0x00000002   Code   RO          621    i.HAL_CAN_TxMailbox0AbortCallback  stm32f4xx_hal_can.o
    0x08000f08   0x08000f08   0x00000002   Code   RO          622    i.HAL_CAN_TxMailbox0CompleteCallback  stm32f4xx_hal_can.o
    0x08000f0a   0x08000f0a   0x00000002   Code   RO          623    i.HAL_CAN_TxMailbox1AbortCallback  stm32f4xx_hal_can.o
    0x08000f0c   0x08000f0c   0x00000002   Code   RO          624    i.HAL_CAN_TxMailbox1CompleteCallback  stm32f4xx_hal_can.o
    0x08000f0e   0x08000f0e   0x00000002   Code   RO          625    i.HAL_CAN_TxMailbox2AbortCallback  stm32f4xx_hal_can.o
    0x08000f10   0x08000f10   0x00000002   Code   RO          626    i.HAL_CAN_TxMailbox2CompleteCallback  stm32f4xx_hal_can.o
    0x08000f12   0x08000f12   0x00000002   Code   RO          628    i.HAL_CAN_WakeUpFromRxMsgCallback  stm32f4xx_hal_can.o
    0x08000f14   0x08000f14   0x00000092   Code   RO         1341    i.HAL_DMA_Abort     stm32f4xx_hal_dma.o
    0x08000fa6   0x08000fa6   0x00000024   Code   RO         1342    i.HAL_DMA_Abort_IT  stm32f4xx_hal_dma.o
    0x08000fca   0x08000fca   0x00000002   PAD
    0x08000fcc   0x08000fcc   0x000001a0   Code   RO         1346    i.HAL_DMA_IRQHandler  stm32f4xx_hal_dma.o
    0x0800116c   0x0800116c   0x000000d4   Code   RO         1347    i.HAL_DMA_Init      stm32f4xx_hal_dma.o
    0x08001240   0x08001240   0x0000006e   Code   RO         1351    i.HAL_DMA_Start_IT  stm32f4xx_hal_dma.o
    0x080012ae   0x080012ae   0x00000002   Code   RO         1232    i.HAL_GPIO_EXTI_Callback  stm32f4xx_hal_gpio.o
    0x080012b0   0x080012b0   0x00000018   Code   RO         1233    i.HAL_GPIO_EXTI_IRQHandler  stm32f4xx_hal_gpio.o
    0x080012c8   0x080012c8   0x00000234   Code   RO         1234    i.HAL_GPIO_Init     stm32f4xx_hal_gpio.o
    0x080014fc   0x080014fc   0x0000000a   Code   RO         1236    i.HAL_GPIO_ReadPin  stm32f4xx_hal_gpio.o
    0x08001506   0x08001506   0x00000002   PAD
    0x08001508   0x08001508   0x0000000c   Code   RO         1786    i.HAL_GetTick       stm32f4xx_hal.o
    0x08001514   0x08001514   0x00000010   Code   RO         1792    i.HAL_IncTick       stm32f4xx_hal.o
    0x08001524   0x08001524   0x00000034   Code   RO         1793    i.HAL_Init          stm32f4xx_hal.o
    0x08001558   0x08001558   0x00000040   Code   RO         1794    i.HAL_InitTick      stm32f4xx_hal.o
    0x08001598   0x08001598   0x00000038   Code   RO          569    i.HAL_MspInit       stm32f4xx_hal_msp.o
    0x080015d0   0x080015d0   0x0000001a   Code   RO         1641    i.HAL_NVIC_EnableIRQ  stm32f4xx_hal_cortex.o
    0x080015ea   0x080015ea   0x00000002   PAD
    0x080015ec   0x080015ec   0x00000040   Code   RO         1647    i.HAL_NVIC_SetPriority  stm32f4xx_hal_cortex.o
    0x0800162c   0x0800162c   0x00000024   Code   RO         1648    i.HAL_NVIC_SetPriorityGrouping  stm32f4xx_hal_cortex.o
    0x08001650   0x08001650   0x00000070   Code   RO         1570    i.HAL_PWREx_EnableOverDrive  stm32f4xx_hal_pwr_ex.o
    0x080016c0   0x080016c0   0x00000134   Code   RO          828    i.HAL_RCC_ClockConfig  stm32f4xx_hal_rcc.o
    0x080017f4   0x080017f4   0x00000020   Code   RO          835    i.HAL_RCC_GetPCLK1Freq  stm32f4xx_hal_rcc.o
    0x08001814   0x08001814   0x00000020   Code   RO          836    i.HAL_RCC_GetPCLK2Freq  stm32f4xx_hal_rcc.o
    0x08001834   0x08001834   0x00000064   Code   RO          837    i.HAL_RCC_GetSysClockFreq  stm32f4xx_hal_rcc.o
    0x08001898   0x08001898   0x0000036c   Code   RO          840    i.HAL_RCC_OscConfig  stm32f4xx_hal_rcc.o
    0x08001c04   0x08001c04   0x00000028   Code   RO         1652    i.HAL_SYSTICK_Config  stm32f4xx_hal_cortex.o
    0x08001c2c   0x08001c2c   0x00000002   Code   RO         2088    i.HAL_UARTEx_RxEventCallback  stm32f4xx_hal_uart.o
    0x08001c2e   0x08001c2e   0x00000002   Code   RO         2102    i.HAL_UART_ErrorCallback  stm32f4xx_hal_uart.o
    0x08001c30   0x08001c30   0x00000268   Code   RO         2105    i.HAL_UART_IRQHandler  stm32f4xx_hal_uart.o
    0x08001e98   0x08001e98   0x00000062   Code   RO         2106    i.HAL_UART_Init     stm32f4xx_hal_uart.o
    0x08001efa   0x08001efa   0x00000002   PAD
    0x08001efc   0x08001efc   0x00000178   Code   RO          405    i.HAL_UART_MspInit  usart.o
    0x08002074   0x08002074   0x00000002   Code   RO         2112    i.HAL_UART_RxCpltCallback  stm32f4xx_hal_uart.o
    0x08002076   0x08002076   0x00000002   PAD
    0x08002078   0x08002078   0x0000008c   Code   RO         2115    i.HAL_UART_Transmit_DMA  stm32f4xx_hal_uart.o
    0x08002104   0x08002104   0x00000002   Code   RO         2117    i.HAL_UART_TxCpltCallback  stm32f4xx_hal_uart.o
    0x08002106   0x08002106   0x00000002   Code   RO         2118    i.HAL_UART_TxHalfCpltCallback  stm32f4xx_hal_uart.o
    0x08002108   0x08002108   0x00000002   Code   RO          462    i.HardFault_Handler  stm32f4xx_it.o
    0x0800210a   0x0800210a   0x00000002   PAD
    0x0800210c   0x0800210c   0x00000044   Code   RO          333    i.MX_CAN1_Init      can.o
    0x08002150   0x08002150   0x00000044   Code   RO          334    i.MX_CAN2_Init      can.o
    0x08002194   0x08002194   0x0000005c   Code   RO          380    i.MX_DMA_Init       dma.o
    0x080021f0   0x080021f0   0x00000068   Code   RO          264    i.MX_FREERTOS_Init  freertos.o
    0x08002258   0x08002258   0x000000b4   Code   RO          240    i.MX_GPIO_Init      gpio.o
    0x0800230c   0x0800230c   0x0000003c   Code   RO          406    i.MX_USART1_UART_Init  usart.o
    0x08002348   0x08002348   0x00000038   Code   RO          407    i.MX_USART3_UART_Init  usart.o
    0x08002380   0x08002380   0x00000002   Code   RO          463    i.MemManage_Handler  stm32f4xx_it.o
    0x08002382   0x08002382   0x00000002   Code   RO          464    i.NMI_Handler       stm32f4xx_it.o
    0x08002384   0x08002384   0x00000130   Code   RO         4405    i.PID_angle_calc    pid.o
    0x080024b4   0x080024b4   0x000000fe   Code   RO         4406    i.PID_calc          pid.o
    0x080025b2   0x080025b2   0x00000002   PAD
    0x080025b4   0x080025b4   0x00000024   Code   RO         4960    i.REF_INIT          refread.o
    0x080025d8   0x080025d8   0x00000018   Code   RO          465    i.SysTick_Handler   stm32f4xx_it.o
    0x080025f0   0x080025f0   0x000000a0   Code   RO           14    i.SystemClock_Config  main.o
    0x08002690   0x08002690   0x00000010   Code   RO         2435    i.SystemInit        system_stm32f4xx.o
    0x080026a0   0x080026a0   0x00000010   Code   RO         2119    i.UART_DMAAbortOnError  stm32f4xx_hal_uart.o
    0x080026b0   0x080026b0   0x0000004a   Code   RO         2120    i.UART_DMAError     stm32f4xx_hal_uart.o
    0x080026fa   0x080026fa   0x00000042   Code   RO         2125    i.UART_DMATransmitCplt  stm32f4xx_hal_uart.o
    0x0800273c   0x0800273c   0x0000000a   Code   RO         2127    i.UART_DMATxHalfCplt  stm32f4xx_hal_uart.o
    0x08002746   0x08002746   0x0000004e   Code   RO         2129    i.UART_EndRxTransfer  stm32f4xx_hal_uart.o
    0x08002794   0x08002794   0x0000001c   Code   RO         2130    i.UART_EndTxTransfer  stm32f4xx_hal_uart.o
    0x080027b0   0x080027b0   0x000000c0   Code   RO         2131    i.UART_Receive_IT   stm32f4xx_hal_uart.o
    0x08002870   0x08002870   0x0000010c   Code   RO         2132    i.UART_SetConfig    stm32f4xx_hal_uart.o
    0x0800297c   0x0800297c   0x00000040   Code   RO         5047    i.UIdraw            ui.o
    0x080029bc   0x080029bc   0x0000000c   Code   RO          466    i.USART1_IRQHandler  stm32f4xx_it.o
    0x080029c8   0x080029c8   0x00000002   Code   RO          467    i.UsageFault_Handler  stm32f4xx_it.o
    0x080029ca   0x080029ca   0x00000030   Code   RO         5411    i.__ARM_fpclassify  m_wm.l(fpclassify.o)
    0x080029fa   0x080029fa   0x00000020   Code   RO         1654    i.__NVIC_SetPriority  stm32f4xx_hal_cortex.o
    0x08002a1a   0x08002a1a   0x00000006   PAD
    0x08002a20   0x08002a20   0x000000c8   Code   RO         5195    i.__hardfp_cos      m_wm.l(cos.o)
    0x08002ae8   0x08002ae8   0x000000c8   Code   RO         5207    i.__hardfp_sin      m_wm.l(sin.o)
    0x08002bb0   0x08002bb0   0x00000438   Code   RO         5328    i.__ieee754_rem_pio2  m_wm.l(rred.o)
    0x08002fe8   0x08002fe8   0x00000170   Code   RO         5311    i.__kernel_cos      m_wm.l(cos_i.o)
    0x08003158   0x08003158   0x000000f8   Code   RO         5413    i.__kernel_poly     m_wm.l(poly.o)
    0x08003250   0x08003250   0x00000130   Code   RO         5333    i.__kernel_sin      m_wm.l(sin_i.o)
    0x08003380   0x08003380   0x00000014   Code   RO         5315    i.__mathlib_dbl_infnan  m_wm.l(dunder.o)
    0x08003394   0x08003394   0x00000004   PAD
    0x08003398   0x08003398   0x00000020   Code   RO         5317    i.__mathlib_dbl_invalid  m_wm.l(dunder.o)
    0x080033b8   0x080033b8   0x00000020   Code   RO         5320    i.__mathlib_dbl_underflow  m_wm.l(dunder.o)
    0x080033d8   0x080033d8   0x0000007c   Code   RO         4331    i.canrxtomotinfo    motorlib.o
    0x08003454   0x08003454   0x0000000a   Code   RO          266    i.capsctrl          freertos.o
    0x0800345e   0x0800345e   0x0000003a   Code   RO         5011    i.capsinfo_unpack   scaps.o
    0x08003498   0x08003498   0x0000001c   Code   RO         5048    i.capsui            ui.o
    0x080034b4   0x080034b4   0x00000044   Code   RO         4896    i.chasctrl          chasctrl.o
    0x080034f8   0x080034f8   0x0000005a   Code   RO         4830    i.chasinfo_compl    infoproc.o
    0x08003552   0x08003552   0x00000002   PAD
    0x08003554   0x08003554   0x0000005c   Code   RO         5049    i.chasui            ui.o
    0x080035b0   0x080035b0   0x00000036   Code   RO         4831    i.ctrlmestochas_unpack  infoproc.o
    0x080035e6   0x080035e6   0x00000022   Code   RO         4832    i.curmestochas_unpack  infoproc.o
    0x08003608   0x08003608   0x00000018   Code   RO         5407    i.fabs              m_wm.l(fabs.o)
    0x08003620   0x08003620   0x0000002c   Code   RO         4631    i.fifo_s_get        fifo.o
    0x0800364c   0x0800364c   0x00000016   Code   RO         4634    i.fifo_s_init       fifo.o
    0x08003662   0x08003662   0x00000004   Code   RO         4642    i.fifo_s_used       fifo.o
    0x08003666   0x08003666   0x00000002   PAD
    0x08003668   0x08003668   0x0000002c   Code   RO         4555    i.get_CRC16_check_sum  crc8_crc16.o
    0x08003694   0x08003694   0x0000001c   Code   RO         4556    i.get_CRC8_check_sum  crc8_crc16.o
    0x080036b0   0x080036b0   0x00000030   Code   RO         4268    i.get_chassis_power_and_buffer  ref.o
    0x080036e0   0x080036e0   0x0000000c   Code   RO         4269    i.get_robot_id      ref.o
    0x080036ec   0x080036ec   0x000001c8   Code   RO         5052    i.gr_draw           ui.o
    0x080038b4   0x080038b4   0x00000130   Code   RO         4833    i.infoproc          infoproc.o
    0x080039e4   0x080039e4   0x00000070   Code   RO         4272    i.init_referee_struct_data  ref.o
    0x08003a54   0x08003a54   0x0000002e   Code   RO           15    i.main              main.o
    0x08003a82   0x08003a82   0x0000000c   Code   RO         4834    i.mestocan1_0x1ff_pack  infoproc.o
    0x08003a8e   0x08003a8e   0x0000000c   Code   RO         4835    i.mestocan1_0x200_pack  infoproc.o
    0x08003a9a   0x08003a9a   0x0000000c   Code   RO         4836    i.mestocan2_0x1ff_pack  infoproc.o
    0x08003aa6   0x08003aa6   0x0000000c   Code   RO         4837    i.mestocan2_0x200_pack  infoproc.o
    0x08003ab2   0x08003ab2   0x00000002   PAD
    0x08003ab4   0x08003ab4   0x00000070   Code   RO         4336    i.motcurrentsensor  motorlib.o
    0x08003b24   0x08003b24   0x0000001a   Code   RO         3583    i.osDelay           cmsis_os2.o
    0x08003b3e   0x08003b3e   0x00000002   PAD
    0x08003b40   0x08003b40   0x00000024   Code   RO         3597    i.osKernelInitialize  cmsis_os2.o
    0x08003b64   0x08003b64   0x00000038   Code   RO         3600    i.osKernelStart     cmsis_os2.o
    0x08003b9c   0x08003b9c   0x0000008a   Code   RO         3642    i.osThreadNew       cmsis_os2.o
    0x08003c26   0x08003c26   0x00000002   PAD
    0x08003c28   0x08003c28   0x000000cc   Code   RO         4897    i.powerlimit        chasctrl.o
    0x08003cf4   0x08003cf4   0x0000005c   Code   RO         3043    i.prvAddCurrentTaskToDelayedList  tasks.o
    0x08003d50   0x08003d50   0x000000d0   Code   RO         3044    i.prvAddNewTaskToReadyList  tasks.o
    0x08003e20   0x08003e20   0x00000058   Code   RO         3408    i.prvCheckForValidListAndQueue  timers.o
    0x08003e78   0x08003e78   0x00000026   Code   RO         2640    i.prvCopyDataFromQueue  queue.o
    0x08003e9e   0x08003e9e   0x0000006c   Code   RO         2641    i.prvCopyDataToQueue  queue.o
    0x08003f0a   0x08003f0a   0x00000034   Code   RO         3045    i.prvDeleteTCB      tasks.o
    0x08003f3e   0x08003f3e   0x00000002   PAD
    0x08003f40   0x08003f40   0x0000004c   Code   RO         4089    i.prvHeapInit       heap_4.o
    0x08003f8c   0x08003f8c   0x00000060   Code   RO         3046    i.prvIdleTask       tasks.o
    0x08003fec   0x08003fec   0x00000022   Code   RO         2643    i.prvInitialiseNewQueue  queue.o
    0x0800400e   0x0800400e   0x00000002   PAD
    0x08004010   0x08004010   0x000000b0   Code   RO         3047    i.prvInitialiseNewTask  tasks.o
    0x080040c0   0x080040c0   0x0000004c   Code   RO         4090    i.prvInsertBlockIntoFreeList  heap_4.o
    0x0800410c   0x0800410c   0x00000038   Code   RO         3410    i.prvInsertTimerInActiveList  timers.o
    0x08004144   0x08004144   0x0000001c   Code   RO         2644    i.prvIsQueueEmpty   queue.o
    0x08004160   0x08004160   0x000000fc   Code   RO         3411    i.prvProcessReceivedCommands  timers.o
    0x0800425c   0x0800425c   0x000000c0   Code   RO         3412    i.prvProcessTimerOrBlockTask  timers.o
    0x0800431c   0x0800431c   0x00000020   Code   RO         3049    i.prvResetNextTaskUnblockTime  tasks.o
    0x0800433c   0x0800433c   0x00000028   Code   RO         3413    i.prvSampleTimeNow  timers.o
    0x08004364   0x08004364   0x0000006c   Code   RO         3414    i.prvSwitchTimerLists  timers.o
    0x080043d0   0x080043d0   0x00000028   Code   RO         4145    i.prvTaskExitError  port.o
    0x080043f8   0x080043f8   0x00000024   Code   RO         3415    i.prvTimerTask      timers.o
    0x0800441c   0x0800441c   0x0000006a   Code   RO         2645    i.prvUnlockQueue    queue.o
    0x08004486   0x08004486   0x00000002   PAD
    0x08004488   0x08004488   0x000000dc   Code   RO         4091    i.pvPortMalloc      heap_4.o
    0x08004564   0x08004564   0x0000002c   Code   RO         4146    i.pxPortInitialiseStack  port.o
    0x08004590   0x08004590   0x00000124   Code   RO         4273    i.referee_data_solve  ref.o
    0x080046b4   0x080046b4   0x00000104   Code   RO         4962    i.referee_unpack_fifo_data  refread.o
    0x080047b8   0x080047b8   0x00000028   Code   RO         4963    i.refread           refread.o
    0x080047e0   0x080047e0   0x00000026   Code   RO         2600    i.uxListRemove      list.o
    0x08004806   0x08004806   0x00000002   PAD
    0x08004808   0x08004808   0x00000014   Code   RO         3654    i.vApplicationGetIdleTaskMemory  cmsis_os2.o
    0x0800481c   0x0800481c   0x00000018   Code   RO         3655    i.vApplicationGetTimerTaskMemory  cmsis_os2.o
    0x08004834   0x08004834   0x00000016   Code   RO         2601    i.vListInitialise   list.o
    0x0800484a   0x0800484a   0x00000006   Code   RO         2602    i.vListInitialiseItem  list.o
    0x08004850   0x08004850   0x00000030   Code   RO         2603    i.vListInsert       list.o
    0x08004880   0x08004880   0x00000018   Code   RO         2604    i.vListInsertEnd    list.o
    0x08004898   0x08004898   0x00000040   Code   RO         4148    i.vPortEnterCritical  port.o
    0x080048d8   0x080048d8   0x00000028   Code   RO         4149    i.vPortExitCritical  port.o
    0x08004900   0x08004900   0x00000064   Code   RO         4092    i.vPortFree         heap_4.o
    0x08004964   0x08004964   0x00000024   Code   RO         4150    i.vPortSetupTimerInterrupt  port.o
    0x08004988   0x08004988   0x00000054   Code   RO         4151    i.vPortValidateInterruptPriority  port.o
    0x080049dc   0x080049dc   0x00000028   Code   RO         2651    i.vQueueAddToRegistry  queue.o
    0x08004a04   0x08004a04   0x00000044   Code   RO         2655    i.vQueueWaitForMessageRestricted  queue.o
    0x08004a48   0x08004a48   0x0000004c   Code   RO         3062    i.vTaskDelay        tasks.o
    0x08004a94   0x08004a94   0x00000010   Code   RO         3067    i.vTaskInternalSetTimeOutState  tasks.o
    0x08004aa4   0x08004aa4   0x0000000c   Code   RO         3068    i.vTaskMissedYield  tasks.o
    0x08004ab0   0x08004ab0   0x00000030   Code   RO         3070    i.vTaskPlaceOnEventList  tasks.o
    0x08004ae0   0x08004ae0   0x00000038   Code   RO         3071    i.vTaskPlaceOnEventListRestricted  tasks.o
    0x08004b18   0x08004b18   0x00000088   Code   RO         3079    i.vTaskStartScheduler  tasks.o
    0x08004ba0   0x08004ba0   0x00000010   Code   RO         3081    i.vTaskSuspendAll   tasks.o
    0x08004bb0   0x08004bb0   0x00000064   Code   RO         3082    i.vTaskSwitchContext  tasks.o
    0x08004c14   0x08004c14   0x0000003c   Code   RO         4557    i.verify_CRC16_check_sum  crc8_crc16.o
    0x08004c50   0x08004c50   0x00000026   Code   RO         4558    i.verify_CRC8_check_sum  crc8_crc16.o
    0x08004c76   0x08004c76   0x0000003e   Code   RO         4898    i.wheelspeedpid_calc  chasctrl.o
    0x08004cb4   0x08004cb4   0x000000f4   Code   RO         4152    i.xPortStartScheduler  port.o
    0x08004da8   0x08004da8   0x0000002c   Code   RO         4153    i.xPortSysTickHandler  port.o
    0x08004dd4   0x08004dd4   0x00000066   Code   RO         2661    i.xQueueGenericCreateStatic  queue.o
    0x08004e3a   0x08004e3a   0x00000002   PAD
    0x08004e3c   0x08004e3c   0x00000088   Code   RO         2662    i.xQueueGenericReset  queue.o
    0x08004ec4   0x08004ec4   0x00000160   Code   RO         2663    i.xQueueGenericSend  queue.o
    0x08005024   0x08005024   0x000000be   Code   RO         2664    i.xQueueGenericSendFromISR  queue.o
    0x080050e2   0x080050e2   0x00000002   PAD
    0x080050e4   0x080050e4   0x00000138   Code   RO         2673    i.xQueueReceive     queue.o
    0x0800521c   0x0800521c   0x00000074   Code   RO         3084    i.xTaskCheckForTimeOut  tasks.o
    0x08005290   0x08005290   0x0000005a   Code   RO         3085    i.xTaskCreate       tasks.o
    0x080052ea   0x080052ea   0x00000056   Code   RO         3086    i.xTaskCreateStatic  tasks.o
    0x08005340   0x08005340   0x0000001c   Code   RO         3090    i.xTaskGetSchedulerState  tasks.o
    0x0800535c   0x0800535c   0x0000000c   Code   RO         3091    i.xTaskGetTickCount  tasks.o
    0x08005368   0x08005368   0x000000c8   Code   RO         3093    i.xTaskIncrementTick  tasks.o
    0x08005430   0x08005430   0x00000080   Code   RO         3096    i.xTaskPriorityDisinherit  tasks.o
    0x080054b0   0x080054b0   0x00000070   Code   RO         3098    i.xTaskRemoveFromEventList  tasks.o
    0x08005520   0x08005520   0x000000c4   Code   RO         3099    i.xTaskResumeAll    tasks.o
    0x080055e4   0x080055e4   0x00000060   Code   RO         3424    i.xTimerCreateTimerTask  timers.o
    0x08005644   0x08005644   0x00000068   Code   RO         3425    i.xTimerGenericCommand  timers.o
    0x080056ac   0x080056ac   0x00000130   Code   RO         4899    i.xyztowheelspeed_calc  chasctrl.o
    0x080057dc   0x080057dc   0x0000007c   Code   RO         4900    i.yawzero_clac      chasctrl.o
    0x08005858   0x08005858   0x00000040   Code   RO         4901    i.zangletozspeed_calc  chasctrl.o
    0x08005898   0x08005898   0x00000018   Code   RO         5300    x$fpl$basic         fz_wm.l(basic.o)
    0x080058b0   0x080058b0   0x00000062   Code   RO         5189    x$fpl$d2f           fz_wm.l(d2f.o)
    0x08005912   0x08005912   0x00000002   PAD
    0x08005914   0x08005914   0x00000150   Code   RO         5383    x$fpl$dadd          fz_wm.l(daddsub_clz.o)
    0x08005a64   0x08005a64   0x000002b0   Code   RO         5390    x$fpl$ddiv          fz_wm.l(ddiv.o)
    0x08005d14   0x08005d14   0x0000005e   Code   RO         5393    x$fpl$dfix          fz_wm.l(dfix.o)
    0x08005d72   0x08005d72   0x0000002e   Code   RO         5398    x$fpl$dflt          fz_wm.l(dflt_clz.o)
    0x08005da0   0x08005da0   0x00000026   Code   RO         5397    x$fpl$dfltu         fz_wm.l(dflt_clz.o)
    0x08005dc6   0x08005dc6   0x00000002   PAD
    0x08005dc8   0x08005dc8   0x00000154   Code   RO         5191    x$fpl$dmul          fz_wm.l(dmul.o)
    0x08005f1c   0x08005f1c   0x0000009c   Code   RO         5302    x$fpl$dnaninf       fz_wm.l(dnaninf.o)
    0x08005fb8   0x08005fb8   0x0000000c   Code   RO         5304    x$fpl$dretinf       fz_wm.l(dretinf.o)
    0x08005fc4   0x08005fc4   0x00000016   Code   RO         5384    x$fpl$drsb          fz_wm.l(daddsub_clz.o)
    0x08005fda   0x08005fda   0x00000002   PAD
    0x08005fdc   0x08005fdc   0x000001d4   Code   RO         5385    x$fpl$dsub          fz_wm.l(daddsub_clz.o)
    0x080061b0   0x080061b0   0x00000056   Code   RO         5193    x$fpl$f2d           fz_wm.l(f2d.o)
    0x08006206   0x08006206   0x0000008c   Code   RO         5306    x$fpl$fnaninf       fz_wm.l(fnaninf.o)
    0x08006292   0x08006292   0x0000000a   Code   RO         5403    x$fpl$fpinit        fz_wm.l(fpinit.o)
    0x0800629c   0x0800629c   0x0000000a   Code   RO         5308    x$fpl$fretinf       fz_wm.l(fretinf.o)
    0x080062a6   0x080062a6   0x00000000   Code   RO         5310    x$fpl$usenofp       fz_wm.l(usenofp.o)
    0x080062a6   0x080062a6   0x00000002   PAD
    0x080062a8   0x080062a8   0x000000b4   Data   RO          270    .constdata          freertos.o
    0x0800635c   0x0800635c   0x00000008   Data   RO         1353    .constdata          stm32f4xx_hal_dma.o
    0x08006364   0x08006364   0x00000010   Data   RO         2436    .constdata          system_stm32f4xx.o
    0x08006374   0x08006374   0x00000008   Data   RO         2437    .constdata          system_stm32f4xx.o
    0x0800637c   0x0800637c   0x00000300   Data   RO         4560    .constdata          crc8_crc16.o
    0x0800667c   0x0800667c   0x00000004   PAD
    0x08006680   0x08006680   0x00000030   Data   RO         5312    .constdata          m_wm.l(cos_i.o)
    0x080066b0   0x080066b0   0x000000c8   Data   RO         5330    .constdata          m_wm.l(rred.o)
    0x08006778   0x08006778   0x00000028   Data   RO         5334    .constdata          m_wm.l(sin_i.o)
    0x080067a0   0x080067a0   0x00000039   Data   RO          271    .conststring        freertos.o
    0x080067d9   0x080067d9   0x00000003   PAD
    0x080067dc   0x080067dc   0x00000020   Data   RO         5504    Region$$Table       anon$$obj.o


    Execution Region RW_IRAM2 (Exec base: 0x10000000, Load base: 0x08006900, Size: 0x00000000, Max: 0x00010000, ABSOLUTE)

    **** No section assigned to this execution region ****


    Execution Region RW_IRAM1 (Exec base: 0x20000000, Load base: 0x080067fc, Size: 0x00005f18, Max: 0x00030000, ABSOLUTE)

    Exec Addr    Load Addr    Size         Type   Attr      Idx    E Section Name        Object

    0x20000000   0x080067fc   0x00000014   Data   RW          272    .data               freertos.o
    0x20000014   0x08006810   0x00000004   Data   RW          336    .data               can.o
    0x20000018   0x08006814   0x0000000c   Data   RW         1800    .data               stm32f4xx_hal.o
    0x20000024   0x08006820   0x00000004   Data   RW         2438    .data               system_stm32f4xx.o
    0x20000028   0x08006824   0x0000003c   Data   RW         3102    .data               tasks.o
    0x20000064   0x08006860   0x00000014   Data   RW         3433    .data               timers.o
    0x20000078   0x08006874   0x00000004   Data   RW         3657    .data               cmsis_os2.o
    0x2000007c   0x08006878   0x00000020   Data   RW         4098    .data               heap_4.o
    0x2000009c   0x08006898   0x0000000c   Data   RW         4154    .data               port.o
    0x200000a8   0x080068a4   0x00000009   Data   RW         4228    .data               canbus.o
    0x200000b1   0x080068ad   0x00000026   Data   RW         4275    .data               ref.o
    0x200000d7   0x080068d3   0x00000001   PAD
    0x200000d8   0x080068d4   0x00000002   Data   RW         4561    .data               crc8_crc16.o
    0x200000da   0x080068d6   0x00000020   Data   RW         4838    .data               infoproc.o
    0x200000fa   0x080068f6   0x00000002   PAD
    0x200000fc   0x080068f8   0x00000008   Data   RW         4906    .data               chasctrl.o
    0x20000104        -       0x00000050   Zero   RW          335    .bss                can.o
    0x20000154        -       0x000001a8   Zero   RW          408    .bss                usart.o
    0x200002fc        -       0x00000040   Zero   RW         2677    .bss                queue.o
    0x2000033c        -       0x000004c4   Zero   RW         3101    .bss                tasks.o
    0x20000800        -       0x00000118   Zero   RW         3432    .bss                timers.o
    0x20000918        -       0x000006b8   Zero   RW         3656    .bss                cmsis_os2.o
    0x20000fd0        -       0x00003c00   Zero   RW         4097    .bss                heap_4.o
    0x20004bd0        -       0x00000018   Zero   RW         4227    .bss                canbus.o
    0x20004be8        -       0x00000063   Zero   RW         4274    .bss                ref.o
    0x20004c4b   0x08006900   0x00000001   PAD
    0x20004c4c        -       0x00000310   Zero   RW         4902    .bss                chasctrl.o
    0x20004f5c        -       0x0000006c   Zero   RW         4904    .bss                chasctrl.o
    0x20004fc8        -       0x000008a1   Zero   RW         4964    .bss                refread.o
    0x20005869   0x08006900   0x00000003   PAD
    0x2000586c        -       0x00000010   Zero   RW         5013    .bss                scaps.o
    0x2000587c        -       0x0000003c   Zero   RW         5054    .bss                ui.o
    0x200058b8        -       0x00000060   Zero   RW         5342    .bss                c_w.l(libspace.o)
    0x20005918        -       0x00000200   Zero   RW            2    HEAP                startup_stm32f427xx.o
    0x20005b18        -       0x00000400   Zero   RW            1    STACK               startup_stm32f427xx.o


==============================================================================

Image component sizes


      Code (inc. data)   RO Data    RW Data    ZI Data      Debug   Object Name

       420         44          0          4         80       2622   can.o
       288         36          0          9         24       2199   canbus.o
       826         50          0          8        892       6090   chasctrl.o
       300         22          0          4       1720      64981   cmsis_os2.o
       170         16        768          2          0       3951   crc8_crc16.o
        92          4          0          0          0        874   dma.o
        88          0          0          0          0       1162   dma_bsp.o
         0          0          0          0          0      19620   event_groups.o
        70          0          0          0          0       8639   fifo.o
       114         30        237         20          0       2251   freertos.o
       180         14          0          0          0       1051   gpio.o
       472         24          0         32      15360       5075   heap_4.o
       530         20          0         32          0       5453   infoproc.o
       138          0          0          0          0       3750   list.o
       210         10          0          0          0     740865   main.o
       236         16          0          0          0       1716   motorlib.o
       558          4          0          0          0       1764   pid.o
       786         82          0         12          0      11921   port.o
      1514         20          0          0         64      17944   queue.o
       464         32          0         38         99       4373   ref.o
       336         32          0          0       2209       2876   refread.o
        58          0          0          0         16       1621   scaps.o
        64         26        428          0       1536        880   startup_stm32f427xx.o
       144         24          0         12          0       9157   stm32f4xx_hal.o
      1266          0          0          0          0      12321   stm32f4xx_hal_can.o
       198         14          0          0          0      34151   stm32f4xx_hal_cortex.o
      1084         16          8          0          0       7662   stm32f4xx_hal_dma.o
       600         60          0          0          0       3563   stm32f4xx_hal_gpio.o
        56          4          0          0          0        906   stm32f4xx_hal_msp.o
       112         14          0          0          0       1356   stm32f4xx_hal_pwr_ex.o
      1348         76          0          0          0       5448   stm32f4xx_hal_rcc.o
      1596         30          0          0          0      12798   stm32f4xx_hal_uart.o
       168         60          0          0          0       8050   stm32f4xx_it.o
         0          0          0          0          0        392   stream_buffer.o
        16          4         24          4          0       1211   system_stm32f4xx.o
      2084        168          0         60       1220      27812   tasks.o
       972         80          0         20        280      32719   timers.o
       640         28          0          0         60       3027   ui.o
       492         56          0          0        424       2852   usart.o

    ----------------------------------------------------------------------
     18740       1116       1504        260      23988    1075103   Object Totals
         0          0         32          0          0          0   (incl. Generated)
        50          0          7          3          4          0   (incl. Padding)

    ----------------------------------------------------------------------

      Code (inc. data)   RO Data    RW Data    ZI Data      Debug   Library Member Name

         8          0          0          0          0         68   __main.o
         0          0          0          0          0          0   __rtentry.o
        12          0          0          0          0          0   __rtentry2.o
         6          0          0          0          0          0   __rtentry4.o
        52          8          0          0          0          0   __scatter.o
        26          0          0          0          0          0   __scatter_copy.o
        28          0          0          0          0          0   __scatter_zi.o
        22          0          0          0          0        100   _rserrno.o
        16          0          0          0          0         68   aeabi_memset.o
        18          0          0          0          0         80   exit.o
         6          0          0          0          0        152   heapauxi.o
         0          0          0          0          0          0   indicate_semi.o
         2          0          0          0          0          0   libinit.o
         6          0          0          0          0          0   libinit2.o
         2          0          0          0          0          0   libshutdown.o
         2          0          0          0          0          0   libshutdown2.o
         8          4          0          0         96         68   libspace.o
       238          0          0          0          0        100   lludivv7m.o
         8          4          0          0          0         68   rt_errno_addr_intlibspace.o
        68          0          0          0          0         68   rt_memclr.o
        78          0          0          0          0         80   rt_memclr_w.o
       138          0          0          0          0         68   rt_memcpy_v6.o
       100          0          0          0          0         80   rt_memcpy_w.o
         2          0          0          0          0          0   rtexit.o
        10          0          0          0          0          0   rtexit2.o
        12          4          0          0          0         68   sys_exit.o
        74          0          0          0          0         80   sys_stackheap_outer.o
         2          0          0          0          0         68   use_no_semi.o
        24          0          0          0          0        164   basic.o
        98          4          0          0          0        140   d2f.o
       826         16          0          0          0        492   daddsub_clz.o
       688        140          0          0          0        256   ddiv.o
        94          4          0          0          0        140   dfix.o
        84          0          0          0          0        232   dflt_clz.o
       340         12          0          0          0        152   dmul.o
       156          4          0          0          0        140   dnaninf.o
        12          0          0          0          0        116   dretinf.o
        86          4          0          0          0        132   f2d.o
       140          4          0          0          0        132   fnaninf.o
        10          0          0          0          0        116   fpinit.o
        10          0          0          0          0        116   fretinf.o
         0          0          0          0          0          0   usenofp.o
       200         20          0          0          0        164   cos.o
       368         46         48          0          0        200   cos_i.o
        84         16          0          0          0        372   dunder.o
        24          0          0          0          0        124   fabs.o
        48          0          0          0          0        124   fpclassify.o
       248          0          0          0          0        152   poly.o
      1080        142        200          0          0        188   rred.o
       200         20          0          0          0        164   sin.o
       304         24         40          0          0        208   sin_i.o

    ----------------------------------------------------------------------
      6088        476        288          0         96       5240   Library Totals
        20          0          0          0          0          0   (incl. Padding)

    ----------------------------------------------------------------------

      Code (inc. data)   RO Data    RW Data    ZI Data      Debug   Library Name

       944         20          0          0         96       1216   c_w.l
      2568        188          0          0          0       2328   fz_wm.l
      2556        268        288          0          0       1696   m_wm.l

    ----------------------------------------------------------------------
      6088        476        288          0         96       5240   Library Totals

    ----------------------------------------------------------------------

==============================================================================


      Code (inc. data)   RO Data    RW Data    ZI Data      Debug   

     24828       1592       1792        260      24084    1058571   Grand Totals
     24828       1592       1792        260      24084    1058571   ELF Image Totals
     24828       1592       1792        260          0          0   ROM Totals

==============================================================================

    Total RO  Size (Code + RO Data)                26620 (  26.00kB)
    Total RW  Size (RW Data + ZI Data)             24344 (  23.77kB)
    Total ROM Size (Code + RO Data + RW Data)      26880 (  26.25kB)

==============================================================================

